******************************************************************************
             TMS320C2000 Linker PC v22.6.1                     
******************************************************************************
>> Linked Thu Jan 30 20:14:21 2025

OUTPUT FILE NAME:   <selfBalance.out>
ENTRY POINT SYMBOL: "code_start"  address: 00000000


MEMORY CONFIGURATION

         name            origin    length      used     unused   attr    fill
----------------------  --------  ---------  --------  --------  ----  --------
PAGE 0:
  BEGIN                 00000000   00000002  00000002  00000000  RWIX
  RAMM0                 00000123   000002dd  00000038  000002a5  RWIX
  RAMLS0                00008000   00000800  00000046  000007ba  RWIX
  RAMLS1                00008800   00000800  00000000  00000800  RWIX
  RAMLS2                00009000   00000800  00000000  00000800  RWIX
  RAMLS3                00009800   00000800  00000000  00000800  RWIX
  RAMLS4                0000a000   00000800  00000000  00000800  RWIX
  RAMD0                 0000b000   00000800  00000000  00000800  RWIX
  FLASHA                00080002   00001ffe  00000000  00001ffe  RWIX
  FLASHB                00082000   00002000  00000000  00002000  RWIX
  FLASHC                00084000   00002000  00000000  00002000  RWIX
  FLASHD                00086000   00002000  00000000  00002000  RWIX
  FLASHE                00088000   00008000  00000000  00008000  RWIX
  FLASHF                00090000   00008000  00000000  00008000  RWIX
  FLASHG                00098000   00008000  00000000  00008000  RWIX
  FLASHH                000a0000   00008000  00000000  00008000  RWIX
  FLASHI                000a8000   00008000  00000000  00008000  RWIX
  FLASHJ                000b0000   00008000  00000000  00008000  RWIX
  FLASHK                000b8000   00002000  00000000  00002000  RWIX
  FLASHL                000ba000   00002000  00000000  00002000  RWIX
  FLASHM                000bc000   00002000  00000000  00002000  RWIX
  FLASHN                000be000   00001ff0  00000000  00001ff0  RWIX
  RESET                 003fffc0   00000002  00000000  00000002  RWIX

PAGE 1:
  BOOT_RSVD             00000002   00000121  00000000  00000121  RWIX
  RAMM1                 00000400   000003f8  00000100  000002f8  RWIX
  RAMLS5                0000a800   00000800  00000774  0000008c  RWIX
  RAMD1                 0000b800   00000800  00000000  00000800  RWIX
  RAMGS0                0000c000   00001000  00000000  00001000  RWIX
  RAMGS1                0000d000   00001000  00000000  00001000  RWIX
  RAMGS2                0000e000   00001000  00000000  00001000  RWIX
  RAMGS3                0000f000   00001000  00001000  00000000  RWIX
  RAMGS4                00010000   00001000  00001000  00000000  RWIX
  RAMGS5                00011000   00001000  00000237  00000dc9  RWIX
  RAMGS6                00012000   00001000  00000000  00001000  RWIX
  RAMGS7                00013000   00001000  000004b0  00000b50  RWIX
  RAMGS8                00014000   00001000  00000000  00001000  RWIX
  RAMGS9                00015000   00001000  00000000  00001000  RWIX
  RAMGS10               00016000   00001000  00000000  00001000  RWIX
  RAMGS11               00017000   00001000  00000000  00001000  RWIX
  RAMGS12               00018000   00001000  00000000  00001000  RWIX
  RAMGS13               00019000   00001000  00000000  00001000  RWIX
  RAMGS14               0001a000   00001000  00000000  00001000  RWIX
  RAMGS15               0001b000   00000ff8  00000000  00000ff8  RWIX
  CPU2TOCPU1RAM         0003f800   00000400  00000000  00000400  RWIX
  CPU1TOCPU2RAM         0003fc00   00000400  00000000  00000400  RWIX
  CANA_MSG_RAM          00049000   00000800  00000000  00000800  RWIX
  CANB_MSG_RAM          0004b000   00000800  00000000  00000800  RWIX


SECTION ALLOCATION MAP

 output                                  attributes/
section   page    origin      length       input sections
--------  ----  ----------  ----------   ----------------
codestart 
*          0    00000000    00000002     
                  00000000    00000002     F2837xD_CodeStartBranch.obj (codestart)

.cinit     0    00000128    00000034     
                  00000128    00000022     (.cinit..data.load) [load image, compression = lzss]
                  0000014a    00000006     (__TI_handler_table)
                  00000150    00000004     (.cinit..bss.load) [load image, compression = zero_init]
                  00000154    00000008     (__TI_cinit_table)

.reset     0    003fffc0    00000000     DSECT

.data      0    00008000    00000046     UNINITIALIZED
                  00008000    00000036     selfbalance.obj (.data)
                  00008036    00000006     device.obj (.data)
                  0000803c    00000002     rts2800_fpu32_eabi.lib : _lock.c.obj (.data:_lock)
                  0000803e    00000001                            : errno.c.obj (.data)
                  0000803f    00000001     --HOLE--
                  00008040    00000006                            : exit.c.obj (.data)

.stack     1    00000400    00000100     UNINITIALIZED
                  00000400    00000100     --HOLE--

.bss       1    0000a800    00000774     UNINITIALIZED
                  0000a800    00000190     selfbalance.obj (.bss:dbuffChan1)
                  0000a990    00000190     selfbalance.obj (.bss:dbuffChan2)
                  0000ab20    00000190     selfbalance.obj (.bss:dbuffChan3)
                  0000acb0    00000190     selfbalance.obj (.bss:dbuffChan4)
                  0000ae40    00000134     selfbalance.obj (.bss)

.init_array 
*          0    00000123    00000000     UNINITIALIZED

.const     1    00013000    000004b0     
                  00013000    000000cc     <whole-program> (.const:.string)
                  000130cc    000000c2     driverlib_eabi.lib : sysctl.obj (.const:.string)
                  0001318e    000000bc                        : gpio.obj (.const:.string)
                  0001324a    000000bb                        : sci.obj (.const:.string)
                  00013305    00000001     --HOLE-- [fill = 0]
                  00013306    00000078     IMU6050_Elon.obj (.const:.string)
                  0001337e    00000062     driverlib_eabi.lib : cputimer.obj (.const:.string)
                  000133e0    0000005e                        : eqep.obj (.const:.string)
                  0001343e    0000005d                        : i2c.obj (.const:.string)
                  0001349b    00000001     --HOLE-- [fill = 0]
                  0001349c    00000010     <whole-program> (.const)
                  000134ac    00000004     rts2800_fpu32_eabi.lib : e_asinf.c.obj (.const)

.TI.ramfunc 
*          0    00000123    00000004     
                  00000123    00000004     driverlib_eabi.lib : sysctl.obj (.TI.ramfunc)

GETBUFFER 
*          0    0003f800    00000000     DSECT

GETWRITEIDX 
*          0    0003f800    00000000     DSECT

PUTREADIDX 
*          0    0003f800    00000000     DSECT

.text.1    1    0000f000    00001000     
                  0000f000    000003f6     board.obj (.text)
                  0000f3f6    000003e7     hal.obj (.text)
                  0000f7dd    0000036f     IMU6050_Elon.obj (.text)
                  0000fb4c    00000357     device.obj (.text)
                  0000fea3    00000131     selfbalance.obj (.text:retain)
                  0000ffd4    0000002b     rts2800_fpu32_eabi.lib : autoinit.c.obj (.text:__TI_auto_init_nobinit_nopinit)
                  0000ffff    00000001     c2000ware_libraries.obj (.text)

.text.2    1    00010000    00001000     
                  00010000    00000209     driverlib_eabi.lib : sysctl.obj (.text:SysCtl_setClock)
                  00010209    00000166     selfbalance.obj (.text)
                  0001036f    000000f8     PID_Elon.obj (.text)
                  00010467    000000f5     rts2800_fpu32_eabi.lib : e_asinf.c.obj (.text)
                  0001055c    000000de                            : e_sqrt.c.obj (.text)
                  0001063a    000000c9     flightmointor.obj (.text)
                  00010703    0000009c     rts2800_fpu32_eabi.lib : fd_add28.asm.obj (.text)
                  0001079f    00000090     driverlib_eabi.lib : sysctl.obj (.text:SysCtl_selectXTAL)
                  0001082f    00000088     rts2800_fpu32_eabi.lib : fs_div28.asm.obj (.text)
                  000108b7    00000083     DLOG_4CH_F.obj (.text)
                  0001093a    00000083     rts2800_fpu32_eabi.lib : fd_mpy28.asm.obj (.text)
                  000109bd    00000068     driverlib_eabi.lib : sysctl.obj (.text:SysCtl_getDeviceParametric)
                  00010a25    00000064                        : i2c.obj (.text:I2C_initController)
                  00010a89    00000060     rts2800_fpu32_eabi.lib : s_tanf.c.obj (.text)
                  00010ae9    00000052     driverlib_eabi.lib : gpio.obj (.text:GPIO_setPadConfig)
                  00010b3b    00000051                        : sysctl.obj (.text:SysCtl_getClock)
                  00010b8c    00000048                        : sysctl.obj (.text:SysCtl_selectOscSource)
                  00010bd4    00000045                        : sci.obj (.text:SCI_clearInterruptStatus)
                  00010c19    00000043                        : eqep.obj (.text:EQEP_setInputPolarity)
                  00010c5c    00000041                        : sci.obj (.text:SCI_writeCharArray)
                  00010c9d    0000003e                        : sci.obj (.text:SCI_setConfig)
                  00010cdb    0000003d                        : interrupt.obj (.text:Interrupt_initModule)
                  00010d18    00000037                        : gpio.obj (.text:GPIO_setControllerCore)
                  00010d4f    00000037                        : gpio.obj (.text:GPIO_setPinConfig)
                  00010d86    00000037                        : gpio.obj (.text:GPIO_setQualificationMode)
                  00010dbd    00000037                        : interrupt.obj (.text:Interrupt_enable)
                  00010df4    00000034                        : gpio.obj (.text:GPIO_setInterruptPin)
                  00010e28    00000031                        : gpio.obj (.text:GPIO_setDirectionMode)
                  00010e59    00000030     rts2800_fpu32_eabi.lib : copy_decompress_lzss.c.obj (.text:decompress:lzss)
                  00010e89    0000002a                            : fd_cmp28.asm.obj (.text)
                  00010eb3    0000002a                            : l_div28.asm.obj (.text)
                  00010edd    00000029                            : exit.c.obj (.text)
                  00010f06    00000028     driverlib_eabi.lib : sysctl.obj (.text:CPUTimer_selectClockSource)
                  00010f2e    00000023     rts2800_fpu32_eabi.lib : fd_tofsfpu32.asm.obj (.text)
                  00010f51    00000020     driverlib_eabi.lib : sci.obj (.text:SCI_isFIFOEnabled)
                  00010f71    0000001f                        : sysctl.obj (.text:CPUTimer_getTimerOverflowStatus)
                  00010f90    0000001e                        : interrupt.obj (.text:Interrupt_initVectorTable)
                  00010fae    0000001c     rts2800_fpu32_eabi.lib : fs_tofdfpu32.asm.obj (.text)
                  00010fca    0000001c                            : memcpy.c.obj (.text)
                  00010fe6    0000001a     driverlib_eabi.lib : sysctl.obj (.text:CPUTimer_startTimer)

.text.3    1    00011000    00000237     
                  00011000    0000001b     driverlib_eabi.lib : sci.obj (.text:SCI_isBaseValid)
                  0001101b    0000001a                        : sci.obj (.text:SCI_isSpaceAvailableNonFIFO)
                  00011035    0000001a                        : sysctl.obj (.text:SysCtl_getLowSpeedClock)
                  0001104f    00000018                        : sci.obj (.text:SCI_disableModule)
                  00011067    00000018                        : sci.obj (.text:SCI_performSoftwareReset)
                  0001107f    00000017                        : cputimer.obj (.text:CPUTimer_isBaseValid)
                  00011096    00000017                        : sysctl.obj (.text:CPUTimer_isBaseValid)
                  000110ad    00000017                        : eqep.obj (.text:EQEP_isBaseValid)
                  000110c4    00000017     rts2800_fpu32_eabi.lib : boot28.asm.obj (.text)
                  000110db    00000016     driverlib_eabi.lib : interrupt.obj (.text:Interrupt_defaultHandler)
                  000110f1    00000016                        : gpio.obj (.text:XBAR_setInputPin)
                  00011107    00000014                        : sysctl.obj (.text:CPUTimer_stopTimer)
                  0001111b    00000014                        : sci.obj (.text:SCI_getTxFIFOStatus)
                  0001112f    00000013                        : cputimer.obj (.text:CPUTimer_setEmulationMode)
                  00011142    00000013                        : i2c.obj (.text:I2C_isBaseValid)
                  00011155    00000013                        : sci.obj (.text:SCI_enableModule)
                  00011168    00000012                        : sysctl.obj (.text:CPUTimer_clearOverflowFlag)
                  0001117a    00000012                        : sysctl.obj (.text:CPUTimer_disableInterrupt)
                  0001118c    00000011                        : sysctl.obj (.text:CPUTimer_setPeriod)
                  0001119d    0000000f                        : sysctl.obj (.text:SysCtl_pollCpuTimer)
                  000111ac    0000000e                        : gpio.obj (.text:GPIO_isPinValid)
                  000111ba    0000000e     rts2800_fpu32_eabi.lib : fd_sub28.asm.obj (.text)
                  000111c8    0000000d     driverlib_eabi.lib : interrupt.obj (.text:Interrupt_disableGlobal)
                  000111d5    0000000d                        : interrupt.obj (.text:Interrupt_enableGlobal)
                  000111e2    0000000c     rts2800_fpu32_eabi.lib : args_main.c.obj (.text)
                  000111ee    0000000b     driverlib_eabi.lib : sysctl.obj (.text:SysCtl_isMCDClockFailureDetected)
                  000111f9    0000000a                        : interrupt.obj (.text:Interrupt_illegalOperationHandler)
                  00011203    0000000a                        : interrupt.obj (.text:Interrupt_nmiHandler)
                  0001120d    00000009                        : sysctl.obj (.text:SysCtl_serviceWatchdog)
                  00011216    00000008     F2837xD_CodeStartBranch.obj (.text)
                  0001121e    00000008     rts2800_fpu32_eabi.lib : copy_decompress_none.c.obj (.text:decompress:none)
                  00011226    00000007     driverlib_eabi.lib : sysctl.obj (.text:SysCtl_resetMCD)
                  0001122d    00000006     rts2800_fpu32_eabi.lib : copy_zero_init.c.obj (.text:decompress:ZI)
                  00011233    00000002                            : pre_init.c.obj (.text)
                  00011235    00000001                            : _lock.c.obj (.text)
                  00011236    00000001                            : startup.c.obj (.text)

MODULE SUMMARY

       Module                                   code   ro data   rw data
       ------                                   ----   -------   -------
    .\
       selfbalance.obj                          663    0         1962   
    +--+----------------------------------------+------+---------+---------+
       Total:                                   663    0         1962   
                                                                        
    .\HAL\
       hal.obj                                  999    0         0      
       DLOG_4CH_F.obj                           131    0         0      
    +--+----------------------------------------+------+---------+---------+
       Total:                                   1130   0         0      
                                                                        
    .\device\
       device.obj                               855    0         6      
       F2837xD_CodeStartBranch.obj              10     0         0      
    +--+----------------------------------------+------+---------+---------+
       Total:                                   865    0         6      
                                                                        
    .\pid\
       PID_Elon.obj                             248    0         0      
    +--+----------------------------------------+------+---------+---------+
       Total:                                   248    0         0      
                                                                        
    .\sensorFusion\
       IMU6050_Elon.obj                         879    120       0      
       flightmointor.obj                        201    0         0      
    +--+----------------------------------------+------+---------+---------+
       Total:                                   1080   120       0      
                                                                        
    .\syscfg\
       board.obj                                1014   0         0      
       c2000ware_libraries.obj                  1      0         0      
    +--+----------------------------------------+------+---------+---------+
       Total:                                   1015   0         0      
                                                                        
    C:\Users\yao19\AppData\Local\Temp\
       {E7624E52-4D71-4BF5-AB8C-C8C0BF53C6AE}   0      220       0      
    +--+----------------------------------------+------+---------+---------+
       Total:                                   0      220       0      
                                                                        
    C:\ti\c2000\C2000Ware_5_04_00_00\driverlib\f2837xd\driverlib\ccs\Debug\driverlib_eabi.lib
       sysctl.obj                               1187   194       0      
       gpio.obj                                 384    188       0      
       sci.obj                                  368    187       0      
       interrupt.obj                            214    0         0      
       i2c.obj                                  119    93        0      
       eqep.obj                                 90     94        0      
       cputimer.obj                             42     98        0      
    +--+----------------------------------------+------+---------+---------+
       Total:                                   2404   854       0      
                                                                        
    C:\ti\ccs1281\ccs\tools\compiler\ti-cgt-c2000_22.6.1.LTS\lib\rts2800_fpu32_eabi.lib
       e_asinf.c.obj                            245    4         0      
       e_sqrt.c.obj                             222    0         0      
       fd_add28.asm.obj                         156    0         0      
       fs_div28.asm.obj                         136    0         0      
       fd_mpy28.asm.obj                         131    0         0      
       s_tanf.c.obj                             96     0         0      
       copy_decompress_lzss.c.obj               48     0         0      
       exit.c.obj                               41     0         6      
       autoinit.c.obj                           43     0         0      
       fd_cmp28.asm.obj                         42     0         0      
       l_div28.asm.obj                          42     0         0      
       fd_tofsfpu32.asm.obj                     35     0         0      
       fs_tofdfpu32.asm.obj                     28     0         0      
       memcpy.c.obj                             28     0         0      
       boot28.asm.obj                           23     0         0      
       fd_sub28.asm.obj                         14     0         0      
       args_main.c.obj                          12     0         0      
       copy_decompress_none.c.obj               8      0         0      
       copy_zero_init.c.obj                     6      0         0      
       _lock.c.obj                              1      0         2      
       pre_init.c.obj                           2      0         0      
       errno.c.obj                              0      0         1      
       startup.c.obj                            1      0         0      
    +--+----------------------------------------+------+---------+---------+
       Total:                                   1360   4         9      
                                                                        
       Stack:                                   0      0         256    
       Linker Generated:                        0      52        0      
    +--+----------------------------------------+------+---------+---------+
       Grand Total:                             8765   1250      2233   


LINKER GENERATED COPY TABLES

__TI_cinit_table @ 00000154 records: 2, size/record: 4, table size: 8
	.data: load addr=00000128, load size=00000022 bytes, run addr=00008000, run size=00000046 bytes, compression=lzss
	.bss: load addr=00000150, load size=00000004 bytes, run addr=0000a800, run size=00000774 bytes, compression=zero_init


LINKER GENERATED HANDLER TABLE

__TI_handler_table @ 0000014a records: 3, size/record: 2, table size: 6
	index: 0, handler: __TI_zero_init
	index: 1, handler: __TI_decompress_lzss
	index: 2, handler: __TI_decompress_none


GLOBAL DATA SYMBOLS: SORTED BY DATA PAGE

address     data page           name
--------    ----------------    ----
00000400      10 (00000400)     __stack

00008000     200 (00008000)     speedRamp
0000800e     200 (00008000)     speedController
00008036     200 (00008000)     Example_Result
00008038     200 (00008000)     Example_PassCount
0000803a     200 (00008000)     Example_Fail
0000803c     200 (00008000)     _lock
0000803e     200 (00008000)     errno

00008040     201 (00008040)     __TI_enable_exit_profile_output
00008042     201 (00008040)     __TI_cleanup_ptr
00008044     201 (00008040)     __TI_dtors_ptr

0000a800     2a0 (0000a800)     dbuffChan1

0000a990     2a6 (0000a980)     dbuffChan2

0000ab20     2ac (0000ab00)     dbuffChan3

0000acb0     2b2 (0000ac80)     dbuffChan4

0000ae40     2b9 (0000ae40)     motor1Handle
0000ae42     2b9 (0000ae40)     motor2Handle
0000ae44     2b9 (0000ae40)     imu1Handle
0000ae46     2b9 (0000ae40)     vehicle1handle
0000ae48     2b9 (0000ae40)     eqepMotorAHandle
0000ae4a     2b9 (0000ae40)     eqepMotorBHandle
0000ae4c     2b9 (0000ae40)     steeringHandle
0000ae4e     2b9 (0000ae40)     dlogChan1
0000ae50     2b9 (0000ae40)     dlogChan2
0000ae52     2b9 (0000ae40)     dlogChan3
0000ae54     2b9 (0000ae40)     dlogChan4
0000ae56     2b9 (0000ae40)     motor1
0000ae64     2b9 (0000ae40)     motor2
0000ae72     2b9 (0000ae40)     eqepMotorA

0000ae80     2ba (0000ae80)     eqepMotorB
0000ae8e     2ba (0000ae80)     dlog_4ch1

0000aec0     2bb (0000aec0)     vehicle1

0000af00     2bc (0000af00)     steeringPID

0000af40     2bd (0000af40)     imu1


GLOBAL SYMBOLS: SORTED ALPHABETICALLY BY Name 

page  address   name                                     
----  -------   ----                                     
1     0000f32c  Board_init                               
1     00010edd  C$$EXIT                                  
1     0000ffff  C2000Ware_libraries_init                 
1     0001112f  CPUTimer_setEmulationMode                
1     000108d6  DLOG_4CH_F_FUNC                          
1     000108b7  DLOG_4CH_F_init                          
1     0000f2c3  Data_output_init                         
1     0000fd32  Device_bootCPU2                          
1     0000fbc8  Device_configureTMXAnalogTrim            
1     0000fbfb  Device_enableAllPeripherals              
1     0000fb8a  Device_enableUnbondedGPIOPullups         
1     0000fb6d  Device_enableUnbondedGPIOPullupsFor100Pin
1     0000fb5a  Device_enableUnbondedGPIOPullupsFor176Pin
1     0000fcd9  Device_init                              
1     0000fbaa  Device_initGPIO                          
1     0000f0f5  EPWM_init                                
1     0000f1b1  EQEP_motorA_init                         
1     0000f212  EQEP_motorB_init                         
1     00010c19  EQEP_setInputPolarity                    
0     0000803a  Example_Fail                             
0     00008038  Example_PassCount                        
0     00008036  Example_Result                           
1     0000fb59  Example_done                             
1     0000fb54  Example_setResultFail                    
1     0000fb4f  Example_setResultPass                    
1     00010d18  GPIO_setControllerCore                   
1     00010e28  GPIO_setDirectionMode                    
1     00010df4  GPIO_setInterruptPin                     
1     00010ae9  GPIO_setPadConfig                        
1     00010d4f  GPIO_setPinConfig                        
1     00010d86  GPIO_setQualificationMode                
1     0000f79d  HAL_balanceControl                       
1     0000f789  HAL_fallDetection                        
1     0000f772  HAL_hoverDetection                       
1     0000f759  HAL_quadratureEncoderInit                
1     0000f6e6  HAL_speedCalculation                     
1     0000f6ae  HAL_vehicleInit                          
1     0000f65a  HAL_vehicleRun                           
1     00010a25  I2C_initController                       
1     0000f7f2  IMURead                                  
1     0000f8e0  IMUWrite                                 
1     0000f273  IMU_6050_init                            
1     0000ff7e  INT_EQEP_motorA_ISR                      
1     0000ff22  INT_EQEP_motorB_ISR                      
1     0000fea3  INT_IMU_data_Ready_XINT_ISR              
1     000110db  Interrupt_defaultHandler                 
1     00010dbd  Interrupt_enable                         
1     000111f9  Interrupt_illegalOperationHandler        
1     00010cdb  Interrupt_initModule                     
1     00010f90  Interrupt_initVectorTable                
1     00011203  Interrupt_nmiHandler                     
1     0000faea  MPU6050init                              
1     0000fa65  MPU_dataProcessing                       
1     0000f000  PinMux_init                              
1     00010bd4  SCI_clearInterruptStatus                 
1     00010c9d  SCI_setConfig                            
1     00010c5c  SCI_writeCharArray                       
0     00000123  SysCtl_delay                             
1     00010b3b  SysCtl_getClock                          
1     000109bd  SysCtl_getDeviceParametric               
1     00011035  SysCtl_getLowSpeedClock                  
1     00010b8c  SysCtl_selectOscSource                   
1     0001079f  SysCtl_selectXTAL                        
1     00010000  SysCtl_setClock                          
1     0001063a  UART1ByteWrite                           
0     00000154  __TI_CINIT_Base                          
0     0000015c  __TI_CINIT_Limit                         
0     0000015c  __TI_CINIT_Warm                          
0     0000014a  __TI_Handler_Table_Base                  
0     00000150  __TI_Handler_Table_Limit                 
1     00000500  __TI_STACK_END                           
abs   00000100  __TI_STACK_SIZE                          
1     0000ffd4  __TI_auto_init_nobinit_nopinit           
0     00008042  __TI_cleanup_ptr                         
1     00010e59  __TI_decompress_lzss                     
1     0001121e  __TI_decompress_none                     
0     00008044  __TI_dtors_ptr                           
0     00008040  __TI_enable_exit_profile_output          
abs   ffffffff  __TI_pprof_out_hndl                      
abs   ffffffff  __TI_prof_data_size                      
abs   ffffffff  __TI_prof_data_start                     
1     0001122d  __TI_zero_init                           
1     00010703  __c28xabi_addd                           
1     00010e89  __c28xabi_cmpd                           
1     0001082f  __c28xabi_divf                           
1     00010eb3  __c28xabi_divl                           
1     00010ed0  __c28xabi_divul                          
1     00010f2e  __c28xabi_dtof                           
1     00010fae  __c28xabi_ftod                           
1     00010ec2  __c28xabi_modl                           
1     00010ed7  __c28xabi_modul                          
1     0001093a  __c28xabi_mpyd                           
1     000111ba  __c28xabi_subd                           
n/a   UNDEFED   __c_args__                               
1     0000fb4c  __error__                                
1     00000400  __stack                                  
1     000111e2  _args_main                               
1     000110c4  _c_int00                                 
0     0000803c  _lock                                    
1     00011235  _nop                                     
1     00011236  _system_post_cinit                       
1     00011233  _system_pre_init                         
1     00010edd  abort                                    
1     00010467  asinf                                    
1     0000fa43  checkAttendence                          
0     00000000  code_start                               
1     0000f94a  complemenaryEuler                        
1     00010643  data_print                               
1     0000a800  dbuffChan1                               
1     0000a990  dbuffChan2                               
1     0000ab20  dbuffChan3                               
1     0000acb0  dbuffChan4                               
1     0000f929  deviceReset                              
1     0000ae4e  dlogChan1                                
1     0000ae50  dlogChan2                                
1     0000ae52  dlogChan3                                
1     0000ae54  dlogChan4                                
1     0000ae8e  dlog_4ch1                                
1     0000ae72  eqepMotorA                               
1     0000ae48  eqepMotorAHandle                         
1     0000ae80  eqepMotorB                               
1     0000ae4a  eqepMotorBHandle                         
0     0000803e  errno                                    
1     00010edf  exit                                     
1     0000f0c4  filterTimer_init                         
1     0000f854  getGAdata_floating                       
1     0000af40  imu1                                     
1     0000ae44  imu1Handle                               
1     00010209  main                                     
1     00010fca  memcpy                                   
1     0000ae56  motor1                                   
1     0000ae40  motor1Handle                             
1     0000ae64  motor2                                   
1     0000ae42  motor2Handle                             
1     0000f480  motorInit                                
1     0000f488  motorRun                                 
1     0000f3f8  motorSetDutyCycle                        
1     0000f3f6  motorSetStatus                           
1     000103e2  pidControllerInit                        
1     0000f7dd  setOffset                                
0     0000800e  speedController                          
0     00008000  speedRamp                                
1     0001055c  sqrt                                     
1     0001055c  sqrtl                                    
1     0000ae4c  steeringHandle                           
1     0000af00  steeringPID                              
1     00010a89  tanf                                     
1     0001036f  updatePIDcontroller                      
1     0000aec0  vehicle1                                 
1     0000ae46  vehicle1handle                           


GLOBAL SYMBOLS: SORTED BY Symbol Address 

page  address   name                                     
----  -------   ----                                     
0     00000000  code_start                               
0     00000123  SysCtl_delay                             
0     0000014a  __TI_Handler_Table_Base                  
0     00000150  __TI_Handler_Table_Limit                 
0     00000154  __TI_CINIT_Base                          
0     0000015c  __TI_CINIT_Limit                         
0     0000015c  __TI_CINIT_Warm                          
0     00008000  speedRamp                                
0     0000800e  speedController                          
0     00008036  Example_Result                           
0     00008038  Example_PassCount                        
0     0000803a  Example_Fail                             
0     0000803c  _lock                                    
0     0000803e  errno                                    
0     00008040  __TI_enable_exit_profile_output          
0     00008042  __TI_cleanup_ptr                         
0     00008044  __TI_dtors_ptr                           
1     00000400  __stack                                  
1     00000500  __TI_STACK_END                           
1     0000a800  dbuffChan1                               
1     0000a990  dbuffChan2                               
1     0000ab20  dbuffChan3                               
1     0000acb0  dbuffChan4                               
1     0000ae40  motor1Handle                             
1     0000ae42  motor2Handle                             
1     0000ae44  imu1Handle                               
1     0000ae46  vehicle1handle                           
1     0000ae48  eqepMotorAHandle                         
1     0000ae4a  eqepMotorBHandle                         
1     0000ae4c  steeringHandle                           
1     0000ae4e  dlogChan1                                
1     0000ae50  dlogChan2                                
1     0000ae52  dlogChan3                                
1     0000ae54  dlogChan4                                
1     0000ae56  motor1                                   
1     0000ae64  motor2                                   
1     0000ae72  eqepMotorA                               
1     0000ae80  eqepMotorB                               
1     0000ae8e  dlog_4ch1                                
1     0000aec0  vehicle1                                 
1     0000af00  steeringPID                              
1     0000af40  imu1                                     
1     0000f000  PinMux_init                              
1     0000f0c4  filterTimer_init                         
1     0000f0f5  EPWM_init                                
1     0000f1b1  EQEP_motorA_init                         
1     0000f212  EQEP_motorB_init                         
1     0000f273  IMU_6050_init                            
1     0000f2c3  Data_output_init                         
1     0000f32c  Board_init                               
1     0000f3f6  motorSetStatus                           
1     0000f3f8  motorSetDutyCycle                        
1     0000f480  motorInit                                
1     0000f488  motorRun                                 
1     0000f65a  HAL_vehicleRun                           
1     0000f6ae  HAL_vehicleInit                          
1     0000f6e6  HAL_speedCalculation                     
1     0000f759  HAL_quadratureEncoderInit                
1     0000f772  HAL_hoverDetection                       
1     0000f789  HAL_fallDetection                        
1     0000f79d  HAL_balanceControl                       
1     0000f7dd  setOffset                                
1     0000f7f2  IMURead                                  
1     0000f854  getGAdata_floating                       
1     0000f8e0  IMUWrite                                 
1     0000f929  deviceReset                              
1     0000f94a  complemenaryEuler                        
1     0000fa43  checkAttendence                          
1     0000fa65  MPU_dataProcessing                       
1     0000faea  MPU6050init                              
1     0000fb4c  __error__                                
1     0000fb4f  Example_setResultPass                    
1     0000fb54  Example_setResultFail                    
1     0000fb59  Example_done                             
1     0000fb5a  Device_enableUnbondedGPIOPullupsFor176Pin
1     0000fb6d  Device_enableUnbondedGPIOPullupsFor100Pin
1     0000fb8a  Device_enableUnbondedGPIOPullups         
1     0000fbaa  Device_initGPIO                          
1     0000fbc8  Device_configureTMXAnalogTrim            
1     0000fbfb  Device_enableAllPeripherals              
1     0000fcd9  Device_init                              
1     0000fd32  Device_bootCPU2                          
1     0000fea3  INT_IMU_data_Ready_XINT_ISR              
1     0000ff22  INT_EQEP_motorB_ISR                      
1     0000ff7e  INT_EQEP_motorA_ISR                      
1     0000ffd4  __TI_auto_init_nobinit_nopinit           
1     0000ffff  C2000Ware_libraries_init                 
1     00010000  SysCtl_setClock                          
1     00010209  main                                     
1     0001036f  updatePIDcontroller                      
1     000103e2  pidControllerInit                        
1     00010467  asinf                                    
1     0001055c  sqrt                                     
1     0001055c  sqrtl                                    
1     0001063a  UART1ByteWrite                           
1     00010643  data_print                               
1     00010703  __c28xabi_addd                           
1     0001079f  SysCtl_selectXTAL                        
1     0001082f  __c28xabi_divf                           
1     000108b7  DLOG_4CH_F_init                          
1     000108d6  DLOG_4CH_F_FUNC                          
1     0001093a  __c28xabi_mpyd                           
1     000109bd  SysCtl_getDeviceParametric               
1     00010a25  I2C_initController                       
1     00010a89  tanf                                     
1     00010ae9  GPIO_setPadConfig                        
1     00010b3b  SysCtl_getClock                          
1     00010b8c  SysCtl_selectOscSource                   
1     00010bd4  SCI_clearInterruptStatus                 
1     00010c19  EQEP_setInputPolarity                    
1     00010c5c  SCI_writeCharArray                       
1     00010c9d  SCI_setConfig                            
1     00010cdb  Interrupt_initModule                     
1     00010d18  GPIO_setControllerCore                   
1     00010d4f  GPIO_setPinConfig                        
1     00010d86  GPIO_setQualificationMode                
1     00010dbd  Interrupt_enable                         
1     00010df4  GPIO_setInterruptPin                     
1     00010e28  GPIO_setDirectionMode                    
1     00010e59  __TI_decompress_lzss                     
1     00010e89  __c28xabi_cmpd                           
1     00010eb3  __c28xabi_divl                           
1     00010ec2  __c28xabi_modl                           
1     00010ed0  __c28xabi_divul                          
1     00010ed7  __c28xabi_modul                          
1     00010edd  C$$EXIT                                  
1     00010edd  abort                                    
1     00010edf  exit                                     
1     00010f2e  __c28xabi_dtof                           
1     00010f90  Interrupt_initVectorTable                
1     00010fae  __c28xabi_ftod                           
1     00010fca  memcpy                                   
1     00011035  SysCtl_getLowSpeedClock                  
1     000110c4  _c_int00                                 
1     000110db  Interrupt_defaultHandler                 
1     0001112f  CPUTimer_setEmulationMode                
1     000111ba  __c28xabi_subd                           
1     000111e2  _args_main                               
1     000111f9  Interrupt_illegalOperationHandler        
1     00011203  Interrupt_nmiHandler                     
1     0001121e  __TI_decompress_none                     
1     0001122d  __TI_zero_init                           
1     00011233  _system_pre_init                         
1     00011235  _nop                                     
1     00011236  _system_post_cinit                       
abs   00000100  __TI_STACK_SIZE                          
abs   ffffffff  __TI_pprof_out_hndl                      
abs   ffffffff  __TI_prof_data_size                      
abs   ffffffff  __TI_prof_data_start                     
n/a   UNDEFED   __c_args__                               

[150 symbols]
