******************************************************************************
             TMS320C2000 Linker PC v22.6.1                     
******************************************************************************
>> Linked Wed Feb  5 19:26:01 2025

OUTPUT FILE NAME:   <selfBalance.out>
ENTRY POINT SYMBOL: "code_start"  address: 00000000


MEMORY CONFIGURATION

         name            origin    length      used     unused   attr    fill
----------------------  --------  ---------  --------  --------  ----  --------
PAGE 0:
  BEGIN                 00000000   00000002  00000002  00000000  RWIX
  RAMM0                 00000123   000002dd  00000032  000002ab  RWIX
  RAMLS0                00008000   00000800  0000001d  000007e3  RWIX
  RAMLS1                00008800   00000800  00000000  00000800  RWIX
  RAMLS2                00009000   00000800  000006a4  0000015c  RWIX
  RAMLS3                00009800   00000800  00000190  00000670  RWIX
  RAMLS4                0000a000   00000800  00000000  00000800  RWIX
  RAMD0                 0000b000   00000800  00000000  00000800  RWIX
  FLASHA                00080002   00001ffe  00000000  00001ffe  RWIX
  FLASHB                00082000   00002000  00000000  00002000  RWIX
  FLASHC                00084000   00002000  00000000  00002000  RWIX
  FLASHD                00086000   00002000  00000000  00002000  RWIX
  FLASHE                00088000   00008000  00000000  00008000  RWIX
  FLASHF                00090000   00008000  00000000  00008000  RWIX
  FLASHG                00098000   00008000  00000000  00008000  RWIX
  FLASHH                000a0000   00008000  00000000  00008000  RWIX
  FLASHI                000a8000   00008000  00000000  00008000  RWIX
  FLASHJ                000b0000   00008000  00000000  00008000  RWIX
  FLASHK                000b8000   00002000  00000000  00002000  RWIX
  FLASHL                000ba000   00002000  00000000  00002000  RWIX
  FLASHM                000bc000   00002000  00000000  00002000  RWIX
  FLASHN                000be000   00001ff0  00000000  00001ff0  RWIX
  RESET                 003fffc0   00000002  00000000  00000002  RWIX

PAGE 1:
  BOOT_RSVD             00000002   00000121  00000000  00000121  RWIX
  RAMM1                 00000400   000003f8  00000100  000002f8  RWIX
  RAMLS5                0000a800   00000800  000004b0  00000350  RWIX
  RAMD1                 0000b800   00000800  00000000  00000800  RWIX
  RAMGS0                0000c000   00001000  00000000  00001000  RWIX
  RAMGS1                0000d000   00001000  00000000  00001000  RWIX
  RAMGS2                0000e000   00001000  00000000  00001000  RWIX
  RAMGS3                0000f000   00001000  00001000  00000000  RWIX
  RAMGS4                00010000   00001000  00001000  00000000  RWIX
  RAMGS5                00011000   00001000  00000104  00000efc  RWIX
  RAMGS6                00012000   00001000  00000000  00001000  RWIX
  RAMGS7                00013000   00001000  00000000  00001000  RWIX
  RAMGS8                00014000   00001000  00000000  00001000  RWIX
  RAMGS9                00015000   00001000  00000000  00001000  RWIX
  RAMGS10               00016000   00001000  00000000  00001000  RWIX
  RAMGS11               00017000   00001000  00000000  00001000  RWIX
  RAMGS12               00018000   00001000  00000000  00001000  RWIX
  RAMGS13               00019000   00001000  00000000  00001000  RWIX
  RAMGS14               0001a000   00001000  00000000  00001000  RWIX
  RAMGS15               0001b000   00000ff8  00000000  00000ff8  RWIX
  CPU2TOCPU1RAM         0003f800   00000400  00000000  00000400  RWIX
  CPU1TOCPU2RAM         0003fc00   00000400  00000000  00000400  RWIX
  CANA_MSG_RAM          00049000   00000800  00000000  00000800  RWIX
  CANB_MSG_RAM          0004b000   00000800  00000000  00000800  RWIX


SECTION ALLOCATION MAP

 output                                  attributes/
section   page    origin      length       input sections
--------  ----  ----------  ----------   ----------------
codestart 
*          0    00000000    00000002     
                  00000000    00000002     F2837xD_CodeStartBranch.obj (codestart)

.cinit     0    00000128    0000002e     
                  00000128    00000014     (.cinit..data.load) [load image, compression = lzss]
                  0000013c    00000006     (__TI_handler_table)
                  00000142    00000004     (.cinit..bss.1.load) [load image, compression = zero_init]
                  00000146    00000004     (.cinit..bss.2.load) [load image, compression = zero_init]
                  0000014a    0000000c     (__TI_cinit_table)

.reset     0    003fffc0    00000000     DSECT

.stack     1    00000400    00000100     UNINITIALIZED
                  00000400    00000100     --HOLE--

.init_array 
*          0    00000123    00000000     UNINITIALIZED

.data      0    00008000    0000001d     UNINITIALIZED
                  00008000    0000000e     selfbalance.obj (.data)
                  0000800e    00000006     device.obj (.data)
                  00008014    00000006     rts2800_fpu32_eabi.lib : exit.c.obj (.data)
                  0000801a    00000002                            : _lock.c.obj (.data:_lock)
                  0000801c    00000001                            : errno.c.obj (.data)

.const     1    0000a800    000004b0     
                  0000a800    000000cc     <whole-program> (.const:.string)
                  0000a8cc    000000c2     driverlib_eabi.lib : sysctl.obj (.const:.string)
                  0000a98e    000000bc                        : gpio.obj (.const:.string)
                  0000aa4a    000000bb                        : sci.obj (.const:.string)
                  0000ab05    00000001     --HOLE-- [fill = 0]
                  0000ab06    00000078     IMU6050_Elon.obj (.const:.string)
                  0000ab7e    00000062     driverlib_eabi.lib : cputimer.obj (.const:.string)
                  0000abe0    0000005e                        : eqep.obj (.const:.string)
                  0000ac3e    0000005d                        : i2c.obj (.const:.string)
                  0000ac9b    00000001     --HOLE-- [fill = 0]
                  0000ac9c    00000010     <whole-program> (.const)
                  0000acac    00000004     rts2800_fpu32_eabi.lib : e_asinf.c.obj (.const)

.TI.ramfunc 
*          0    00000123    00000004     
                  00000123    00000004     driverlib_eabi.lib : sysctl.obj (.TI.ramfunc)

GETBUFFER 
*          0    0003f800    00000000     DSECT

GETWRITEIDX 
*          0    0003f800    00000000     DSECT

PUTREADIDX 
*          0    0003f800    00000000     DSECT

.bss.1     0    00009000    000006a4     UNINITIALIZED
                  00009000    000001f4     selfbalance.obj (.bss)
                  000091f4    00000190     selfbalance.obj (.bss:dbuffChan1)
                  00009384    00000190     selfbalance.obj (.bss:dbuffChan2)
                  00009514    00000190     selfbalance.obj (.bss:dbuffChan3)

.bss.2     0    00009800    00000190     UNINITIALIZED
                  00009800    00000190     selfbalance.obj (.bss:dbuffChan4)

.text.1    1    0000f000    00001000     
                  0000f000    0000040e     hal.obj (.text)
                  0000f40e    000003f6     board.obj (.text)
                  0000f804    0000036f     IMU6050_Elon.obj (.text)
                  0000fb73    00000357     device.obj (.text)
                  0000feca    00000121     selfbalance.obj (.text:retain)
                  0000ffeb    00000014     driverlib_eabi.lib : sysctl.obj (.text:CPUTimer_stopTimer)
                  0000ffff    00000001     c2000ware_libraries.obj (.text)

.text.2    1    00010000    00001000     
                  00010000    00000209     driverlib_eabi.lib : sysctl.obj (.text:SysCtl_setClock)
                  00010209    00000199     selfbalance.obj (.text)
                  000103a2    000000f5     rts2800_fpu32_eabi.lib : e_asinf.c.obj (.text)
                  00010497    000000de                            : e_sqrt.c.obj (.text)
                  00010575    000000d2     PID_Elon.obj (.text)
                  00010647    0000009c     rts2800_fpu32_eabi.lib : fd_add28.asm.obj (.text)
                  000106e3    00000090     driverlib_eabi.lib : sysctl.obj (.text:SysCtl_selectXTAL)
                  00010773    00000088     rts2800_fpu32_eabi.lib : fs_div28.asm.obj (.text)
                  000107fb    00000083                            : fd_mpy28.asm.obj (.text)
                  0001087e    00000068     driverlib_eabi.lib : sysctl.obj (.text:SysCtl_getDeviceParametric)
                  000108e6    00000064                        : i2c.obj (.text:I2C_initController)
                  0001094a    00000060     rts2800_fpu32_eabi.lib : s_tanf.c.obj (.text)
                  000109aa    00000052     driverlib_eabi.lib : gpio.obj (.text:GPIO_setPadConfig)
                  000109fc    00000051                        : sysctl.obj (.text:SysCtl_getClock)
                  00010a4d    00000048                        : sysctl.obj (.text:SysCtl_selectOscSource)
                  00010a95    00000045                        : sci.obj (.text:SCI_clearInterruptStatus)
                  00010ada    00000043                        : eqep.obj (.text:EQEP_setInputPolarity)
                  00010b1d    00000041                        : sci.obj (.text:SCI_writeCharArray)
                  00010b5e    0000003e                        : sci.obj (.text:SCI_setConfig)
                  00010b9c    0000003d                        : interrupt.obj (.text:Interrupt_initModule)
                  00010bd9    00000037                        : gpio.obj (.text:GPIO_setControllerCore)
                  00010c10    00000037                        : gpio.obj (.text:GPIO_setPinConfig)
                  00010c47    00000037                        : gpio.obj (.text:GPIO_setQualificationMode)
                  00010c7e    00000037                        : interrupt.obj (.text:Interrupt_enable)
                  00010cb5    00000034                        : gpio.obj (.text:GPIO_setInterruptPin)
                  00010ce9    00000031                        : gpio.obj (.text:GPIO_setDirectionMode)
                  00010d1a    00000030     rts2800_fpu32_eabi.lib : copy_decompress_lzss.c.obj (.text:decompress:lzss)
                  00010d4a    0000002b                            : autoinit.c.obj (.text:__TI_auto_init_nobinit_nopinit)
                  00010d75    0000002a                            : fd_cmp28.asm.obj (.text)
                  00010d9f    00000029                            : exit.c.obj (.text)
                  00010dc8    00000028     driverlib_eabi.lib : sysctl.obj (.text:CPUTimer_selectClockSource)
                  00010df0    00000023     rts2800_fpu32_eabi.lib : fd_tofsfpu32.asm.obj (.text)
                  00010e13    00000020     driverlib_eabi.lib : sci.obj (.text:SCI_isFIFOEnabled)
                  00010e33    0000001f                        : sysctl.obj (.text:CPUTimer_getTimerOverflowStatus)
                  00010e52    0000001f     DLOG_4CH_F.obj (.text)
                  00010e71    0000001e     driverlib_eabi.lib : interrupt.obj (.text:Interrupt_initVectorTable)
                  00010e8f    0000001c     rts2800_fpu32_eabi.lib : fs_tofdfpu32.asm.obj (.text)
                  00010eab    0000001c                            : memcpy.c.obj (.text)
                  00010ec7    0000001b     driverlib_eabi.lib : sci.obj (.text:SCI_isBaseValid)
                  00010ee2    0000001a                        : sysctl.obj (.text:CPUTimer_startTimer)
                  00010efc    0000001a                        : sci.obj (.text:SCI_isSpaceAvailableNonFIFO)
                  00010f16    0000001a                        : sysctl.obj (.text:SysCtl_getLowSpeedClock)
                  00010f30    00000018                        : sci.obj (.text:SCI_disableModule)
                  00010f48    00000018                        : sci.obj (.text:SCI_performSoftwareReset)
                  00010f60    00000017                        : cputimer.obj (.text:CPUTimer_isBaseValid)
                  00010f77    00000017                        : sysctl.obj (.text:CPUTimer_isBaseValid)
                  00010f8e    00000017                        : eqep.obj (.text:EQEP_isBaseValid)
                  00010fa5    00000017     rts2800_fpu32_eabi.lib : boot28.asm.obj (.text)
                  00010fbc    00000016     driverlib_eabi.lib : interrupt.obj (.text:Interrupt_defaultHandler)
                  00010fd2    00000016                        : gpio.obj (.text:XBAR_setInputPin)
                  00010fe8    00000014                        : sci.obj (.text:SCI_getTxFIFOStatus)
                  00010ffc    00000002     rts2800_fpu32_eabi.lib : pre_init.c.obj (.text)
                  00010ffe    00000001                            : _lock.c.obj (.text)
                  00010fff    00000001                            : startup.c.obj (.text)

.text.3    1    00011000    00000104     
                  00011000    00000013     driverlib_eabi.lib : cputimer.obj (.text:CPUTimer_setEmulationMode)
                  00011013    00000013                        : i2c.obj (.text:I2C_isBaseValid)
                  00011026    00000013                        : sci.obj (.text:SCI_enableModule)
                  00011039    00000012                        : sysctl.obj (.text:CPUTimer_clearOverflowFlag)
                  0001104b    00000012                        : sysctl.obj (.text:CPUTimer_disableInterrupt)
                  0001105d    00000011                        : sysctl.obj (.text:CPUTimer_setPeriod)
                  0001106e    0000000f                        : sysctl.obj (.text:SysCtl_pollCpuTimer)
                  0001107d    0000000e                        : gpio.obj (.text:GPIO_isPinValid)
                  0001108b    0000000e     rts2800_fpu32_eabi.lib : fd_sub28.asm.obj (.text)
                  00011099    0000000d     driverlib_eabi.lib : interrupt.obj (.text:Interrupt_disableGlobal)
                  000110a6    0000000d                        : interrupt.obj (.text:Interrupt_enableGlobal)
                  000110b3    0000000c     rts2800_fpu32_eabi.lib : args_main.c.obj (.text)
                  000110bf    0000000b     driverlib_eabi.lib : sysctl.obj (.text:SysCtl_isMCDClockFailureDetected)
                  000110ca    0000000a                        : interrupt.obj (.text:Interrupt_illegalOperationHandler)
                  000110d4    0000000a                        : interrupt.obj (.text:Interrupt_nmiHandler)
                  000110de    00000009                        : sysctl.obj (.text:SysCtl_serviceWatchdog)
                  000110e7    00000008     F2837xD_CodeStartBranch.obj (.text)
                  000110ef    00000008     rts2800_fpu32_eabi.lib : copy_decompress_none.c.obj (.text:decompress:none)
                  000110f7    00000007     driverlib_eabi.lib : sysctl.obj (.text:SysCtl_resetMCD)
                  000110fe    00000006     rts2800_fpu32_eabi.lib : copy_zero_init.c.obj (.text:decompress:ZI)

MODULE SUMMARY

       Module                                   code   ro data   rw data
       ------                                   ----   -------   -------
    .\
       selfbalance.obj                          698    0         2114   
    +--+----------------------------------------+------+---------+---------+
       Total:                                   698    0         2114   
                                                                        
    .\HAL\
       hal.obj                                  1038   0         0      
       DLOG_4CH_F.obj                           31     0         0      
    +--+----------------------------------------+------+---------+---------+
       Total:                                   1069   0         0      
                                                                        
    .\device\
       device.obj                               855    0         6      
       F2837xD_CodeStartBranch.obj              10     0         0      
    +--+----------------------------------------+------+---------+---------+
       Total:                                   865    0         6      
                                                                        
    .\pid\
       PID_Elon.obj                             210    0         0      
    +--+----------------------------------------+------+---------+---------+
       Total:                                   210    0         0      
                                                                        
    .\sensorFusion\
       IMU6050_Elon.obj                         879    120       0      
    +--+----------------------------------------+------+---------+---------+
       Total:                                   879    120       0      
                                                                        
    .\syscfg\
       board.obj                                1014   0         0      
       c2000ware_libraries.obj                  1      0         0      
    +--+----------------------------------------+------+---------+---------+
       Total:                                   1015   0         0      
                                                                        
    C:\Users\elony\AppData\Local\Temp\
       {47A471C3-ECF4-4388-91B4-AB01182CEFF0}   0      220       0      
    +--+----------------------------------------+------+---------+---------+
       Total:                                   0      220       0      
                                                                        
    C:\ti\c2000\C2000Ware_5_04_00_00\driverlib\f2837xd\driverlib\ccs\Debug\driverlib_eabi.lib
       sysctl.obj                               1187   194       0      
       gpio.obj                                 384    188       0      
       sci.obj                                  368    187       0      
       interrupt.obj                            214    0         0      
       i2c.obj                                  119    93        0      
       eqep.obj                                 90     94        0      
       cputimer.obj                             42     98        0      
    +--+----------------------------------------+------+---------+---------+
       Total:                                   2404   854       0      
                                                                        
    C:\ti\ccs1281\ccs\tools\compiler\ti-cgt-c2000_22.6.1.LTS\lib\rts2800_fpu32_eabi.lib
       e_asinf.c.obj                            245    4         0      
       e_sqrt.c.obj                             222    0         0      
       fd_add28.asm.obj                         156    0         0      
       fs_div28.asm.obj                         136    0         0      
       fd_mpy28.asm.obj                         131    0         0      
       s_tanf.c.obj                             96     0         0      
       copy_decompress_lzss.c.obj               48     0         0      
       exit.c.obj                               41     0         6      
       autoinit.c.obj                           43     0         0      
       fd_cmp28.asm.obj                         42     0         0      
       fd_tofsfpu32.asm.obj                     35     0         0      
       fs_tofdfpu32.asm.obj                     28     0         0      
       memcpy.c.obj                             28     0         0      
       boot28.asm.obj                           23     0         0      
       fd_sub28.asm.obj                         14     0         0      
       args_main.c.obj                          12     0         0      
       copy_decompress_none.c.obj               8      0         0      
       copy_zero_init.c.obj                     6      0         0      
       _lock.c.obj                              1      0         2      
       pre_init.c.obj                           2      0         0      
       errno.c.obj                              0      0         1      
       startup.c.obj                            1      0         0      
    +--+----------------------------------------+------+---------+---------+
       Total:                                   1318   4         9      
                                                                        
       Stack:                                   0      0         256    
       Linker Generated:                        0      46        0      
    +--+----------------------------------------+------+---------+---------+
       Grand Total:                             8458   1244      2385   


LINKER GENERATED COPY TABLES

__TI_cinit_table @ 0000014a records: 3, size/record: 4, table size: 12
	.data: load addr=00000128, load size=00000014 bytes, run addr=00008000, run size=0000001d bytes, compression=lzss
	.bss.1: load addr=00000142, load size=00000004 bytes, run addr=00009000, run size=000006a4 bytes, compression=zero_init
	.bss.2: load addr=00000146, load size=00000004 bytes, run addr=00009800, run size=00000190 bytes, compression=zero_init


LINKER GENERATED HANDLER TABLE

__TI_handler_table @ 0000013c records: 3, size/record: 2, table size: 6
	index: 0, handler: __TI_zero_init
	index: 1, handler: __TI_decompress_lzss
	index: 2, handler: __TI_decompress_none


GLOBAL DATA SYMBOLS: SORTED BY DATA PAGE

address     data page           name
--------    ----------------    ----
00000400      10 (00000400)     __stack

00008000     200 (00008000)     speedRamp
0000800e     200 (00008000)     Example_Result
00008010     200 (00008000)     Example_PassCount
00008012     200 (00008000)     Example_Fail
00008014     200 (00008000)     __TI_enable_exit_profile_output
00008016     200 (00008000)     __TI_cleanup_ptr
00008018     200 (00008000)     __TI_dtors_ptr
0000801a     200 (00008000)     _lock
0000801c     200 (00008000)     errno

00009000     240 (00009000)     motor1Handle
00009002     240 (00009000)     motor2Handle
00009004     240 (00009000)     imu1Handle
00009006     240 (00009000)     vehicle1handle
00009008     240 (00009000)     eqepMotorAHandle
0000900a     240 (00009000)     eqepMotorBHandle
0000900c     240 (00009000)     speedController_RightHandle
0000900e     240 (00009000)     speedController_LeftHandle
00009010     240 (00009000)     balanceHandle
00009012     240 (00009000)     steeringHandle
00009014     240 (00009000)     dlogChan1
00009016     240 (00009000)     dlogChan2
00009018     240 (00009000)     dlogChan3
0000901a     240 (00009000)     dlogChan4
0000901c     240 (00009000)     motor1
0000902a     240 (00009000)     motor2

00009040     241 (00009040)     eqepMotorA
0000904e     241 (00009040)     eqepMotorB
0000905c     241 (00009040)     dlog_4ch1

00009080     242 (00009080)     vehicle1

000090c0     243 (000090c0)     speedController_Right

00009100     244 (00009100)     speedController_Left

00009140     245 (00009140)     balanceController

00009180     246 (00009180)     steeringPID

000091c0     247 (000091c0)     imu1
000091f4     247 (000091c0)     dbuffChan1

00009384     24e (00009380)     dbuffChan2

00009514     254 (00009500)     dbuffChan3

00009800     260 (00009800)     dbuffChan4


GLOBAL SYMBOLS: SORTED ALPHABETICALLY BY Name 

page  address   name                                     
----  -------   ----                                     
1     0000f73a  Board_init                               
1     00010d9f  C$$EXIT                                  
1     0000ffff  C2000Ware_libraries_init                 
1     00011000  CPUTimer_setEmulationMode                
1     00010e52  DLOG_4CH_F_init                          
1     0000f6d1  Data_output_init                         
1     0000fd59  Device_bootCPU2                          
1     0000fbef  Device_configureTMXAnalogTrim            
1     0000fc22  Device_enableAllPeripherals              
1     0000fbb1  Device_enableUnbondedGPIOPullups         
1     0000fb94  Device_enableUnbondedGPIOPullupsFor100Pin
1     0000fb81  Device_enableUnbondedGPIOPullupsFor176Pin
1     0000fd00  Device_init                              
1     0000fbd1  Device_initGPIO                          
1     0000f503  EPWM_init                                
1     0000f5bf  EQEP_motorA_init                         
1     0000f620  EQEP_motorB_init                         
1     00010ada  EQEP_setInputPolarity                    
0     00008012  Example_Fail                             
0     00008010  Example_PassCount                        
0     0000800e  Example_Result                           
1     0000fb80  Example_done                             
1     0000fb7b  Example_setResultFail                    
1     0000fb76  Example_setResultPass                    
1     00010bd9  GPIO_setControllerCore                   
1     00010ce9  GPIO_setDirectionMode                    
1     00010cb5  GPIO_setInterruptPin                     
1     000109aa  GPIO_setPadConfig                        
1     00010c10  GPIO_setPinConfig                        
1     00010c47  GPIO_setQualificationMode                
1     0000f3be  HAL_balanceControl                       
1     0000f3aa  HAL_fallDetection                        
1     0000f393  HAL_hoverDetection                       
1     0000f381  HAL_proportionalSteering                 
1     0000f368  HAL_quadratureEncoderInit                
1     0000f2f5  HAL_speedCalculation                     
1     0000f2b8  HAL_vehicleInit                          
1     0000f264  HAL_vehicleRun                           
1     000108e6  I2C_initController                       
1     0000f819  IMURead                                  
1     0000f907  IMUWrite                                 
1     0000f681  IMU_6050_init                            
1     0000ff9a  INT_EQEP_motorA_ISR                      
1     0000ff3d  INT_EQEP_motorB_ISR                      
1     0000feca  INT_IMU_data_Ready_XINT_ISR              
1     00010fbc  Interrupt_defaultHandler                 
1     00010c7e  Interrupt_enable                         
1     000110ca  Interrupt_illegalOperationHandler        
1     00010b9c  Interrupt_initModule                     
1     00010e71  Interrupt_initVectorTable                
1     000110d4  Interrupt_nmiHandler                     
1     0000fb11  MPU6050init                              
1     0000fa8c  MPU_dataProcessing                       
1     0000f40e  PinMux_init                              
1     00010a95  SCI_clearInterruptStatus                 
1     00010b5e  SCI_setConfig                            
1     00010b1d  SCI_writeCharArray                       
0     00000123  SysCtl_delay                             
1     000109fc  SysCtl_getClock                          
1     0001087e  SysCtl_getDeviceParametric               
1     00010f16  SysCtl_getLowSpeedClock                  
1     00010a4d  SysCtl_selectOscSource                   
1     000106e3  SysCtl_selectXTAL                        
1     00010000  SysCtl_setClock                          
0     0000014a  __TI_CINIT_Base                          
0     00000156  __TI_CINIT_Limit                         
0     00000156  __TI_CINIT_Warm                          
0     0000013c  __TI_Handler_Table_Base                  
0     00000142  __TI_Handler_Table_Limit                 
1     00000500  __TI_STACK_END                           
abs   00000100  __TI_STACK_SIZE                          
1     00010d4a  __TI_auto_init_nobinit_nopinit           
0     00008016  __TI_cleanup_ptr                         
1     00010d1a  __TI_decompress_lzss                     
1     000110ef  __TI_decompress_none                     
0     00008018  __TI_dtors_ptr                           
0     00008014  __TI_enable_exit_profile_output          
abs   ffffffff  __TI_pprof_out_hndl                      
abs   ffffffff  __TI_prof_data_size                      
abs   ffffffff  __TI_prof_data_start                     
1     000110fe  __TI_zero_init                           
1     00010647  __c28xabi_addd                           
1     00010d75  __c28xabi_cmpd                           
1     00010773  __c28xabi_divf                           
1     00010df0  __c28xabi_dtof                           
1     00010e8f  __c28xabi_ftod                           
1     000107fb  __c28xabi_mpyd                           
1     0001108b  __c28xabi_subd                           
n/a   UNDEFED   __c_args__                               
1     0000fb73  __error__                                
1     00000400  __stack                                  
1     000110b3  _args_main                               
1     00010fa5  _c_int00                                 
0     0000801a  _lock                                    
1     00010ffe  _nop                                     
1     00010fff  _system_post_cinit                       
1     00010ffc  _system_pre_init                         
1     00010d9f  abort                                    
1     000103a2  asinf                                    
0     00009140  balanceController                        
0     00009010  balanceHandle                            
1     0000fa6a  checkAttendence                          
0     00000000  code_start                               
1     0000f971  complemenaryEuler                        
0     000091f4  dbuffChan1                               
0     00009384  dbuffChan2                               
0     00009514  dbuffChan3                               
0     00009800  dbuffChan4                               
1     0000f950  deviceReset                              
0     00009014  dlogChan1                                
0     00009016  dlogChan2                                
0     00009018  dlogChan3                                
0     0000901a  dlogChan4                                
0     0000905c  dlog_4ch1                                
0     00009040  eqepMotorA                               
0     00009008  eqepMotorAHandle                         
0     0000904e  eqepMotorB                               
0     0000900a  eqepMotorBHandle                         
0     0000801c  errno                                    
1     00010da1  exit                                     
1     0000f4d2  filterTimer_init                         
1     0000f87b  getGAdata_floating                       
0     000091c0  imu1                                     
0     00009004  imu1Handle                               
1     00010209  main                                     
1     00010eab  memcpy                                   
0     0000901c  motor1                                   
0     00009000  motor1Handle                             
0     0000902a  motor2                                   
0     00009002  motor2Handle                             
1     0000f25c  motorInit                                
1     0000f08a  motorRun                                 
1     0000f002  motorSetDutyCycle                        
1     0000f000  motorSetStatus                           
1     000105c3  pidControllerInit                        
1     0000f804  setOffset                                
0     00009100  speedController_Left                     
0     0000900e  speedController_LeftHandle               
0     000090c0  speedController_Right                    
0     0000900c  speedController_RightHandle              
1     00010575  speedPIcontroller                        
0     00008000  speedRamp                                
1     00010497  sqrt                                     
1     00010497  sqrtl                                    
0     00009012  steeringHandle                           
0     00009180  steeringPID                              
1     0001094a  tanf                                     
0     00009080  vehicle1                                 
0     00009006  vehicle1handle                           


GLOBAL SYMBOLS: SORTED BY Symbol Address 

page  address   name                                     
----  -------   ----                                     
0     00000000  code_start                               
0     00000123  SysCtl_delay                             
0     0000013c  __TI_Handler_Table_Base                  
0     00000142  __TI_Handler_Table_Limit                 
0     0000014a  __TI_CINIT_Base                          
0     00000156  __TI_CINIT_Limit                         
0     00000156  __TI_CINIT_Warm                          
0     00008000  speedRamp                                
0     0000800e  Example_Result                           
0     00008010  Example_PassCount                        
0     00008012  Example_Fail                             
0     00008014  __TI_enable_exit_profile_output          
0     00008016  __TI_cleanup_ptr                         
0     00008018  __TI_dtors_ptr                           
0     0000801a  _lock                                    
0     0000801c  errno                                    
0     00009000  motor1Handle                             
0     00009002  motor2Handle                             
0     00009004  imu1Handle                               
0     00009006  vehicle1handle                           
0     00009008  eqepMotorAHandle                         
0     0000900a  eqepMotorBHandle                         
0     0000900c  speedController_RightHandle              
0     0000900e  speedController_LeftHandle               
0     00009010  balanceHandle                            
0     00009012  steeringHandle                           
0     00009014  dlogChan1                                
0     00009016  dlogChan2                                
0     00009018  dlogChan3                                
0     0000901a  dlogChan4                                
0     0000901c  motor1                                   
0     0000902a  motor2                                   
0     00009040  eqepMotorA                               
0     0000904e  eqepMotorB                               
0     0000905c  dlog_4ch1                                
0     00009080  vehicle1                                 
0     000090c0  speedController_Right                    
0     00009100  speedController_Left                     
0     00009140  balanceController                        
0     00009180  steeringPID                              
0     000091c0  imu1                                     
0     000091f4  dbuffChan1                               
0     00009384  dbuffChan2                               
0     00009514  dbuffChan3                               
0     00009800  dbuffChan4                               
1     00000400  __stack                                  
1     00000500  __TI_STACK_END                           
1     0000f000  motorSetStatus                           
1     0000f002  motorSetDutyCycle                        
1     0000f08a  motorRun                                 
1     0000f25c  motorInit                                
1     0000f264  HAL_vehicleRun                           
1     0000f2b8  HAL_vehicleInit                          
1     0000f2f5  HAL_speedCalculation                     
1     0000f368  HAL_quadratureEncoderInit                
1     0000f381  HAL_proportionalSteering                 
1     0000f393  HAL_hoverDetection                       
1     0000f3aa  HAL_fallDetection                        
1     0000f3be  HAL_balanceControl                       
1     0000f40e  PinMux_init                              
1     0000f4d2  filterTimer_init                         
1     0000f503  EPWM_init                                
1     0000f5bf  EQEP_motorA_init                         
1     0000f620  EQEP_motorB_init                         
1     0000f681  IMU_6050_init                            
1     0000f6d1  Data_output_init                         
1     0000f73a  Board_init                               
1     0000f804  setOffset                                
1     0000f819  IMURead                                  
1     0000f87b  getGAdata_floating                       
1     0000f907  IMUWrite                                 
1     0000f950  deviceReset                              
1     0000f971  complemenaryEuler                        
1     0000fa6a  checkAttendence                          
1     0000fa8c  MPU_dataProcessing                       
1     0000fb11  MPU6050init                              
1     0000fb73  __error__                                
1     0000fb76  Example_setResultPass                    
1     0000fb7b  Example_setResultFail                    
1     0000fb80  Example_done                             
1     0000fb81  Device_enableUnbondedGPIOPullupsFor176Pin
1     0000fb94  Device_enableUnbondedGPIOPullupsFor100Pin
1     0000fbb1  Device_enableUnbondedGPIOPullups         
1     0000fbd1  Device_initGPIO                          
1     0000fbef  Device_configureTMXAnalogTrim            
1     0000fc22  Device_enableAllPeripherals              
1     0000fd00  Device_init                              
1     0000fd59  Device_bootCPU2                          
1     0000feca  INT_IMU_data_Ready_XINT_ISR              
1     0000ff3d  INT_EQEP_motorB_ISR                      
1     0000ff9a  INT_EQEP_motorA_ISR                      
1     0000ffff  C2000Ware_libraries_init                 
1     00010000  SysCtl_setClock                          
1     00010209  main                                     
1     000103a2  asinf                                    
1     00010497  sqrt                                     
1     00010497  sqrtl                                    
1     00010575  speedPIcontroller                        
1     000105c3  pidControllerInit                        
1     00010647  __c28xabi_addd                           
1     000106e3  SysCtl_selectXTAL                        
1     00010773  __c28xabi_divf                           
1     000107fb  __c28xabi_mpyd                           
1     0001087e  SysCtl_getDeviceParametric               
1     000108e6  I2C_initController                       
1     0001094a  tanf                                     
1     000109aa  GPIO_setPadConfig                        
1     000109fc  SysCtl_getClock                          
1     00010a4d  SysCtl_selectOscSource                   
1     00010a95  SCI_clearInterruptStatus                 
1     00010ada  EQEP_setInputPolarity                    
1     00010b1d  SCI_writeCharArray                       
1     00010b5e  SCI_setConfig                            
1     00010b9c  Interrupt_initModule                     
1     00010bd9  GPIO_setControllerCore                   
1     00010c10  GPIO_setPinConfig                        
1     00010c47  GPIO_setQualificationMode                
1     00010c7e  Interrupt_enable                         
1     00010cb5  GPIO_setInterruptPin                     
1     00010ce9  GPIO_setDirectionMode                    
1     00010d1a  __TI_decompress_lzss                     
1     00010d4a  __TI_auto_init_nobinit_nopinit           
1     00010d75  __c28xabi_cmpd                           
1     00010d9f  C$$EXIT                                  
1     00010d9f  abort                                    
1     00010da1  exit                                     
1     00010df0  __c28xabi_dtof                           
1     00010e52  DLOG_4CH_F_init                          
1     00010e71  Interrupt_initVectorTable                
1     00010e8f  __c28xabi_ftod                           
1     00010eab  memcpy                                   
1     00010f16  SysCtl_getLowSpeedClock                  
1     00010fa5  _c_int00                                 
1     00010fbc  Interrupt_defaultHandler                 
1     00010ffc  _system_pre_init                         
1     00010ffe  _nop                                     
1     00010fff  _system_post_cinit                       
1     00011000  CPUTimer_setEmulationMode                
1     0001108b  __c28xabi_subd                           
1     000110b3  _args_main                               
1     000110ca  Interrupt_illegalOperationHandler        
1     000110d4  Interrupt_nmiHandler                     
1     000110ef  __TI_decompress_none                     
1     000110fe  __TI_zero_init                           
abs   00000100  __TI_STACK_SIZE                          
abs   ffffffff  __TI_pprof_out_hndl                      
abs   ffffffff  __TI_prof_data_size                      
abs   ffffffff  __TI_prof_data_start                     
n/a   UNDEFED   __c_args__                               

[149 symbols]
