<?xml version="1.0" encoding="ISO-8859-1" ?>
<link_info>
   <banner>TMS320C2000 Linker PC v22.6.2.LTS</banner>
   <copyright>Copyright (c) 1996-2018 Texas Instruments Incorporated</copyright>
   <link_time>0x67e09b7d</link_time>
   <link_errors>0x0</link_errors>
   <output_file>selfBalance.out</output_file>
   <entry_point>
      <name>code_start</name>
      <address>0x0</address>
   </entry_point>
   <input_file_list>
      <input_file id="fl-2">
         <path>.\syscfg\</path>
         <kind>object</kind>
         <file>board.obj</file>
         <name>board.obj</name>
      </input_file>
      <input_file id="fl-3">
         <path>.\syscfg\</path>
         <kind>object</kind>
         <file>c2000ware_libraries.obj</file>
         <name>c2000ware_libraries.obj</name>
      </input_file>
      <input_file id="fl-5">
         <path>.\HAL\</path>
         <kind>object</kind>
         <file>DLOG_4CH_F.obj</file>
         <name>DLOG_4CH_F.obj</name>
      </input_file>
      <input_file id="fl-6">
         <path>.\HAL\</path>
         <kind>object</kind>
         <file>comm_Elon.obj</file>
         <name>comm_Elon.obj</name>
      </input_file>
      <input_file id="fl-7">
         <path>.\HAL\</path>
         <kind>object</kind>
         <file>hal.obj</file>
         <name>hal.obj</name>
      </input_file>
      <input_file id="fl-a">
         <path>.\pid\</path>
         <kind>object</kind>
         <file>PID_Elon.obj</file>
         <name>PID_Elon.obj</name>
      </input_file>
      <input_file id="fl-c">
         <path>.\sensorFusion\</path>
         <kind>object</kind>
         <file>flightmointor.obj</file>
         <name>flightmointor.obj</name>
      </input_file>
      <input_file id="fl-28">
         <path>C:\ti\ccs1281\ccs\tools\compiler\ti-cgt-c2000_22.6.2.LTS\lib\</path>
         <kind>archive</kind>
         <file>rts2800_fpu32_eabi.lib</file>
         <name>e_asinf.c.obj</name>
      </input_file>
      <input_file id="fl-29">
         <path>C:\ti\ccs1281\ccs\tools\compiler\ti-cgt-c2000_22.6.2.LTS\lib\</path>
         <kind>archive</kind>
         <file>rts2800_fpu32_eabi.lib</file>
         <name>s_tanf.c.obj</name>
      </input_file>
      <input_file id="fl-2a">
         <path>C:\ti\ccs1281\ccs\tools\compiler\ti-cgt-c2000_22.6.2.LTS\lib\</path>
         <kind>archive</kind>
         <file>rts2800_fpu32_eabi.lib</file>
         <name>e_sqrt.c.obj</name>
      </input_file>
      <input_file id="fl-35">
         <path>C:\ti\ccs1281\ccs\tools\compiler\ti-cgt-c2000_22.6.2.LTS\lib\</path>
         <kind>archive</kind>
         <file>rts2800_fpu32_eabi.lib</file>
         <name>pre_init.c.obj</name>
      </input_file>
      <input_file id="fl-37">
         <path>C:\ti\ccs1281\ccs\tools\compiler\ti-cgt-c2000_22.6.2.LTS\lib\</path>
         <kind>archive</kind>
         <file>rts2800_fpu32_eabi.lib</file>
         <name>copy_zero_init.c.obj</name>
      </input_file>
      <input_file id="fl-38">
         <path>C:\ti\ccs1281\ccs\tools\compiler\ti-cgt-c2000_22.6.2.LTS\lib\</path>
         <kind>archive</kind>
         <file>rts2800_fpu32_eabi.lib</file>
         <name>copy_decompress_none.c.obj</name>
      </input_file>
      <input_file id="fl-39">
         <path>C:\ti\ccs1281\ccs\tools\compiler\ti-cgt-c2000_22.6.2.LTS\lib\</path>
         <kind>archive</kind>
         <file>rts2800_fpu32_eabi.lib</file>
         <name>copy_decompress_lzss.c.obj</name>
      </input_file>
      <input_file id="fl-3b">
         <path>C:\ti\ccs1281\ccs\tools\compiler\ti-cgt-c2000_22.6.2.LTS\lib\</path>
         <kind>archive</kind>
         <file>rts2800_fpu32_eabi.lib</file>
         <name>_lock.c.obj</name>
      </input_file>
      <input_file id="fl-3d">
         <path>C:\ti\ccs1281\ccs\tools\compiler\ti-cgt-c2000_22.6.2.LTS\lib\</path>
         <kind>archive</kind>
         <file>rts2800_fpu32_eabi.lib</file>
         <name>ctype.c.obj</name>
      </input_file>
      <input_file id="fl-3e">
         <path>C:\ti\ccs1281\ccs\tools\compiler\ti-cgt-c2000_22.6.2.LTS\lib\</path>
         <kind>archive</kind>
         <file>rts2800_fpu32_eabi.lib</file>
         <name>memset.c.obj</name>
      </input_file>
      <input_file id="fl-3f">
         <path>C:\ti\ccs1281\ccs\tools\compiler\ti-cgt-c2000_22.6.2.LTS\lib\</path>
         <kind>archive</kind>
         <file>rts2800_fpu32_eabi.lib</file>
         <name>strtod.c.obj</name>
      </input_file>
      <input_file id="fl-40">
         <path>C:\ti\ccs1281\ccs\tools\compiler\ti-cgt-c2000_22.6.2.LTS\lib\</path>
         <kind>archive</kind>
         <file>rts2800_fpu32_eabi.lib</file>
         <name>errno.c.obj</name>
      </input_file>
      <input_file id="fl-41">
         <path>C:\ti\ccs1281\ccs\tools\compiler\ti-cgt-c2000_22.6.2.LTS\lib\</path>
         <kind>archive</kind>
         <file>rts2800_fpu32_eabi.lib</file>
         <name>s_scalbn.c.obj</name>
      </input_file>
      <input_file id="fl-45">
         <path>C:\ti\ccs1281\ccs\tools\compiler\ti-cgt-c2000_22.6.2.LTS\lib\</path>
         <kind>archive</kind>
         <file>rts2800_fpu32_eabi.lib</file>
         <name>cpy_tbl.c.obj</name>
      </input_file>
      <input_file id="fl-46">
         <path>C:\ti\ccs1281\ccs\tools\compiler\ti-cgt-c2000_22.6.2.LTS\lib\</path>
         <kind>archive</kind>
         <file>rts2800_fpu32_eabi.lib</file>
         <name>memcpy.c.obj</name>
      </input_file>
      <input_file id="fl-48">
         <path>C:\ti\ccs1281\ccs\tools\compiler\ti-cgt-c2000_22.6.2.LTS\lib\</path>
         <kind>archive</kind>
         <file>rts2800_fpu32_eabi.lib</file>
         <name>s_copysign.c.obj</name>
      </input_file>
      <input_file id="fl-49">
         <path>C:\Users\yao19\AppData\Local\Temp\</path>
         <kind>object</kind>
         <file>{EDE52853-F74A-4820-8200-D6BE233141B8}</file>
         <name>{EDE52853-F74A-4820-8200-D6BE233141B8}</name>
      </input_file>
      <input_file id="fl-4">
         <path>.\</path>
         <kind>object</kind>
         <file>selfbalance.obj</file>
         <name>selfbalance.obj</name>
      </input_file>
      <input_file id="fl-8">
         <path>.\device\</path>
         <kind>object</kind>
         <file>F2837xD_CodeStartBranch.obj</file>
         <name>F2837xD_CodeStartBranch.obj</name>
      </input_file>
      <input_file id="fl-9">
         <path>.\device\</path>
         <kind>object</kind>
         <file>device.obj</file>
         <name>device.obj</name>
      </input_file>
      <input_file id="fl-b">
         <path>.\sensorFusion\</path>
         <kind>object</kind>
         <file>IMU6050_Elon.obj</file>
         <name>IMU6050_Elon.obj</name>
      </input_file>
      <input_file id="fl-11">
         <kind>object</kind>
         <file>&lt;internal&gt;</file>
         <name>&lt;internal&gt;</name>
      </input_file>
      <input_file id="fl-15">
         <path>C:\ti\c2000\C2000Ware_5_04_00_00\driverlib\f2837xd\driverlib\ccs\Debug\</path>
         <kind>archive</kind>
         <file>driverlib_eabi.lib</file>
         <name>can.obj</name>
      </input_file>
      <input_file id="fl-16">
         <path>C:\ti\c2000\C2000Ware_5_04_00_00\driverlib\f2837xd\driverlib\ccs\Debug\</path>
         <kind>archive</kind>
         <file>driverlib_eabi.lib</file>
         <name>cputimer.obj</name>
      </input_file>
      <input_file id="fl-17">
         <path>C:\ti\c2000\C2000Ware_5_04_00_00\driverlib\f2837xd\driverlib\ccs\Debug\</path>
         <kind>archive</kind>
         <file>driverlib_eabi.lib</file>
         <name>eqep.obj</name>
      </input_file>
      <input_file id="fl-18">
         <path>C:\ti\c2000\C2000Ware_5_04_00_00\driverlib\f2837xd\driverlib\ccs\Debug\</path>
         <kind>archive</kind>
         <file>driverlib_eabi.lib</file>
         <name>gpio.obj</name>
      </input_file>
      <input_file id="fl-19">
         <path>C:\ti\c2000\C2000Ware_5_04_00_00\driverlib\f2837xd\driverlib\ccs\Debug\</path>
         <kind>archive</kind>
         <file>driverlib_eabi.lib</file>
         <name>i2c.obj</name>
      </input_file>
      <input_file id="fl-1a">
         <path>C:\ti\c2000\C2000Ware_5_04_00_00\driverlib\f2837xd\driverlib\ccs\Debug\</path>
         <kind>archive</kind>
         <file>driverlib_eabi.lib</file>
         <name>interrupt.obj</name>
      </input_file>
      <input_file id="fl-1b">
         <path>C:\ti\c2000\C2000Ware_5_04_00_00\driverlib\f2837xd\driverlib\ccs\Debug\</path>
         <kind>archive</kind>
         <file>driverlib_eabi.lib</file>
         <name>sci.obj</name>
      </input_file>
      <input_file id="fl-1c">
         <path>C:\ti\c2000\C2000Ware_5_04_00_00\driverlib\f2837xd\driverlib\ccs\Debug\</path>
         <kind>archive</kind>
         <file>driverlib_eabi.lib</file>
         <name>sysctl.obj</name>
      </input_file>
      <input_file id="fl-2b">
         <path>C:\ti\ccs1281\ccs\tools\compiler\ti-cgt-c2000_22.6.2.LTS\lib\</path>
         <kind>archive</kind>
         <file>rts2800_fpu32_eabi.lib</file>
         <name>boot28.asm.obj</name>
      </input_file>
      <input_file id="fl-2c">
         <path>C:\ti\ccs1281\ccs\tools\compiler\ti-cgt-c2000_22.6.2.LTS\lib\</path>
         <kind>archive</kind>
         <file>rts2800_fpu32_eabi.lib</file>
         <name>fd_add28.asm.obj</name>
      </input_file>
      <input_file id="fl-2d">
         <path>C:\ti\ccs1281\ccs\tools\compiler\ti-cgt-c2000_22.6.2.LTS\lib\</path>
         <kind>archive</kind>
         <file>rts2800_fpu32_eabi.lib</file>
         <name>fd_cmp28.asm.obj</name>
      </input_file>
      <input_file id="fl-2e">
         <path>C:\ti\ccs1281\ccs\tools\compiler\ti-cgt-c2000_22.6.2.LTS\lib\</path>
         <kind>archive</kind>
         <file>rts2800_fpu32_eabi.lib</file>
         <name>fd_mpy28.asm.obj</name>
      </input_file>
      <input_file id="fl-2f">
         <path>C:\ti\ccs1281\ccs\tools\compiler\ti-cgt-c2000_22.6.2.LTS\lib\</path>
         <kind>archive</kind>
         <file>rts2800_fpu32_eabi.lib</file>
         <name>fd_sub28.asm.obj</name>
      </input_file>
      <input_file id="fl-30">
         <path>C:\ti\ccs1281\ccs\tools\compiler\ti-cgt-c2000_22.6.2.LTS\lib\</path>
         <kind>archive</kind>
         <file>rts2800_fpu32_eabi.lib</file>
         <name>fs_div28.asm.obj</name>
      </input_file>
      <input_file id="fl-31">
         <path>C:\ti\ccs1281\ccs\tools\compiler\ti-cgt-c2000_22.6.2.LTS\lib\</path>
         <kind>archive</kind>
         <file>rts2800_fpu32_eabi.lib</file>
         <name>ll_cmp28.asm.obj</name>
      </input_file>
      <input_file id="fl-32">
         <path>C:\ti\ccs1281\ccs\tools\compiler\ti-cgt-c2000_22.6.2.LTS\lib\</path>
         <kind>archive</kind>
         <file>rts2800_fpu32_eabi.lib</file>
         <name>l_div28.asm.obj</name>
      </input_file>
      <input_file id="fl-33">
         <path>C:\ti\ccs1281\ccs\tools\compiler\ti-cgt-c2000_22.6.2.LTS\lib\</path>
         <kind>archive</kind>
         <file>rts2800_fpu32_eabi.lib</file>
         <name>fs_tofdfpu32.asm.obj</name>
      </input_file>
      <input_file id="fl-34">
         <path>C:\ti\ccs1281\ccs\tools\compiler\ti-cgt-c2000_22.6.2.LTS\lib\</path>
         <kind>archive</kind>
         <file>rts2800_fpu32_eabi.lib</file>
         <name>fd_tofsfpu32.asm.obj</name>
      </input_file>
      <input_file id="fl-36">
         <path>C:\ti\ccs1281\ccs\tools\compiler\ti-cgt-c2000_22.6.2.LTS\lib\</path>
         <kind>archive</kind>
         <file>rts2800_fpu32_eabi.lib</file>
         <name>autoinit.c.obj</name>
      </input_file>
      <input_file id="fl-3a">
         <path>C:\ti\ccs1281\ccs\tools\compiler\ti-cgt-c2000_22.6.2.LTS\lib\</path>
         <kind>archive</kind>
         <file>rts2800_fpu32_eabi.lib</file>
         <name>exit.c.obj</name>
      </input_file>
      <input_file id="fl-3c">
         <path>C:\ti\ccs1281\ccs\tools\compiler\ti-cgt-c2000_22.6.2.LTS\lib\</path>
         <kind>archive</kind>
         <file>rts2800_fpu32_eabi.lib</file>
         <name>args_main.c.obj</name>
      </input_file>
      <input_file id="fl-42">
         <path>C:\ti\ccs1281\ccs\tools\compiler\ti-cgt-c2000_22.6.2.LTS\lib\</path>
         <kind>archive</kind>
         <file>rts2800_fpu32_eabi.lib</file>
         <name>fd_neg28.asm.obj</name>
      </input_file>
      <input_file id="fl-43">
         <path>C:\ti\ccs1281\ccs\tools\compiler\ti-cgt-c2000_22.6.2.LTS\lib\</path>
         <kind>archive</kind>
         <file>rts2800_fpu32_eabi.lib</file>
         <name>ll_aox28.asm.obj</name>
      </input_file>
      <input_file id="fl-44">
         <path>C:\ti\ccs1281\ccs\tools\compiler\ti-cgt-c2000_22.6.2.LTS\lib\</path>
         <kind>archive</kind>
         <file>rts2800_fpu32_eabi.lib</file>
         <name>fd_div28.asm.obj</name>
      </input_file>
      <input_file id="fl-47">
         <path>C:\ti\ccs1281\ccs\tools\compiler\ti-cgt-c2000_22.6.2.LTS\lib\</path>
         <kind>archive</kind>
         <file>rts2800_fpu32_eabi.lib</file>
         <name>startup.c.obj</name>
      </input_file>
   </input_file_list>
   <object_component_list>
      <object_component id="oc-2d">
         <name>codestart</name>
         <load_address>0x0</load_address>
         <run_address>0x0</run_address>
         <size>0x2</size>
         <input_file_ref idref="fl-8"/>
      </object_component>
      <object_component id="oc-3e">
         <name>.text</name>
         <load_address>0xf000</load_address>
         <run_address>0xf000</run_address>
         <size>0x4c1</size>
         <input_file_ref idref="fl-2"/>
      </object_component>
      <object_component id="oc-81">
         <name>.text</name>
         <load_address>0xf4c1</load_address>
         <run_address>0xf4c1</run_address>
         <size>0x499</size>
         <input_file_ref idref="fl-7"/>
      </object_component>
      <object_component id="oc-7b">
         <name>.text</name>
         <load_address>0xf95a</load_address>
         <run_address>0xf95a</run_address>
         <size>0x36a</size>
         <input_file_ref idref="fl-b"/>
      </object_component>
      <object_component id="oc-1b6">
         <name>.text</name>
         <load_address>0xfcc4</load_address>
         <run_address>0xfcc4</run_address>
         <size>0x283</size>
         <input_file_ref idref="fl-3f"/>
      </object_component>
      <object_component id="oc-29b">
         <name>.text</name>
         <load_address>0xff47</load_address>
         <run_address>0xff47</run_address>
         <size>0xac</size>
         <input_file_ref idref="fl-41"/>
      </object_component>
      <object_component id="oc-19e">
         <name>.text:Interrupt_disableGlobal</name>
         <load_address>0xfff3</load_address>
         <run_address>0xfff3</run_address>
         <size>0xd</size>
         <input_file_ref idref="fl-1a"/>
      </object_component>
      <object_component id="oc-aa">
         <name>.text</name>
         <load_address>0x10000</load_address>
         <run_address>0x10000</run_address>
         <size>0x357</size>
         <input_file_ref idref="fl-9"/>
      </object_component>
      <object_component id="oc-b7">
         <name>.text</name>
         <load_address>0x10357</load_address>
         <run_address>0x10357</run_address>
         <size>0x1</size>
         <input_file_ref idref="fl-3"/>
      </object_component>
      <object_component id="oc-c3">
         <name>.text</name>
         <load_address>0x10358</load_address>
         <run_address>0x10358</run_address>
         <size>0x24b</size>
         <input_file_ref idref="fl-6"/>
      </object_component>
      <object_component id="oc-18a">
         <name>.text:SysCtl_setClock</name>
         <load_address>0x105a3</load_address>
         <run_address>0x105a3</run_address>
         <size>0x209</size>
         <input_file_ref idref="fl-1c"/>
      </object_component>
      <object_component id="oc-32">
         <name>.text:retain</name>
         <load_address>0x107ac</load_address>
         <run_address>0x107ac</run_address>
         <size>0x1f5</size>
         <input_file_ref idref="fl-4"/>
      </object_component>
      <object_component id="oc-139">
         <name>.text</name>
         <load_address>0x109a1</load_address>
         <run_address>0x109a1</run_address>
         <size>0xf5</size>
         <input_file_ref idref="fl-28"/>
      </object_component>
      <object_component id="oc-21f">
         <name>.text</name>
         <load_address>0x10a96</load_address>
         <run_address>0x10a96</run_address>
         <size>0xde</size>
         <input_file_ref idref="fl-2a"/>
      </object_component>
      <object_component id="oc-e8">
         <name>.text:CAN_setupMessageObject</name>
         <load_address>0x10b74</load_address>
         <run_address>0x10b74</run_address>
         <size>0xdb</size>
         <input_file_ref idref="fl-15"/>
      </object_component>
      <object_component id="oc-87">
         <name>.text</name>
         <load_address>0x10c4f</load_address>
         <run_address>0x10c4f</run_address>
         <size>0xd2</size>
         <input_file_ref idref="fl-a"/>
      </object_component>
      <object_component id="oc-36">
         <name>.text</name>
         <load_address>0x10d21</load_address>
         <run_address>0x10d21</run_address>
         <size>0xce</size>
         <input_file_ref idref="fl-4"/>
      </object_component>
      <object_component id="oc-22a">
         <name>.text</name>
         <load_address>0x10def</load_address>
         <run_address>0x10def</run_address>
         <size>0x9c</size>
         <input_file_ref idref="fl-2c"/>
      </object_component>
      <object_component id="oc-300">
         <name>.text:SysCtl_selectXTAL</name>
         <load_address>0x10e8b</load_address>
         <run_address>0x10e8b</run_address>
         <size>0x90</size>
         <input_file_ref idref="fl-1c"/>
      </object_component>
      <object_component id="oc-296">
         <name>.text</name>
         <load_address>0x10f1b</load_address>
         <run_address>0x10f1b</run_address>
         <size>0x8b</size>
         <input_file_ref idref="fl-44"/>
      </object_component>
      <object_component id="oc-d0">
         <name>.text:GPIO_setPadConfig</name>
         <load_address>0x10fa6</load_address>
         <run_address>0x10fa6</run_address>
         <size>0x52</size>
         <input_file_ref idref="fl-18"/>
      </object_component>
      <object_component id="oc-72">
         <name>.text</name>
         <load_address>0x10ff8</load_address>
         <run_address>0x10ff8</run_address>
         <size>0x8</size>
         <input_file_ref idref="fl-8"/>
      </object_component>
      <object_component id="oc-270">
         <name>.text</name>
         <load_address>0x11000</load_address>
         <run_address>0x11000</run_address>
         <size>0x88</size>
         <input_file_ref idref="fl-30"/>
      </object_component>
      <object_component id="oc-225">
         <name>.text</name>
         <load_address>0x11088</load_address>
         <run_address>0x11088</run_address>
         <size>0x83</size>
         <input_file_ref idref="fl-2e"/>
      </object_component>
      <object_component id="oc-1ad">
         <name>.text:CAN_sendMessage</name>
         <load_address>0x1110b</load_address>
         <run_address>0x1110b</run_address>
         <size>0x72</size>
         <input_file_ref idref="fl-15"/>
      </object_component>
      <object_component id="oc-184">
         <name>.text:SysCtl_getDeviceParametric</name>
         <load_address>0x1117d</load_address>
         <run_address>0x1117d</run_address>
         <size>0x68</size>
         <input_file_ref idref="fl-1c"/>
      </object_component>
      <object_component id="oc-8d">
         <name>.text:CAN_readMessage</name>
         <load_address>0x111e5</load_address>
         <run_address>0x111e5</run_address>
         <size>0x66</size>
         <input_file_ref idref="fl-15"/>
      </object_component>
      <object_component id="oc-e2">
         <name>.text:CAN_setBitTiming</name>
         <load_address>0x1124b</load_address>
         <run_address>0x1124b</run_address>
         <size>0x64</size>
         <input_file_ref idref="fl-15"/>
      </object_component>
      <object_component id="oc-fa">
         <name>.text:I2C_initController</name>
         <load_address>0x112af</load_address>
         <run_address>0x112af</run_address>
         <size>0x64</size>
         <input_file_ref idref="fl-19"/>
      </object_component>
      <object_component id="oc-133">
         <name>.text</name>
         <load_address>0x11313</load_address>
         <run_address>0x11313</run_address>
         <size>0x60</size>
         <input_file_ref idref="fl-29"/>
      </object_component>
      <object_component id="oc-190">
         <name>.text:SysCtl_getClock</name>
         <load_address>0x11373</load_address>
         <run_address>0x11373</run_address>
         <size>0x51</size>
         <input_file_ref idref="fl-1c"/>
      </object_component>
      <object_component id="oc-264">
         <name>.text:SysCtl_selectOscSource</name>
         <load_address>0x113c4</load_address>
         <run_address>0x113c4</run_address>
         <size>0x48</size>
         <input_file_ref idref="fl-1c"/>
      </object_component>
      <object_component id="oc-93">
         <name>.text:CAN_clearInterruptStatus</name>
         <load_address>0x1140c</load_address>
         <run_address>0x1140c</run_address>
         <size>0x46</size>
         <input_file_ref idref="fl-15"/>
      </object_component>
      <object_component id="oc-9f">
         <name>.text:SCI_clearInterruptStatus</name>
         <load_address>0x11452</load_address>
         <run_address>0x11452</run_address>
         <size>0x45</size>
         <input_file_ref idref="fl-1b"/>
      </object_component>
      <object_component id="oc-106">
         <name>.text:SCI_enableInterrupt</name>
         <load_address>0x11497</load_address>
         <run_address>0x11497</run_address>
         <size>0x44</size>
         <input_file_ref idref="fl-1b"/>
      </object_component>
      <object_component id="oc-f4">
         <name>.text:EQEP_setInputPolarity</name>
         <load_address>0x114db</load_address>
         <run_address>0x114db</run_address>
         <size>0x43</size>
         <input_file_ref idref="fl-17"/>
      </object_component>
      <object_component id="oc-13f">
         <name>.text:SCI_writeCharArray</name>
         <load_address>0x1151e</load_address>
         <run_address>0x1151e</run_address>
         <size>0x41</size>
         <input_file_ref idref="fl-1b"/>
      </object_component>
      <object_component id="oc-100">
         <name>.text:SCI_setConfig</name>
         <load_address>0x1155f</load_address>
         <run_address>0x1155f</run_address>
         <size>0x3e</size>
         <input_file_ref idref="fl-1b"/>
      </object_component>
      <object_component id="oc-b0">
         <name>.text:Interrupt_initModule</name>
         <load_address>0x1159d</load_address>
         <run_address>0x1159d</run_address>
         <size>0x3d</size>
         <input_file_ref idref="fl-1a"/>
      </object_component>
      <object_component id="oc-99">
         <name>.text:SCI_readCharArray</name>
         <load_address>0x115da</load_address>
         <run_address>0x115da</run_address>
         <size>0x3b</size>
         <input_file_ref idref="fl-1b"/>
      </object_component>
      <object_component id="oc-112">
         <name>.text:GPIO_setControllerCore</name>
         <load_address>0x11615</load_address>
         <run_address>0x11615</run_address>
         <size>0x37</size>
         <input_file_ref idref="fl-18"/>
      </object_component>
      <object_component id="oc-ca">
         <name>.text:GPIO_setPinConfig</name>
         <load_address>0x1164c</load_address>
         <run_address>0x1164c</run_address>
         <size>0x37</size>
         <input_file_ref idref="fl-18"/>
      </object_component>
      <object_component id="oc-d6">
         <name>.text:GPIO_setQualificationMode</name>
         <load_address>0x11683</load_address>
         <run_address>0x11683</run_address>
         <size>0x37</size>
         <input_file_ref idref="fl-18"/>
      </object_component>
      <object_component id="oc-bd">
         <name>.text:Interrupt_enable</name>
         <load_address>0x116ba</load_address>
         <run_address>0x116ba</run_address>
         <size>0x37</size>
         <input_file_ref idref="fl-1a"/>
      </object_component>
      <object_component id="oc-10c">
         <name>.text:GPIO_setDirectionMode</name>
         <load_address>0x116f1</load_address>
         <run_address>0x116f1</run_address>
         <size>0x31</size>
         <input_file_ref idref="fl-18"/>
      </object_component>
      <object_component id="oc-20">
         <name>.text:decompress:lzss</name>
         <load_address>0x11722</load_address>
         <run_address>0x11722</run_address>
         <size>0x2e</size>
         <input_file_ref idref="fl-39"/>
      </object_component>
      <object_component id="oc-2b7">
         <name>.text:__TI_auto_init_nobinit_nopinit</name>
         <load_address>0x11750</load_address>
         <run_address>0x11750</run_address>
         <size>0x2b</size>
         <input_file_ref idref="fl-36"/>
      </object_component>
      <object_component id="oc-289">
         <name>.text</name>
         <load_address>0x1177b</load_address>
         <run_address>0x1177b</run_address>
         <size>0x2a</size>
         <input_file_ref idref="fl-2d"/>
      </object_component>
      <object_component id="oc-212">
         <name>.text</name>
         <load_address>0x117a5</load_address>
         <run_address>0x117a5</run_address>
         <size>0x29</size>
         <input_file_ref idref="fl-3a"/>
      </object_component>
      <object_component id="oc-354">
         <name>.text:CPUTimer_selectClockSource</name>
         <load_address>0x117ce</load_address>
         <run_address>0x117ce</run_address>
         <size>0x28</size>
         <input_file_ref idref="fl-1c"/>
      </object_component>
      <object_component id="oc-316">
         <name>.text</name>
         <load_address>0x117f6</load_address>
         <run_address>0x117f6</run_address>
         <size>0x24</size>
         <input_file_ref idref="fl-48"/>
      </object_component>
      <object_component id="oc-1bc">
         <name>.text</name>
         <load_address>0x1181a</load_address>
         <run_address>0x1181a</run_address>
         <size>0x23</size>
         <input_file_ref idref="fl-34"/>
      </object_component>
      <object_component id="oc-27d">
         <name>.text:CAN_writeDataReg</name>
         <load_address>0x1183d</load_address>
         <run_address>0x1183d</run_address>
         <size>0x22</size>
         <input_file_ref idref="fl-15"/>
      </object_component>
      <object_component id="oc-161">
         <name>.text:SCI_isFIFOEnabled</name>
         <load_address>0x1185f</load_address>
         <run_address>0x1185f</run_address>
         <size>0x20</size>
         <input_file_ref idref="fl-1b"/>
      </object_component>
      <object_component id="oc-388">
         <name>.text:CPUTimer_getTimerOverflowStatus</name>
         <load_address>0x1187f</load_address>
         <run_address>0x1187f</run_address>
         <size>0x1f</size>
         <input_file_ref idref="fl-1c"/>
      </object_component>
      <object_component id="oc-48">
         <name>.text:Interrupt_initVectorTable</name>
         <load_address>0x1189e</load_address>
         <run_address>0x1189e</run_address>
         <size>0x1e</size>
         <input_file_ref idref="fl-1a"/>
      </object_component>
      <object_component id="oc-dc">
         <name>.text:CAN_initModule</name>
         <load_address>0x118bc</load_address>
         <run_address>0x118bc</run_address>
         <size>0x1c</size>
         <input_file_ref idref="fl-15"/>
      </object_component>
      <object_component id="oc-21a">
         <name>.text</name>
         <load_address>0x118d8</load_address>
         <run_address>0x118d8</run_address>
         <size>0x1c</size>
         <input_file_ref idref="fl-33"/>
      </object_component>
      <object_component id="oc-5f">
         <name>.text</name>
         <load_address>0x118f4</load_address>
         <run_address>0x118f4</run_address>
         <size>0x1c</size>
         <input_file_ref idref="fl-46"/>
      </object_component>
      <object_component id="oc-151">
         <name>.text:CAN_readDataReg</name>
         <load_address>0x11910</load_address>
         <run_address>0x11910</run_address>
         <size>0x1b</size>
         <input_file_ref idref="fl-15"/>
      </object_component>
      <object_component id="oc-15a">
         <name>.text:SCI_isBaseValid</name>
         <load_address>0x1192b</load_address>
         <run_address>0x1192b</run_address>
         <size>0x1b</size>
         <input_file_ref idref="fl-1b"/>
      </object_component>
      <object_component id="oc-1cd">
         <name>.text:CAN_initRAM</name>
         <load_address>0x11946</load_address>
         <run_address>0x11946</run_address>
         <size>0x1a</size>
         <input_file_ref idref="fl-15"/>
      </object_component>
      <object_component id="oc-360">
         <name>.text:CPUTimer_startTimer</name>
         <load_address>0x11960</load_address>
         <run_address>0x11960</run_address>
         <size>0x1a</size>
         <input_file_ref idref="fl-1c"/>
      </object_component>
      <object_component id="oc-16d">
         <name>.text:SCI_isDataAvailableNonFIFO</name>
         <load_address>0x1197a</load_address>
         <run_address>0x1197a</run_address>
         <size>0x1a</size>
         <input_file_ref idref="fl-1b"/>
      </object_component>
      <object_component id="oc-242">
         <name>.text:SCI_isSpaceAvailableNonFIFO</name>
         <load_address>0x11994</load_address>
         <run_address>0x11994</run_address>
         <size>0x1a</size>
         <input_file_ref idref="fl-1b"/>
      </object_component>
      <object_component id="oc-196">
         <name>.text:SysCtl_getLowSpeedClock</name>
         <load_address>0x119ae</load_address>
         <run_address>0x119ae</run_address>
         <size>0x1a</size>
         <input_file_ref idref="fl-1c"/>
      </object_component>
      <object_component id="oc-1f1">
         <name>.text:SCI_disableModule</name>
         <load_address>0x119c8</load_address>
         <run_address>0x119c8</run_address>
         <size>0x18</size>
         <input_file_ref idref="fl-1b"/>
      </object_component>
      <object_component id="oc-175">
         <name>.text:SCI_performSoftwareReset</name>
         <load_address>0x119e0</load_address>
         <run_address>0x119e0</run_address>
         <size>0x18</size>
         <input_file_ref idref="fl-1b"/>
      </object_component>
      <object_component id="oc-311">
         <name>.text</name>
         <load_address>0x119f8</load_address>
         <run_address>0x119f8</run_address>
         <size>0x18</size>
         <input_file_ref idref="fl-43"/>
      </object_component>
      <object_component id="oc-1d6">
         <name>.text:CPUTimer_isBaseValid</name>
         <load_address>0x11a10</load_address>
         <run_address>0x11a10</run_address>
         <size>0x17</size>
         <input_file_ref idref="fl-16"/>
      </object_component>
      <object_component id="oc-37c">
         <name>.text:CPUTimer_isBaseValid</name>
         <load_address>0x11a27</load_address>
         <run_address>0x11a27</run_address>
         <size>0x17</size>
         <input_file_ref idref="fl-1c"/>
      </object_component>
      <object_component id="oc-1df">
         <name>.text:EQEP_isBaseValid</name>
         <load_address>0x11a3e</load_address>
         <run_address>0x11a3e</run_address>
         <size>0x17</size>
         <input_file_ref idref="fl-17"/>
      </object_component>
      <object_component id="oc-12a">
         <name>.text</name>
         <load_address>0x11a55</load_address>
         <run_address>0x11a55</run_address>
         <size>0x17</size>
         <input_file_ref idref="fl-2b"/>
      </object_component>
      <object_component id="oc-44">
         <name>.text:Interrupt_defaultHandler</name>
         <load_address>0x11a6c</load_address>
         <run_address>0x11a6c</run_address>
         <size>0x16</size>
         <input_file_ref idref="fl-1a"/>
      </object_component>
      <object_component id="oc-14a">
         <name>.text:CAN_isBaseValid</name>
         <load_address>0x11a82</load_address>
         <run_address>0x11a82</run_address>
         <size>0x15</size>
         <input_file_ref idref="fl-15"/>
      </object_component>
      <object_component id="oc-348">
         <name>.text:CPUTimer_stopTimer</name>
         <load_address>0x11a97</load_address>
         <run_address>0x11a97</run_address>
         <size>0x14</size>
         <input_file_ref idref="fl-1c"/>
      </object_component>
      <object_component id="oc-167">
         <name>.text:SCI_getRxFIFOStatus</name>
         <load_address>0x11aab</load_address>
         <run_address>0x11aab</run_address>
         <size>0x14</size>
         <input_file_ref idref="fl-1b"/>
      </object_component>
      <object_component id="oc-23c">
         <name>.text:SCI_getTxFIFOStatus</name>
         <load_address>0x11abf</load_address>
         <run_address>0x11abf</run_address>
         <size>0x14</size>
         <input_file_ref idref="fl-1b"/>
      </object_component>
      <object_component id="oc-ee">
         <name>.text:CPUTimer_setEmulationMode</name>
         <load_address>0x11ad3</load_address>
         <run_address>0x11ad3</run_address>
         <size>0x13</size>
         <input_file_ref idref="fl-16"/>
      </object_component>
      <object_component id="oc-1e8">
         <name>.text:I2C_isBaseValid</name>
         <load_address>0x11ae6</load_address>
         <run_address>0x11ae6</run_address>
         <size>0x13</size>
         <input_file_ref idref="fl-19"/>
      </object_component>
      <object_component id="oc-1f7">
         <name>.text:SCI_enableModule</name>
         <load_address>0x11af9</load_address>
         <run_address>0x11af9</run_address>
         <size>0x13</size>
         <input_file_ref idref="fl-1b"/>
      </object_component>
      <object_component id="oc-35a">
         <name>.text:CPUTimer_clearOverflowFlag</name>
         <load_address>0x11b0c</load_address>
         <run_address>0x11b0c</run_address>
         <size>0x12</size>
         <input_file_ref idref="fl-1c"/>
      </object_component>
      <object_component id="oc-342">
         <name>.text:CPUTimer_disableInterrupt</name>
         <load_address>0x11b1e</load_address>
         <run_address>0x11b1e</run_address>
         <size>0x12</size>
         <input_file_ref idref="fl-1c"/>
      </object_component>
      <object_component id="oc-34e">
         <name>.text:CPUTimer_setPeriod</name>
         <load_address>0x11b30</load_address>
         <run_address>0x11b30</run_address>
         <size>0x11</size>
         <input_file_ref idref="fl-1c"/>
      </object_component>
      <object_component id="oc-366">
         <name>.text:SysCtl_pollCpuTimer</name>
         <load_address>0x11b41</load_address>
         <run_address>0x11b41</run_address>
         <size>0xf</size>
         <input_file_ref idref="fl-1c"/>
      </object_component>
      <object_component id="oc-1c4">
         <name>.text:GPIO_isPinValid</name>
         <load_address>0x11b50</load_address>
         <run_address>0x11b50</run_address>
         <size>0xe</size>
         <input_file_ref idref="fl-18"/>
      </object_component>
      <object_component id="oc-230">
         <name>.text</name>
         <load_address>0x11b5e</load_address>
         <run_address>0x11b5e</run_address>
         <size>0xe</size>
         <input_file_ref idref="fl-2f"/>
      </object_component>
      <object_component id="oc-1a6">
         <name>.text:Interrupt_enableGlobal</name>
         <load_address>0x11b6c</load_address>
         <run_address>0x11b6c</run_address>
         <size>0xd</size>
         <input_file_ref idref="fl-1a"/>
      </object_component>
      <object_component id="oc-66">
         <name>.text:decompress:ZI:__TI_zero_init_nomemset</name>
         <load_address>0x11b79</load_address>
         <run_address>0x11b79</run_address>
         <size>0xd</size>
         <input_file_ref idref="fl-37"/>
      </object_component>
      <object_component id="oc-20c">
         <name>.text</name>
         <load_address>0x11b86</load_address>
         <run_address>0x11b86</run_address>
         <size>0xc</size>
         <input_file_ref idref="fl-3c"/>
      </object_component>
      <object_component id="oc-25e">
         <name>.text:SysCtl_isMCDClockFailureDetected</name>
         <load_address>0x11b92</load_address>
         <run_address>0x11b92</run_address>
         <size>0xb</size>
         <input_file_ref idref="fl-1c"/>
      </object_component>
      <object_component id="oc-50">
         <name>.text:Interrupt_illegalOperationHandler</name>
         <load_address>0x11b9d</load_address>
         <run_address>0x11b9d</run_address>
         <size>0xa</size>
         <input_file_ref idref="fl-1a"/>
      </object_component>
      <object_component id="oc-56">
         <name>.text:Interrupt_nmiHandler</name>
         <load_address>0x11ba7</load_address>
         <run_address>0x11ba7</run_address>
         <size>0xa</size>
         <input_file_ref idref="fl-1a"/>
      </object_component>
      <object_component id="oc-26a">
         <name>.text:SysCtl_serviceWatchdog</name>
         <load_address>0x11bb1</load_address>
         <run_address>0x11bb1</run_address>
         <size>0x9</size>
         <input_file_ref idref="fl-1c"/>
      </object_component>
      <object_component id="oc-28e">
         <name>.text</name>
         <load_address>0x11bba</load_address>
         <run_address>0x11bba</run_address>
         <size>0x9</size>
         <input_file_ref idref="fl-42"/>
      </object_component>
      <object_component id="oc-26">
         <name>.text:decompress:none</name>
         <load_address>0x11bc3</load_address>
         <run_address>0x11bc3</run_address>
         <size>0x8</size>
         <input_file_ref idref="fl-38"/>
      </object_component>
      <object_component id="oc-36c">
         <name>.text:SysCtl_resetMCD</name>
         <load_address>0x11bcb</load_address>
         <run_address>0x11bcb</run_address>
         <size>0x7</size>
         <input_file_ref idref="fl-1c"/>
      </object_component>
      <object_component id="oc-205">
         <name>.text</name>
         <load_address>0x11bd2</load_address>
         <run_address>0x11bd2</run_address>
         <size>0x2</size>
         <input_file_ref idref="fl-35"/>
      </object_component>
      <object_component id="oc-337">
         <name>.text</name>
         <load_address>0x11bd4</load_address>
         <run_address>0x11bd4</run_address>
         <size>0x1</size>
         <input_file_ref idref="fl-3b"/>
      </object_component>
      <object_component id="oc-31d">
         <name>.text</name>
         <load_address>0x11bd5</load_address>
         <run_address>0x11bd5</run_address>
         <size>0x1</size>
         <input_file_ref idref="fl-47"/>
      </object_component>
      <object_component id="oc-3c7">
         <name>.cinit..data.load</name>
         <load_address>0x128</load_address>
         <run_address>0x128</run_address>
         <size>0x14</size>
      </object_component>
      <object_component id="oc-3c4">
         <name>__TI_handler_table</name>
         <load_address>0x13c</load_address>
         <run_address>0x13c</run_address>
         <size>0x6</size>
      </object_component>
      <object_component id="oc-3cd">
         <name>.cinit..bss.load</name>
         <load_address>0x142</load_address>
         <run_address>0x142</run_address>
         <size>0x4</size>
      </object_component>
      <object_component id="oc-3c5">
         <name>__TI_cinit_table</name>
         <load_address>0x146</load_address>
         <run_address>0x146</run_address>
         <size>0x8</size>
      </object_component>
      <object_component id="oc-5c">
         <name>.stack</name>
         <uninitialized>true</uninitialized>
         <run_address>0x400</run_address>
         <size>0x0</size>
         <input_file_ref idref="fl-2b"/>
      </object_component>
      <object_component id="oc-3c8">
         <name>.stack</name>
         <uninitialized>true</uninitialized>
         <run_address>0x400</run_address>
         <size>0x0</size>
      </object_component>
      <object_component id="oc-78">
         <name>.bss</name>
         <uninitialized>true</uninitialized>
         <run_address>0x9000</run_address>
         <size>0x176</size>
         <input_file_ref idref="fl-4"/>
      </object_component>
      <object_component id="oc-1b3">
         <name>.const:.string:_ctypes_</name>
         <load_address>0xa800</load_address>
         <run_address>0xa800</run_address>
         <size>0x101</size>
         <input_file_ref idref="fl-3d"/>
      </object_component>
      <object_component id="oc-147">
         <name>.const:.string</name>
         <load_address>0xa902</load_address>
         <run_address>0xa902</run_address>
         <size>0xcc</size>
         <input_file_ref idref="fl-49"/>
      </object_component>
      <object_component id="oc-25d">
         <name>.const:.string</name>
         <load_address>0xa9ce</load_address>
         <run_address>0xa9ce</run_address>
         <size>0xc2</size>
         <input_file_ref idref="fl-1c"/>
      </object_component>
      <object_component id="oc-1ca">
         <name>.const:.string</name>
         <load_address>0xaa90</load_address>
         <run_address>0xaa90</run_address>
         <size>0xbc</size>
         <input_file_ref idref="fl-18"/>
      </object_component>
      <object_component id="oc-150">
         <name>.const:.string</name>
         <load_address>0xab4c</load_address>
         <run_address>0xab4c</run_address>
         <size>0xbb</size>
         <input_file_ref idref="fl-15"/>
      </object_component>
      <object_component id="oc-160">
         <name>.const:.string</name>
         <load_address>0xac08</load_address>
         <run_address>0xac08</run_address>
         <size>0xbb</size>
         <input_file_ref idref="fl-1b"/>
      </object_component>
      <object_component id="oc-132">
         <name>.const:.string</name>
         <load_address>0xacc4</load_address>
         <run_address>0xacc4</run_address>
         <size>0x78</size>
         <input_file_ref idref="fl-b"/>
      </object_component>
      <object_component id="oc-1dc">
         <name>.const:.string</name>
         <load_address>0xad3c</load_address>
         <run_address>0xad3c</run_address>
         <size>0x62</size>
         <input_file_ref idref="fl-16"/>
      </object_component>
      <object_component id="oc-1e5">
         <name>.const:.string</name>
         <load_address>0xad9e</load_address>
         <run_address>0xad9e</run_address>
         <size>0x5e</size>
         <input_file_ref idref="fl-17"/>
      </object_component>
      <object_component id="oc-1ee">
         <name>.const:.string</name>
         <load_address>0xadfc</load_address>
         <run_address>0xadfc</run_address>
         <size>0x5d</size>
         <input_file_ref idref="fl-19"/>
      </object_component>
      <object_component id="oc-286">
         <name>.const:digits$17</name>
         <load_address>0xae5a</load_address>
         <run_address>0xae5a</run_address>
         <size>0x40</size>
         <input_file_ref idref="fl-3f"/>
      </object_component>
      <object_component id="oc-293">
         <name>.const:powerof10$17</name>
         <load_address>0xae9a</load_address>
         <run_address>0xae9a</run_address>
         <size>0x24</size>
         <input_file_ref idref="fl-3f"/>
      </object_component>
      <object_component id="oc-22f">
         <name>.const</name>
         <load_address>0xaebe</load_address>
         <run_address>0xaebe</run_address>
         <size>0x24</size>
         <input_file_ref idref="fl-49"/>
      </object_component>
      <object_component id="oc-235">
         <name>.const</name>
         <load_address>0xaee2</load_address>
         <run_address>0xaee2</run_address>
         <size>0x4</size>
         <input_file_ref idref="fl-28"/>
      </object_component>
      <object_component id="oc-a5">
         <name>.data</name>
         <load_address>0x8000</load_address>
         <run_address>0x8000</run_address>
         <size>0xe</size>
         <input_file_ref idref="fl-4"/>
      </object_component>
      <object_component id="oc-181">
         <name>.data</name>
         <load_address>0x800e</load_address>
         <run_address>0x800e</run_address>
         <size>0x6</size>
         <input_file_ref idref="fl-9"/>
      </object_component>
      <object_component id="oc-2e9">
         <name>.data</name>
         <load_address>0x8014</load_address>
         <run_address>0x8014</run_address>
         <size>0x6</size>
         <input_file_ref idref="fl-3a"/>
      </object_component>
      <object_component id="oc-238">
         <name>.data</name>
         <load_address>0x801c</load_address>
         <run_address>0x801c</run_address>
         <size>0x1</size>
         <input_file_ref idref="fl-40"/>
      </object_component>
      <object_component id="oc-2ec">
         <name>.data:_lock</name>
         <load_address>0x801a</load_address>
         <run_address>0x801a</run_address>
         <size>0x2</size>
         <input_file_ref idref="fl-3b"/>
      </object_component>
      <object_component id="oc-b6">
         <name>.TI.ramfunc</name>
         <load_address>0x123</load_address>
         <run_address>0x123</run_address>
         <size>0x4</size>
         <input_file_ref idref="fl-1c"/>
      </object_component>
      <object_component id="oc-a9">
         <name>.debug_types</name>
         <load_address>0x0</load_address>
         <run_address>0x0</run_address>
         <size>0x1b46</size>
         <input_file_ref idref="fl-4"/>
      </object_component>
      <object_component id="oc-19d">
         <name>.debug_types</name>
         <load_address>0x1b46</load_address>
         <run_address>0x1b46</run_address>
         <size>0x1012</size>
         <input_file_ref idref="fl-9"/>
      </object_component>
      <object_component id="oc-146">
         <name>.debug_types</name>
         <load_address>0x2b58</load_address>
         <run_address>0x2b58</run_address>
         <size>0xe7</size>
         <input_file_ref idref="fl-b"/>
      </object_component>
      <object_component id="oc-158">
         <name>.debug_types</name>
         <load_address>0x2c3f</load_address>
         <run_address>0x2c3f</run_address>
         <size>0x227</size>
         <input_file_ref idref="fl-15"/>
      </object_component>
      <object_component id="oc-1de">
         <name>.debug_types</name>
         <load_address>0x2e66</load_address>
         <run_address>0x2e66</run_address>
         <size>0xef</size>
         <input_file_ref idref="fl-16"/>
      </object_component>
      <object_component id="oc-1e7">
         <name>.debug_types</name>
         <load_address>0x0</load_address>
         <run_address>0x0</run_address>
         <size>0x0</size>
         <input_file_ref idref="fl-17"/>
      </object_component>
      <object_component id="oc-1c3">
         <name>.debug_types</name>
         <load_address>0x2f55</load_address>
         <run_address>0x2f55</run_address>
         <size>0x31e</size>
         <input_file_ref idref="fl-18"/>
      </object_component>
      <object_component id="oc-1f0">
         <name>.debug_types</name>
         <load_address>0x3273</load_address>
         <run_address>0x3273</run_address>
         <size>0x96</size>
         <input_file_ref idref="fl-19"/>
      </object_component>
      <object_component id="oc-11a">
         <name>.debug_types</name>
         <load_address>0x0</load_address>
         <run_address>0x0</run_address>
         <size>0x0</size>
         <input_file_ref idref="fl-1a"/>
      </object_component>
      <object_component id="oc-174">
         <name>.debug_types</name>
         <load_address>0x3309</load_address>
         <run_address>0x3309</run_address>
         <size>0x342</size>
         <input_file_ref idref="fl-1b"/>
      </object_component>
      <object_component id="oc-25c">
         <name>.debug_types</name>
         <load_address>0x364b</load_address>
         <run_address>0x364b</run_address>
         <size>0x21d</size>
         <input_file_ref idref="fl-1c"/>
      </object_component>
      <object_component id="oc-324">
         <name>.debug_types</name>
         <load_address>0x3868</load_address>
         <run_address>0x3868</run_address>
         <size>0x4b9</size>
         <input_file_ref idref="fl-36"/>
      </object_component>
      <object_component id="oc-2f0">
         <name>.debug_types</name>
         <load_address>0x3d21</load_address>
         <run_address>0x3d21</run_address>
         <size>0xbf</size>
         <input_file_ref idref="fl-3a"/>
      </object_component>
      <object_component id="oc-2e8">
         <name>.debug_types</name>
         <load_address>0x3de0</load_address>
         <run_address>0x3de0</run_address>
         <size>0xe1</size>
         <input_file_ref idref="fl-3c"/>
      </object_component>
      <object_component id="oc-376">
         <name>.debug_types</name>
         <load_address>0x0</load_address>
         <run_address>0x0</run_address>
         <size>0x0</size>
         <input_file_ref idref="fl-47"/>
      </object_component>
      <object_component id="oc-5e">
         <name>.debug_types</name>
         <load_address>0x3ec1</load_address>
         <run_address>0x3ec1</run_address>
         <size>0x206f</size>
         <input_file_ref idref="fl-49"/>
      </object_component>
      <object_component id="oc-79">
         <name>.debug_info</name>
         <load_address>0x0</load_address>
         <run_address>0x0</run_address>
         <size>0x446</size>
         <input_file_ref idref="fl-4"/>
      </object_component>
      <object_component id="oc-a6">
         <name>.debug_info</name>
         <load_address>0x446</load_address>
         <run_address>0x446</run_address>
         <size>0xec</size>
         <input_file_ref idref="fl-4"/>
      </object_component>
      <object_component id="oc-38">
         <name>.debug_info</name>
         <load_address>0x532</load_address>
         <run_address>0x532</run_address>
         <size>0x30c</size>
         <input_file_ref idref="fl-4"/>
      </object_component>
      <object_component id="oc-33">
         <name>.debug_info</name>
         <load_address>0x83e</load_address>
         <run_address>0x83e</run_address>
         <size>0x397</size>
         <input_file_ref idref="fl-4"/>
      </object_component>
      <object_component id="oc-30">
         <name>.debug_info</name>
         <load_address>0xbd5</load_address>
         <run_address>0xbd5</run_address>
         <size>0x10f</size>
         <input_file_ref idref="fl-8"/>
      </object_component>
      <object_component id="oc-75">
         <name>.debug_info</name>
         <load_address>0xce4</load_address>
         <run_address>0xce4</run_address>
         <size>0x110</size>
         <input_file_ref idref="fl-8"/>
      </object_component>
      <object_component id="oc-182">
         <name>.debug_info</name>
         <load_address>0xdf4</load_address>
         <run_address>0xdf4</run_address>
         <size>0x15a</size>
         <input_file_ref idref="fl-9"/>
      </object_component>
      <object_component id="oc-ab">
         <name>.debug_info</name>
         <load_address>0xf4e</load_address>
         <run_address>0xf4e</run_address>
         <size>0xbdb</size>
         <input_file_ref idref="fl-9"/>
      </object_component>
      <object_component id="oc-7e">
         <name>.debug_info</name>
         <load_address>0x1b29</load_address>
         <run_address>0x1b29</run_address>
         <size>0x7eb</size>
         <input_file_ref idref="fl-b"/>
      </object_component>
      <object_component id="oc-14b">
         <name>.debug_info</name>
         <load_address>0x2314</load_address>
         <run_address>0x2314</run_address>
         <size>0x207</size>
         <input_file_ref idref="fl-15"/>
      </object_component>
      <object_component id="oc-27f">
         <name>.debug_info</name>
         <load_address>0x251b</load_address>
         <run_address>0x251b</run_address>
         <size>0x26c</size>
         <input_file_ref idref="fl-15"/>
      </object_component>
      <object_component id="oc-152">
         <name>.debug_info</name>
         <load_address>0x2787</load_address>
         <run_address>0x2787</run_address>
         <size>0x25b</size>
         <input_file_ref idref="fl-15"/>
      </object_component>
      <object_component id="oc-1ce">
         <name>.debug_info</name>
         <load_address>0x29e2</load_address>
         <run_address>0x29e2</run_address>
         <size>0x21b</size>
         <input_file_ref idref="fl-15"/>
      </object_component>
      <object_component id="oc-dd">
         <name>.debug_info</name>
         <load_address>0x2bfd</load_address>
         <run_address>0x2bfd</run_address>
         <size>0x242</size>
         <input_file_ref idref="fl-15"/>
      </object_component>
      <object_component id="oc-e3">
         <name>.debug_info</name>
         <load_address>0x2e3f</load_address>
         <run_address>0x2e3f</run_address>
         <size>0x333</size>
         <input_file_ref idref="fl-15"/>
      </object_component>
      <object_component id="oc-94">
         <name>.debug_info</name>
         <load_address>0x3172</load_address>
         <run_address>0x3172</run_address>
         <size>0x255</size>
         <input_file_ref idref="fl-15"/>
      </object_component>
      <object_component id="oc-e9">
         <name>.debug_info</name>
         <load_address>0x33c7</load_address>
         <run_address>0x33c7</run_address>
         <size>0x349</size>
         <input_file_ref idref="fl-15"/>
      </object_component>
      <object_component id="oc-1ae">
         <name>.debug_info</name>
         <load_address>0x3710</load_address>
         <run_address>0x3710</run_address>
         <size>0x2d8</size>
         <input_file_ref idref="fl-15"/>
      </object_component>
      <object_component id="oc-8e">
         <name>.debug_info</name>
         <load_address>0x39e8</load_address>
         <run_address>0x39e8</run_address>
         <size>0x2af</size>
         <input_file_ref idref="fl-15"/>
      </object_component>
      <object_component id="oc-1da">
         <name>.debug_info</name>
         <load_address>0x3c97</load_address>
         <run_address>0x3c97</run_address>
         <size>0x219</size>
         <input_file_ref idref="fl-16"/>
      </object_component>
      <object_component id="oc-f0">
         <name>.debug_info</name>
         <load_address>0x3eb0</load_address>
         <run_address>0x3eb0</run_address>
         <size>0x265</size>
         <input_file_ref idref="fl-16"/>
      </object_component>
      <object_component id="oc-1e0">
         <name>.debug_info</name>
         <load_address>0x4115</load_address>
         <run_address>0x4115</run_address>
         <size>0x20b</size>
         <input_file_ref idref="fl-17"/>
      </object_component>
      <object_component id="oc-f7">
         <name>.debug_info</name>
         <load_address>0x4320</load_address>
         <run_address>0x4320</run_address>
         <size>0x2bb</size>
         <input_file_ref idref="fl-17"/>
      </object_component>
      <object_component id="oc-1c7">
         <name>.debug_info</name>
         <load_address>0x45db</load_address>
         <run_address>0x45db</run_address>
         <size>0x205</size>
         <input_file_ref idref="fl-18"/>
      </object_component>
      <object_component id="oc-10f">
         <name>.debug_info</name>
         <load_address>0x47e0</load_address>
         <run_address>0x47e0</run_address>
         <size>0x27d</size>
         <input_file_ref idref="fl-18"/>
      </object_component>
      <object_component id="oc-d3">
         <name>.debug_info</name>
         <load_address>0x4a5d</load_address>
         <run_address>0x4a5d</run_address>
         <size>0x266</size>
         <input_file_ref idref="fl-18"/>
      </object_component>
      <object_component id="oc-d9">
         <name>.debug_info</name>
         <load_address>0x4cc3</load_address>
         <run_address>0x4cc3</run_address>
         <size>0x2ae</size>
         <input_file_ref idref="fl-18"/>
      </object_component>
      <object_component id="oc-116">
         <name>.debug_info</name>
         <load_address>0x4f71</load_address>
         <run_address>0x4f71</run_address>
         <size>0x296</size>
         <input_file_ref idref="fl-18"/>
      </object_component>
      <object_component id="oc-cd">
         <name>.debug_info</name>
         <load_address>0x5207</load_address>
         <run_address>0x5207</run_address>
         <size>0x24f</size>
         <input_file_ref idref="fl-18"/>
      </object_component>
      <object_component id="oc-1e9">
         <name>.debug_info</name>
         <load_address>0x5456</load_address>
         <run_address>0x5456</run_address>
         <size>0x207</size>
         <input_file_ref idref="fl-19"/>
      </object_component>
      <object_component id="oc-fc">
         <name>.debug_info</name>
         <load_address>0x565d</load_address>
         <run_address>0x565d</run_address>
         <size>0x2c9</size>
         <input_file_ref idref="fl-19"/>
      </object_component>
      <object_component id="oc-1aa">
         <name>.debug_info</name>
         <load_address>0x5926</load_address>
         <run_address>0x5926</run_address>
         <size>0x1fe</size>
         <input_file_ref idref="fl-1a"/>
      </object_component>
      <object_component id="oc-1a2">
         <name>.debug_info</name>
         <load_address>0x5b24</load_address>
         <run_address>0x5b24</run_address>
         <size>0x200</size>
         <input_file_ref idref="fl-1a"/>
      </object_component>
      <object_component id="oc-b4">
         <name>.debug_info</name>
         <load_address>0x5d24</load_address>
         <run_address>0x5d24</run_address>
         <size>0x20f</size>
         <input_file_ref idref="fl-1a"/>
      </object_component>
      <object_component id="oc-4e">
         <name>.debug_info</name>
         <load_address>0x5f33</load_address>
         <run_address>0x5f33</run_address>
         <size>0x21c</size>
         <input_file_ref idref="fl-1a"/>
      </object_component>
      <object_component id="oc-54">
         <name>.debug_info</name>
         <load_address>0x614f</load_address>
         <run_address>0x614f</run_address>
         <size>0x202</size>
         <input_file_ref idref="fl-1a"/>
      </object_component>
      <object_component id="oc-5a">
         <name>.debug_info</name>
         <load_address>0x6351</load_address>
         <run_address>0x6351</run_address>
         <size>0x1e8</size>
         <input_file_ref idref="fl-1a"/>
      </object_component>
      <object_component id="oc-49">
         <name>.debug_info</name>
         <load_address>0x6539</load_address>
         <run_address>0x6539</run_address>
         <size>0x20c</size>
         <input_file_ref idref="fl-1a"/>
      </object_component>
      <object_component id="oc-be">
         <name>.debug_info</name>
         <load_address>0x6745</load_address>
         <run_address>0x6745</run_address>
         <size>0x2b3</size>
         <input_file_ref idref="fl-1a"/>
      </object_component>
      <object_component id="oc-15e">
         <name>.debug_info</name>
         <load_address>0x69f8</load_address>
         <run_address>0x69f8</run_address>
         <size>0x205</size>
         <input_file_ref idref="fl-1b"/>
      </object_component>
      <object_component id="oc-1fa">
         <name>.debug_info</name>
         <load_address>0x6bfd</load_address>
         <run_address>0x6bfd</run_address>
         <size>0x225</size>
         <input_file_ref idref="fl-1b"/>
      </object_component>
      <object_component id="oc-1f5">
         <name>.debug_info</name>
         <load_address>0x6e22</load_address>
         <run_address>0x6e22</run_address>
         <size>0x227</size>
         <input_file_ref idref="fl-1b"/>
      </object_component>
      <object_component id="oc-165">
         <name>.debug_info</name>
         <load_address>0x7049</load_address>
         <run_address>0x7049</run_address>
         <size>0x22f</size>
         <input_file_ref idref="fl-1b"/>
      </object_component>
      <object_component id="oc-170">
         <name>.debug_info</name>
         <load_address>0x7278</load_address>
         <run_address>0x7278</run_address>
         <size>0x241</size>
         <input_file_ref idref="fl-1b"/>
      </object_component>
      <object_component id="oc-246">
         <name>.debug_info</name>
         <load_address>0x74b9</load_address>
         <run_address>0x74b9</run_address>
         <size>0x243</size>
         <input_file_ref idref="fl-1b"/>
      </object_component>
      <object_component id="oc-23f">
         <name>.debug_info</name>
         <load_address>0x76fc</load_address>
         <run_address>0x76fc</run_address>
         <size>0x233</size>
         <input_file_ref idref="fl-1b"/>
      </object_component>
      <object_component id="oc-16b">
         <name>.debug_info</name>
         <load_address>0x792f</load_address>
         <run_address>0x792f</run_address>
         <size>0x233</size>
         <input_file_ref idref="fl-1b"/>
      </object_component>
      <object_component id="oc-179">
         <name>.debug_info</name>
         <load_address>0x7b62</load_address>
         <run_address>0x7b62</run_address>
         <size>0x235</size>
         <input_file_ref idref="fl-1b"/>
      </object_component>
      <object_component id="oc-104">
         <name>.debug_info</name>
         <load_address>0x7d97</load_address>
         <run_address>0x7d97</run_address>
         <size>0x2b5</size>
         <input_file_ref idref="fl-1b"/>
      </object_component>
      <object_component id="oc-142">
         <name>.debug_info</name>
         <load_address>0x804c</load_address>
         <run_address>0x804c</run_address>
         <size>0x2ce</size>
         <input_file_ref idref="fl-1b"/>
      </object_component>
      <object_component id="oc-9d">
         <name>.debug_info</name>
         <load_address>0x831a</load_address>
         <run_address>0x831a</run_address>
         <size>0x2cb</size>
         <input_file_ref idref="fl-1b"/>
      </object_component>
      <object_component id="oc-10a">
         <name>.debug_info</name>
         <load_address>0x85e5</load_address>
         <run_address>0x85e5</run_address>
         <size>0x23e</size>
         <input_file_ref idref="fl-1b"/>
      </object_component>
      <object_component id="oc-a3">
         <name>.debug_info</name>
         <load_address>0x8823</load_address>
         <run_address>0x8823</run_address>
         <size>0x268</size>
         <input_file_ref idref="fl-1b"/>
      </object_component>
      <object_component id="oc-26e">
         <name>.debug_info</name>
         <load_address>0x8a8b</load_address>
         <run_address>0x8a8b</run_address>
         <size>0x1f2</size>
         <input_file_ref idref="fl-1c"/>
      </object_component>
      <object_component id="oc-262">
         <name>.debug_info</name>
         <load_address>0x8c7d</load_address>
         <run_address>0x8c7d</run_address>
         <size>0x20e</size>
         <input_file_ref idref="fl-1c"/>
      </object_component>
      <object_component id="oc-370">
         <name>.debug_info</name>
         <load_address>0x8e8b</load_address>
         <run_address>0x8e8b</run_address>
         <size>0x1e4</size>
         <input_file_ref idref="fl-1c"/>
      </object_component>
      <object_component id="oc-380">
         <name>.debug_info</name>
         <load_address>0x906f</load_address>
         <run_address>0x906f</run_address>
         <size>0x217</size>
         <input_file_ref idref="fl-1c"/>
      </object_component>
      <object_component id="oc-35e">
         <name>.debug_info</name>
         <load_address>0x9286</load_address>
         <run_address>0x9286</run_address>
         <size>0x244</size>
         <input_file_ref idref="fl-1c"/>
      </object_component>
      <object_component id="oc-346">
         <name>.debug_info</name>
         <load_address>0x94ca</load_address>
         <run_address>0x94ca</run_address>
         <size>0x242</size>
         <input_file_ref idref="fl-1c"/>
      </object_component>
      <object_component id="oc-34c">
         <name>.debug_info</name>
         <load_address>0x970c</load_address>
         <run_address>0x970c</run_address>
         <size>0x24a</size>
         <input_file_ref idref="fl-1c"/>
      </object_component>
      <object_component id="oc-364">
         <name>.debug_info</name>
         <load_address>0x9956</load_address>
         <run_address>0x9956</run_address>
         <size>0x24d</size>
         <input_file_ref idref="fl-1c"/>
      </object_component>
      <object_component id="oc-352">
         <name>.debug_info</name>
         <load_address>0x9ba3</load_address>
         <run_address>0x9ba3</run_address>
         <size>0x24e</size>
         <input_file_ref idref="fl-1c"/>
      </object_component>
      <object_component id="oc-38b">
         <name>.debug_info</name>
         <load_address>0x9df1</load_address>
         <run_address>0x9df1</run_address>
         <size>0x258</size>
         <input_file_ref idref="fl-1c"/>
      </object_component>
      <object_component id="oc-357">
         <name>.debug_info</name>
         <load_address>0xa049</load_address>
         <run_address>0xa049</run_address>
         <size>0x27c</size>
         <input_file_ref idref="fl-1c"/>
      </object_component>
      <object_component id="oc-369">
         <name>.debug_info</name>
         <load_address>0xa2c5</load_address>
         <run_address>0xa2c5</run_address>
         <size>0x241</size>
         <input_file_ref idref="fl-1c"/>
      </object_component>
      <object_component id="oc-192">
         <name>.debug_info</name>
         <load_address>0xa506</load_address>
         <run_address>0xa506</run_address>
         <size>0x277</size>
         <input_file_ref idref="fl-1c"/>
      </object_component>
      <object_component id="oc-18e">
         <name>.debug_info</name>
         <load_address>0xa77d</load_address>
         <run_address>0xa77d</run_address>
         <size>0x519</size>
         <input_file_ref idref="fl-1c"/>
      </object_component>
      <object_component id="oc-304">
         <name>.debug_info</name>
         <load_address>0xac96</load_address>
         <run_address>0xac96</run_address>
         <size>0x3ba</size>
         <input_file_ref idref="fl-1c"/>
      </object_component>
      <object_component id="oc-267">
         <name>.debug_info</name>
         <load_address>0xb050</load_address>
         <run_address>0xb050</run_address>
         <size>0x243</size>
         <input_file_ref idref="fl-1c"/>
      </object_component>
      <object_component id="oc-19a">
         <name>.debug_info</name>
         <load_address>0xb293</load_address>
         <run_address>0xb293</run_address>
         <size>0x251</size>
         <input_file_ref idref="fl-1c"/>
      </object_component>
      <object_component id="oc-186">
         <name>.debug_info</name>
         <load_address>0xb4e4</load_address>
         <run_address>0xb4e4</run_address>
         <size>0x241</size>
         <input_file_ref idref="fl-1c"/>
      </object_component>
      <object_component id="oc-12c">
         <name>.debug_info</name>
         <load_address>0xb725</load_address>
         <run_address>0xb725</run_address>
         <size>0x147</size>
         <input_file_ref idref="fl-2b"/>
      </object_component>
      <object_component id="oc-22b">
         <name>.debug_info</name>
         <load_address>0xb86c</load_address>
         <run_address>0xb86c</run_address>
         <size>0x116</size>
         <input_file_ref idref="fl-2c"/>
      </object_component>
      <object_component id="oc-28b">
         <name>.debug_info</name>
         <load_address>0xb982</load_address>
         <run_address>0xb982</run_address>
         <size>0x120</size>
         <input_file_ref idref="fl-2d"/>
      </object_component>
      <object_component id="oc-226">
         <name>.debug_info</name>
         <load_address>0xbaa2</load_address>
         <run_address>0xbaa2</run_address>
         <size>0x116</size>
         <input_file_ref idref="fl-2e"/>
      </object_component>
      <object_component id="oc-231">
         <name>.debug_info</name>
         <load_address>0xbbb8</load_address>
         <run_address>0xbbb8</run_address>
         <size>0x12a</size>
         <input_file_ref idref="fl-2f"/>
      </object_component>
      <object_component id="oc-271">
         <name>.debug_info</name>
         <load_address>0xbce2</load_address>
         <run_address>0xbce2</run_address>
         <size>0x116</size>
         <input_file_ref idref="fl-30"/>
      </object_component>
      <object_component id="oc-21b">
         <name>.debug_info</name>
         <load_address>0xbdf8</load_address>
         <run_address>0xbdf8</run_address>
         <size>0x11a</size>
         <input_file_ref idref="fl-33"/>
      </object_component>
      <object_component id="oc-1bf">
         <name>.debug_info</name>
         <load_address>0xbf12</load_address>
         <run_address>0xbf12</run_address>
         <size>0x11a</size>
         <input_file_ref idref="fl-34"/>
      </object_component>
      <object_component id="oc-2ba">
         <name>.debug_info</name>
         <load_address>0xc02c</load_address>
         <run_address>0xc02c</run_address>
         <size>0x1ae</size>
         <input_file_ref idref="fl-36"/>
      </object_component>
      <object_component id="oc-2ea">
         <name>.debug_info</name>
         <load_address>0xc1da</load_address>
         <run_address>0xc1da</run_address>
         <size>0x18d</size>
         <input_file_ref idref="fl-3a"/>
      </object_component>
      <object_component id="oc-213">
         <name>.debug_info</name>
         <load_address>0xc367</load_address>
         <run_address>0xc367</run_address>
         <size>0x198</size>
         <input_file_ref idref="fl-3a"/>
      </object_component>
      <object_component id="oc-210">
         <name>.debug_info</name>
         <load_address>0xc4ff</load_address>
         <run_address>0xc4ff</run_address>
         <size>0x14c</size>
         <input_file_ref idref="fl-3c"/>
      </object_component>
      <object_component id="oc-290">
         <name>.debug_info</name>
         <load_address>0xc64b</load_address>
         <run_address>0xc64b</run_address>
         <size>0x116</size>
         <input_file_ref idref="fl-42"/>
      </object_component>
      <object_component id="oc-314">
         <name>.debug_info</name>
         <load_address>0xc761</load_address>
         <run_address>0xc761</run_address>
         <size>0x194</size>
         <input_file_ref idref="fl-43"/>
      </object_component>
      <object_component id="oc-297">
         <name>.debug_info</name>
         <load_address>0xc8f5</load_address>
         <run_address>0xc8f5</run_address>
         <size>0x116</size>
         <input_file_ref idref="fl-44"/>
      </object_component>
      <object_component id="oc-31e">
         <name>.debug_info</name>
         <load_address>0xca0b</load_address>
         <run_address>0xca0b</run_address>
         <size>0x136</size>
         <input_file_ref idref="fl-47"/>
      </object_component>
      <object_component id="oc-239">
         <name>.debug_info</name>
         <load_address>0xcb41</load_address>
         <run_address>0xcb41</run_address>
         <size>0xd3</size>
         <input_file_ref idref="fl-49"/>
      </object_component>
      <object_component id="oc-2ed">
         <name>.debug_info</name>
         <load_address>0xcc14</load_address>
         <run_address>0xcc14</run_address>
         <size>0xd3</size>
         <input_file_ref idref="fl-49"/>
      </object_component>
      <object_component id="oc-236">
         <name>.debug_info</name>
         <load_address>0xcce7</load_address>
         <run_address>0xcce7</run_address>
         <size>0xd3</size>
         <input_file_ref idref="fl-49"/>
      </object_component>
      <object_component id="oc-294">
         <name>.debug_info</name>
         <load_address>0xcdba</load_address>
         <run_address>0xcdba</run_address>
         <size>0xde</size>
         <input_file_ref idref="fl-49"/>
      </object_component>
      <object_component id="oc-287">
         <name>.debug_info</name>
         <load_address>0xce98</load_address>
         <run_address>0xce98</run_address>
         <size>0xd8</size>
         <input_file_ref idref="fl-49"/>
      </object_component>
      <object_component id="oc-1b4">
         <name>.debug_info</name>
         <load_address>0xcf70</load_address>
         <run_address>0xcf70</run_address>
         <size>0xd9</size>
         <input_file_ref idref="fl-49"/>
      </object_component>
      <object_component id="oc-c4">
         <name>.debug_info</name>
         <load_address>0xd049</load_address>
         <run_address>0xd049</run_address>
         <size>0x4f7</size>
         <input_file_ref idref="fl-49"/>
      </object_component>
      <object_component id="oc-134">
         <name>.debug_info</name>
         <load_address>0xd540</load_address>
         <run_address>0xd540</run_address>
         <size>0x13c</size>
         <input_file_ref idref="fl-49"/>
      </object_component>
      <object_component id="oc-1b7">
         <name>.debug_info</name>
         <load_address>0xd67c</load_address>
         <run_address>0xd67c</run_address>
         <size>0x45f</size>
         <input_file_ref idref="fl-49"/>
      </object_component>
      <object_component id="oc-220">
         <name>.debug_info</name>
         <load_address>0xdadb</load_address>
         <run_address>0xdadb</run_address>
         <size>0x2b5</size>
         <input_file_ref idref="fl-49"/>
      </object_component>
      <object_component id="oc-317">
         <name>.debug_info</name>
         <load_address>0xdd90</load_address>
         <run_address>0xdd90</run_address>
         <size>0x145</size>
         <input_file_ref idref="fl-49"/>
      </object_component>
      <object_component id="oc-29c">
         <name>.debug_info</name>
         <load_address>0xded5</load_address>
         <run_address>0xded5</run_address>
         <size>0x1c6</size>
         <input_file_ref idref="fl-49"/>
      </object_component>
      <object_component id="oc-88">
         <name>.debug_info</name>
         <load_address>0xe09b</load_address>
         <run_address>0xe09b</run_address>
         <size>0x245</size>
         <input_file_ref idref="fl-49"/>
      </object_component>
      <object_component id="oc-82">
         <name>.debug_info</name>
         <load_address>0xe2e0</load_address>
         <run_address>0xe2e0</run_address>
         <size>0xae6</size>
         <input_file_ref idref="fl-49"/>
      </object_component>
      <object_component id="oc-60">
         <name>.debug_info</name>
         <load_address>0xedc6</load_address>
         <run_address>0xedc6</run_address>
         <size>0x15b</size>
         <input_file_ref idref="fl-49"/>
      </object_component>
      <object_component id="oc-338">
         <name>.debug_info</name>
         <load_address>0xef21</load_address>
         <run_address>0xef21</run_address>
         <size>0xe8</size>
         <input_file_ref idref="fl-49"/>
      </object_component>
      <object_component id="oc-13a">
         <name>.debug_info</name>
         <load_address>0xf009</load_address>
         <run_address>0xf009</run_address>
         <size>0x1ff</size>
         <input_file_ref idref="fl-49"/>
      </object_component>
      <object_component id="oc-206">
         <name>.debug_info</name>
         <load_address>0xf208</load_address>
         <run_address>0xf208</run_address>
         <size>0x10b</size>
         <input_file_ref idref="fl-49"/>
      </object_component>
      <object_component id="oc-68">
         <name>.debug_info</name>
         <load_address>0xf313</load_address>
         <run_address>0xf313</run_address>
         <size>0x16e</size>
         <input_file_ref idref="fl-49"/>
      </object_component>
      <object_component id="oc-28">
         <name>.debug_info</name>
         <load_address>0xf481</load_address>
         <run_address>0xf481</run_address>
         <size>0x169</size>
         <input_file_ref idref="fl-49"/>
      </object_component>
      <object_component id="oc-22">
         <name>.debug_info</name>
         <load_address>0xf5ea</load_address>
         <run_address>0xf5ea</run_address>
         <size>0x1be</size>
         <input_file_ref idref="fl-49"/>
      </object_component>
      <object_component id="oc-b9">
         <name>.debug_info</name>
         <load_address>0xf7a8</load_address>
         <run_address>0xf7a8</run_address>
         <size>0x125</size>
         <input_file_ref idref="fl-49"/>
      </object_component>
      <object_component id="oc-40">
         <name>.debug_info</name>
         <load_address>0xf8cd</load_address>
         <run_address>0xf8cd</run_address>
         <size>0xcea</size>
         <input_file_ref idref="fl-49"/>
      </object_component>
      <object_component id="oc-3cf">
         <name>.debug_info</name>
         <load_address>0x105b7</load_address>
         <run_address>0x105b7</run_address>
         <size>0xaf</size>
      </object_component>
      <object_component id="oc-131">
         <name>.debug_line</name>
         <load_address>0x0</load_address>
         <run_address>0x0</run_address>
         <size>0x35</size>
         <input_file_ref idref="fl-4"/>
      </object_component>
      <object_component id="oc-17d">
         <name>.debug_line</name>
         <load_address>0x35</load_address>
         <run_address>0x35</run_address>
         <size>0x35</size>
         <input_file_ref idref="fl-4"/>
      </object_component>
      <object_component id="oc-37">
         <name>.debug_line</name>
         <load_address>0x6a</load_address>
         <run_address>0x6a</run_address>
         <size>0x160</size>
         <input_file_ref idref="fl-4"/>
      </object_component>
      <object_component id="oc-3d">
         <name>.debug_line</name>
         <load_address>0x1ca</load_address>
         <run_address>0x1ca</run_address>
         <size>0x293</size>
         <input_file_ref idref="fl-4"/>
      </object_component>
      <object_component id="oc-17f">
         <name>.debug_line</name>
         <load_address>0x45d</load_address>
         <run_address>0x45d</run_address>
         <size>0x280</size>
         <input_file_ref idref="fl-4"/>
      </object_component>
      <object_component id="oc-2e">
         <name>.debug_line</name>
         <load_address>0x6dd</load_address>
         <run_address>0x6dd</run_address>
         <size>0x55</size>
         <input_file_ref idref="fl-8"/>
      </object_component>
      <object_component id="oc-73">
         <name>.debug_line</name>
         <load_address>0x732</load_address>
         <run_address>0x732</run_address>
         <size>0x5d</size>
         <input_file_ref idref="fl-8"/>
      </object_component>
      <object_component id="oc-25a">
         <name>.debug_line</name>
         <load_address>0x78f</load_address>
         <run_address>0x78f</run_address>
         <size>0x37</size>
         <input_file_ref idref="fl-9"/>
[...]
         <object_component_ref idref="oc-c3"/>
      </symbol>
      <symbol id="sm-1db">
         <name>_lock</name>
         <value>0x801a</value>
         <object_component_ref idref="oc-2ec"/>
      </symbol>
      <symbol id="sm-1dc">
         <name>BL_PIC_init</name>
         <value>0xf3a6</value>
         <object_component_ref idref="oc-3e"/>
      </symbol>
      <symbol id="sm-1dd">
         <name>HAL_steeringControl</name>
         <value>0xf7cb</value>
         <object_component_ref idref="oc-81"/>
      </symbol>
      <symbol id="sm-1de">
         <name>__TI_zero_init_nomemset</name>
         <value>0x11b79</value>
         <object_component_ref idref="oc-66"/>
      </symbol>
      <symbol id="sm-1df">
         <name>HAL_hoverDetection</name>
         <value>0xf8ee</value>
         <object_component_ref idref="oc-81"/>
      </symbol>
      <symbol id="sm-1e0">
         <name>ldexpl</name>
         <value>0xff47</value>
         <object_component_ref idref="oc-29b"/>
      </symbol>
      <symbol id="sm-1e1">
         <name>EPWM_init</name>
         <value>0xf18f</value>
         <object_component_ref idref="oc-3e"/>
      </symbol>
      <symbol id="sm-1e2">
         <name>sqrt</name>
         <value>0x10a96</value>
         <object_component_ref idref="oc-21f"/>
      </symbol>
      <symbol id="sm-1e3">
         <name>HAL_vehicleRun</name>
         <value>0xf725</value>
         <object_component_ref idref="oc-81"/>
      </symbol>
      <symbol id="sm-1e4">
         <name>__TI_decompress_lzss</name>
         <value>0x11722</value>
         <object_component_ref idref="oc-20"/>
      </symbol>
      <symbol id="sm-1e5">
         <name>strtod</name>
         <value>0xfcc4</value>
         <object_component_ref idref="oc-1b6"/>
      </symbol>
      <symbol id="sm-1e6">
         <name>updateCAN</name>
         <value>0x10358</value>
         <object_component_ref idref="oc-c3"/>
      </symbol>
      <symbol id="sm-1e7">
         <name>ldexp</name>
         <value>0xff47</value>
         <object_component_ref idref="oc-29b"/>
      </symbol>
      <symbol id="sm-1e8">
         <name>Data_output_init</name>
         <value>0xf33d</value>
         <object_component_ref idref="oc-3e"/>
      </symbol>
      <symbol id="sm-1e9">
         <name>pidControllerInit</name>
         <value>0x10c4f</value>
         <object_component_ref idref="oc-87"/>
      </symbol>
      <symbol id="sm-1ea">
         <name>motorSetStatus</name>
         <value>0xf4c1</value>
         <object_component_ref idref="oc-81"/>
      </symbol>
      <symbol id="sm-1eb">
         <name>__TI_decompress_none</name>
         <value>0x11bc3</value>
         <object_component_ref idref="oc-26"/>
      </symbol>
      <symbol id="sm-1ec">
         <name>_system_pre_init</name>
         <value>0x11bd2</value>
         <object_component_ref idref="oc-205"/>
      </symbol>
      <symbol id="sm-211">
         <name>usartHandle</name>
         <value>0x9012</value>
         <object_component_ref idref="oc-78"/>
      </symbol>
      <symbol id="sm-212">
         <name>INT_BL_PIC_RX_ISR</name>
         <value>0x10957</value>
         <object_component_ref idref="oc-32"/>
      </symbol>
      <symbol id="sm-213">
         <name>usartB</name>
         <value>0x904e</value>
         <object_component_ref idref="oc-78"/>
      </symbol>
      <symbol id="sm-214">
         <name>INT_mainCAN_ISR</name>
         <value>0x108f2</value>
         <object_component_ref idref="oc-32"/>
      </symbol>
      <symbol id="sm-215">
         <name>speedController_RightHandle</name>
         <value>0x900c</value>
         <object_component_ref idref="oc-78"/>
      </symbol>
      <symbol id="sm-216">
         <name>eqepMotorBHandle</name>
         <value>0x900a</value>
         <object_component_ref idref="oc-78"/>
      </symbol>
      <symbol id="sm-217">
         <name>can1</name>
         <value>0x9062</value>
         <object_component_ref idref="oc-78"/>
      </symbol>
      <symbol id="sm-218">
         <name>CANHandle</name>
         <value>0x9010</value>
         <object_component_ref idref="oc-78"/>
      </symbol>
      <symbol id="sm-219">
         <name>speedController_Right</name>
         <value>0x9080</value>
         <object_component_ref idref="oc-78"/>
      </symbol>
      <symbol id="sm-21a">
         <name>speedController_LeftHandle</name>
         <value>0x900e</value>
         <object_component_ref idref="oc-78"/>
      </symbol>
      <symbol id="sm-21b">
         <name>main</name>
         <value>0x10d21</value>
         <object_component_ref idref="oc-36"/>
      </symbol>
      <symbol id="sm-21c">
         <name>imu1Handle</name>
         <value>0x9004</value>
         <object_component_ref idref="oc-78"/>
      </symbol>
      <symbol id="sm-21d">
         <name>motor1Handle</name>
         <value>0x9000</value>
         <object_component_ref idref="oc-78"/>
      </symbol>
      <symbol id="sm-21e">
         <name>imu1</name>
         <value>0x9140</value>
         <object_component_ref idref="oc-78"/>
      </symbol>
      <symbol id="sm-21f">
         <name>motor1</name>
         <value>0x9014</value>
         <object_component_ref idref="oc-78"/>
      </symbol>
      <symbol id="sm-220">
         <name>motor2</name>
         <value>0x9022</value>
         <object_component_ref idref="oc-78"/>
      </symbol>
      <symbol id="sm-221">
         <name>vehicle1</name>
         <value>0x9100</value>
         <object_component_ref idref="oc-78"/>
      </symbol>
      <symbol id="sm-222">
         <name>eqepMotorAHandle</name>
         <value>0x9008</value>
         <object_component_ref idref="oc-78"/>
      </symbol>
      <symbol id="sm-223">
         <name>speedController_Left</name>
         <value>0x90c0</value>
         <object_component_ref idref="oc-78"/>
      </symbol>
      <symbol id="sm-224">
         <name>motor2Handle</name>
         <value>0x9002</value>
         <object_component_ref idref="oc-78"/>
      </symbol>
      <symbol id="sm-225">
         <name>speedRamp</name>
         <value>0x8000</value>
         <object_component_ref idref="oc-a5"/>
      </symbol>
      <symbol id="sm-226">
         <name>INT_mainController_ISR</name>
         <value>0x107ac</value>
         <object_component_ref idref="oc-32"/>
      </symbol>
      <symbol id="sm-227">
         <name>eqepMotorB</name>
         <value>0x9040</value>
         <object_component_ref idref="oc-78"/>
      </symbol>
      <symbol id="sm-228">
         <name>eqepMotorA</name>
         <value>0x9030</value>
         <object_component_ref idref="oc-78"/>
      </symbol>
      <symbol id="sm-229">
         <name>vehicle1handle</name>
         <value>0x9006</value>
         <object_component_ref idref="oc-78"/>
      </symbol>
      <symbol id="sm-238">
         <name>code_start</name>
         <value>0x0</value>
         <object_component_ref idref="oc-2d"/>
      </symbol>
      <symbol id="sm-25d">
         <name>Device_enableAllPeripherals</name>
         <value>0x100af</value>
         <object_component_ref idref="oc-aa"/>
      </symbol>
      <symbol id="sm-25e">
         <name>Device_initGPIO</name>
         <value>0x1005e</value>
         <object_component_ref idref="oc-aa"/>
      </symbol>
      <symbol id="sm-25f">
         <name>Example_Fail</name>
         <value>0x8012</value>
         <object_component_ref idref="oc-181"/>
      </symbol>
      <symbol id="sm-260">
         <name>Example_setResultFail</name>
         <value>0x10008</value>
         <object_component_ref idref="oc-aa"/>
      </symbol>
      <symbol id="sm-261">
         <name>Device_bootCPU2</name>
         <value>0x101e6</value>
         <object_component_ref idref="oc-aa"/>
      </symbol>
      <symbol id="sm-262">
         <name>Device_init</name>
         <value>0x1018d</value>
         <object_component_ref idref="oc-aa"/>
      </symbol>
      <symbol id="sm-263">
         <name>Example_Result</name>
         <value>0x800e</value>
         <object_component_ref idref="oc-181"/>
      </symbol>
      <symbol id="sm-264">
         <name>Device_enableUnbondedGPIOPullups</name>
         <value>0x1003e</value>
         <object_component_ref idref="oc-aa"/>
      </symbol>
      <symbol id="sm-265">
         <name>__error__</name>
         <value>0x10000</value>
         <object_component_ref idref="oc-aa"/>
      </symbol>
      <symbol id="sm-266">
         <name>Example_setResultPass</name>
         <value>0x10003</value>
         <object_component_ref idref="oc-aa"/>
      </symbol>
      <symbol id="sm-267">
         <name>Device_configureTMXAnalogTrim</name>
         <value>0x1007c</value>
         <object_component_ref idref="oc-aa"/>
      </symbol>
      <symbol id="sm-268">
         <name>Device_enableUnbondedGPIOPullupsFor176Pin</name>
         <value>0x1000e</value>
         <object_component_ref idref="oc-aa"/>
      </symbol>
      <symbol id="sm-269">
         <name>Example_done</name>
         <value>0x1000d</value>
         <object_component_ref idref="oc-aa"/>
      </symbol>
      <symbol id="sm-26a">
         <name>Example_PassCount</name>
         <value>0x8010</value>
         <object_component_ref idref="oc-181"/>
      </symbol>
      <symbol id="sm-26b">
         <name>Device_enableUnbondedGPIOPullupsFor100Pin</name>
         <value>0x10021</value>
         <object_component_ref idref="oc-aa"/>
      </symbol>
      <symbol id="sm-28e">
         <name>setOffset</name>
         <value>0xf95a</value>
         <object_component_ref idref="oc-7b"/>
      </symbol>
      <symbol id="sm-28f">
         <name>IMUWrite</name>
         <value>0xfa5d</value>
         <object_component_ref idref="oc-7b"/>
      </symbol>
      <symbol id="sm-290">
         <name>deviceReset</name>
         <value>0xfaa6</value>
         <object_component_ref idref="oc-7b"/>
      </symbol>
      <symbol id="sm-291">
         <name>IMURead</name>
         <value>0xf96f</value>
         <object_component_ref idref="oc-7b"/>
      </symbol>
      <symbol id="sm-292">
         <name>MPU6050init</name>
         <value>0xfc67</value>
         <object_component_ref idref="oc-7b"/>
      </symbol>
      <symbol id="sm-293">
         <name>MPU_dataProcessing</name>
         <value>0xfbe2</value>
         <object_component_ref idref="oc-7b"/>
      </symbol>
      <symbol id="sm-294">
         <name>complemenaryEuler</name>
         <value>0xfac7</value>
         <object_component_ref idref="oc-7b"/>
      </symbol>
      <symbol id="sm-295">
         <name>checkAttendence</name>
         <value>0xfbc0</value>
         <object_component_ref idref="oc-7b"/>
      </symbol>
      <symbol id="sm-296">
         <name>getGAdata_floating</name>
         <value>0xf9d1</value>
         <object_component_ref idref="oc-7b"/>
      </symbol>
      <symbol id="sm-321">
         <name>CAN_sendMessage</name>
         <value>0x1110b</value>
         <object_component_ref idref="oc-1ad"/>
      </symbol>
      <symbol id="sm-322">
         <name>CAN_setBitTiming</name>
         <value>0x1124b</value>
         <object_component_ref idref="oc-e2"/>
      </symbol>
      <symbol id="sm-323">
         <name>CAN_clearInterruptStatus</name>
         <value>0x1140c</value>
         <object_component_ref idref="oc-93"/>
      </symbol>
      <symbol id="sm-324">
         <name>CAN_setupMessageObject</name>
         <value>0x10b74</value>
         <object_component_ref idref="oc-e8"/>
      </symbol>
      <symbol id="sm-325">
         <name>CAN_initModule</name>
         <value>0x118bc</value>
         <object_component_ref idref="oc-dc"/>
      </symbol>
      <symbol id="sm-326">
         <name>CAN_readMessage</name>
         <value>0x111e5</value>
         <object_component_ref idref="oc-8d"/>
      </symbol>
      <symbol id="sm-340">
         <name>CPUTimer_setEmulationMode</name>
         <value>0x11ad3</value>
         <object_component_ref idref="oc-ee"/>
      </symbol>
      <symbol id="sm-362">
         <name>EQEP_setInputPolarity</name>
         <value>0x114db</value>
         <object_component_ref idref="oc-f4"/>
      </symbol>
      <symbol id="sm-3a4">
         <name>GPIO_setQualificationMode</name>
         <value>0x11683</value>
         <object_component_ref idref="oc-d6"/>
      </symbol>
      <symbol id="sm-3a5">
         <name>GPIO_setPadConfig</name>
         <value>0x10fa6</value>
         <object_component_ref idref="oc-d0"/>
      </symbol>
      <symbol id="sm-3a6">
         <name>GPIO_setDirectionMode</name>
         <value>0x116f1</value>
         <object_component_ref idref="oc-10c"/>
      </symbol>
      <symbol id="sm-3a7">
         <name>GPIO_setPinConfig</name>
         <value>0x1164c</value>
         <object_component_ref idref="oc-ca"/>
      </symbol>
      <symbol id="sm-3a8">
         <name>GPIO_setControllerCore</name>
         <value>0x11615</value>
         <object_component_ref idref="oc-112"/>
      </symbol>
      <symbol id="sm-3ca">
         <name>I2C_initController</name>
         <value>0x112af</value>
         <object_component_ref idref="oc-fa"/>
      </symbol>
      <symbol id="sm-419">
         <name>Interrupt_defaultHandler</name>
         <value>0x11a6c</value>
         <object_component_ref idref="oc-44"/>
      </symbol>
      <symbol id="sm-41a">
         <name>Interrupt_initModule</name>
         <value>0x1159d</value>
         <object_component_ref idref="oc-b0"/>
      </symbol>
      <symbol id="sm-41b">
         <name>Interrupt_nmiHandler</name>
         <value>0x11ba7</value>
         <object_component_ref idref="oc-56"/>
      </symbol>
      <symbol id="sm-41c">
         <name>Interrupt_enable</name>
         <value>0x116ba</value>
         <object_component_ref idref="oc-bd"/>
      </symbol>
      <symbol id="sm-41d">
         <name>Interrupt_initVectorTable</name>
         <value>0x1189e</value>
         <object_component_ref idref="oc-48"/>
      </symbol>
      <symbol id="sm-41e">
         <name>Interrupt_illegalOperationHandler</name>
         <value>0x11b9d</value>
         <object_component_ref idref="oc-50"/>
      </symbol>
      <symbol id="sm-4bd">
         <name>SCI_readCharArray</name>
         <value>0x115da</value>
         <object_component_ref idref="oc-99"/>
      </symbol>
      <symbol id="sm-4be">
         <name>SCI_clearInterruptStatus</name>
         <value>0x11452</value>
         <object_component_ref idref="oc-9f"/>
      </symbol>
      <symbol id="sm-4bf">
         <name>SCI_writeCharArray</name>
         <value>0x1151e</value>
         <object_component_ref idref="oc-13f"/>
      </symbol>
      <symbol id="sm-4c0">
         <name>SCI_setConfig</name>
         <value>0x1155f</value>
         <object_component_ref idref="oc-100"/>
      </symbol>
      <symbol id="sm-4c1">
         <name>SCI_enableInterrupt</name>
         <value>0x11497</value>
         <object_component_ref idref="oc-106"/>
      </symbol>
      <symbol id="sm-59a">
         <name>SysCtl_delay</name>
         <value>0x123</value>
         <object_component_ref idref="oc-b6"/>
      </symbol>
      <symbol id="sm-59b">
         <name>SysCtl_getDeviceParametric</name>
         <value>0x1117d</value>
         <object_component_ref idref="oc-184"/>
      </symbol>
      <symbol id="sm-59c">
         <name>SysCtl_selectXTAL</name>
         <value>0x10e8b</value>
         <object_component_ref idref="oc-300"/>
      </symbol>
      <symbol id="sm-59d">
         <name>SysCtl_selectOscSource</name>
         <value>0x113c4</value>
         <object_component_ref idref="oc-264"/>
      </symbol>
      <symbol id="sm-59e">
         <name>SysCtl_getLowSpeedClock</name>
         <value>0x119ae</value>
         <object_component_ref idref="oc-196"/>
      </symbol>
      <symbol id="sm-59f">
         <name>SysCtl_setClock</name>
         <value>0x105a3</value>
         <object_component_ref idref="oc-18a"/>
      </symbol>
      <symbol id="sm-5a0">
         <name>SysCtl_getClock</name>
         <value>0x11373</value>
         <object_component_ref idref="oc-190"/>
      </symbol>
      <symbol id="sm-5aa">
         <name>_c_int00</name>
         <value>0x11a55</value>
         <object_component_ref idref="oc-12a"/>
      </symbol>
      <symbol id="sm-5ab">
         <name>__stack</name>
         <value>0x400</value>
         <object_component_ref idref="oc-5c"/>
      </symbol>
      <symbol id="sm-5c2">
         <name>__c28xabi_addd</name>
         <value>0x10def</value>
         <object_component_ref idref="oc-22a"/>
      </symbol>
      <symbol id="sm-5ce">
         <name>__c28xabi_cmpd</name>
         <value>0x1177b</value>
         <object_component_ref idref="oc-289"/>
      </symbol>
      <symbol id="sm-5dc">
         <name>__c28xabi_mpyd</name>
         <value>0x11088</value>
         <object_component_ref idref="oc-225"/>
      </symbol>
      <symbol id="sm-5e4">
         <name>__c28xabi_subd</name>
         <value>0x11b5e</value>
         <object_component_ref idref="oc-230"/>
      </symbol>
      <symbol id="sm-5f1">
         <name>__c28xabi_divf</name>
         <value>0x11000</value>
         <object_component_ref idref="oc-270"/>
      </symbol>
      <symbol id="sm-5ff">
         <name>__c28xabi_ftod</name>
         <value>0x118d8</value>
         <object_component_ref idref="oc-21a"/>
      </symbol>
      <symbol id="sm-60b">
         <name>__c28xabi_dtof</name>
         <value>0x1181a</value>
         <object_component_ref idref="oc-1bc"/>
      </symbol>
      <symbol id="sm-61a">
         <name>__TI_auto_init_nobinit_nopinit</name>
         <value>0x11750</value>
         <object_component_ref idref="oc-2b7"/>
      </symbol>
      <symbol id="sm-630">
         <name>C$$EXIT</name>
         <value>0x117a5</value>
         <object_component_ref idref="oc-212"/>
      </symbol>
      <symbol id="sm-631">
         <name>abort</name>
         <value>0x117a5</value>
         <object_component_ref idref="oc-212"/>
      </symbol>
      <symbol id="sm-632">
         <name>exit</name>
         <value>0x117a7</value>
         <object_component_ref idref="oc-212"/>
      </symbol>
      <symbol id="sm-633">
         <name>__TI_dtors_ptr</name>
         <value>0x8018</value>
         <object_component_ref idref="oc-2e9"/>
      </symbol>
      <symbol id="sm-634">
         <name>__TI_cleanup_ptr</name>
         <value>0x8016</value>
         <object_component_ref idref="oc-2e9"/>
      </symbol>
      <symbol id="sm-635">
         <name>__TI_enable_exit_profile_output</name>
         <value>0x8014</value>
         <object_component_ref idref="oc-2e9"/>
      </symbol>
      <symbol id="sm-644">
         <name>_args_main</name>
         <value>0x11b86</value>
         <object_component_ref idref="oc-20c"/>
      </symbol>
      <symbol id="sm-64d">
         <name>__c28xabi_negd</name>
         <value>0x11bba</value>
         <object_component_ref idref="oc-28e"/>
      </symbol>
      <symbol id="sm-655">
         <name>__c28xabi_orll</name>
         <value>0x11a00</value>
         <object_component_ref idref="oc-311"/>
      </symbol>
      <symbol id="sm-656">
         <name>__c28xabi_xorll</name>
         <value>0x11a08</value>
         <object_component_ref idref="oc-311"/>
      </symbol>
      <symbol id="sm-657">
         <name>__c28xabi_andll</name>
         <value>0x119f8</value>
         <object_component_ref idref="oc-311"/>
      </symbol>
      <symbol id="sm-66a">
         <name>__c28xabi_divd</name>
         <value>0x10f1b</value>
         <object_component_ref idref="oc-296"/>
      </symbol>
      <symbol id="sm-677">
         <name>_system_post_cinit</name>
         <value>0x11bd5</value>
         <object_component_ref idref="oc-31d"/>
      </symbol>
      <symbol id="sm-679">
         <name>__c_args__</name>
         <value>0x0</value>
      </symbol>
   </symbol_table>
   <title>Link successful</title>
</link_info>
