<?xml version="1.0" encoding="ISO-8859-1" ?>
<link_info>
   <banner>TMS320C2000 Linker PC v22.6.2.LTS</banner>
   <copyright>Copyright (c) 1996-2018 Texas Instruments Incorporated</copyright>
   <link_time>0x67cdff19</link_time>
   <link_errors>0x0</link_errors>
   <output_file>selfBalance.out</output_file>
   <entry_point>
      <name>code_start</name>
      <address>0x80000</address>
   </entry_point>
   <input_file_list>
      <input_file id="fl-2">
         <path>.\syscfg\</path>
         <kind>object</kind>
         <file>board.obj</file>
         <name>board.obj</name>
      </input_file>
      <input_file id="fl-3">
         <path>.\syscfg\</path>
         <kind>object</kind>
         <file>c2000ware_libraries.obj</file>
         <name>c2000ware_libraries.obj</name>
      </input_file>
      <input_file id="fl-4">
         <path>.\</path>
         <kind>object</kind>
         <file>selfbalance.obj</file>
         <name>selfbalance.obj</name>
      </input_file>
      <input_file id="fl-5">
         <path>.\HAL\</path>
         <kind>object</kind>
         <file>DLOG_4CH_F.obj</file>
         <name>DLOG_4CH_F.obj</name>
      </input_file>
      <input_file id="fl-6">
         <path>.\HAL\</path>
         <kind>object</kind>
         <file>comm_Elon.obj</file>
         <name>comm_Elon.obj</name>
      </input_file>
      <input_file id="fl-7">
         <path>.\HAL\</path>
         <kind>object</kind>
         <file>hal.obj</file>
         <name>hal.obj</name>
      </input_file>
      <input_file id="fl-8">
         <path>.\device\</path>
         <kind>object</kind>
         <file>F2837xD_CodeStartBranch.obj</file>
         <name>F2837xD_CodeStartBranch.obj</name>
      </input_file>
      <input_file id="fl-9">
         <path>.\device\</path>
         <kind>object</kind>
         <file>device.obj</file>
         <name>device.obj</name>
      </input_file>
      <input_file id="fl-a">
         <path>.\pid\</path>
         <kind>object</kind>
         <file>PID_Elon.obj</file>
         <name>PID_Elon.obj</name>
      </input_file>
      <input_file id="fl-b">
         <path>.\sensorFusion\</path>
         <kind>object</kind>
         <file>IMU6050_Elon.obj</file>
         <name>IMU6050_Elon.obj</name>
      </input_file>
      <input_file id="fl-c">
         <path>.\sensorFusion\</path>
         <kind>object</kind>
         <file>flightmointor.obj</file>
         <name>flightmointor.obj</name>
      </input_file>
      <input_file id="fl-11">
         <kind>object</kind>
         <file>&lt;internal&gt;</file>
         <name>&lt;internal&gt;</name>
      </input_file>
      <input_file id="fl-15">
         <path>C:\ti\c2000\C2000Ware_5_04_00_00\driverlib\f2837xd\driverlib\ccs\Debug\</path>
         <kind>archive</kind>
         <file>driverlib_eabi.lib</file>
         <name>can.obj</name>
      </input_file>
      <input_file id="fl-16">
         <path>C:\ti\c2000\C2000Ware_5_04_00_00\driverlib\f2837xd\driverlib\ccs\Debug\</path>
         <kind>archive</kind>
         <file>driverlib_eabi.lib</file>
         <name>cputimer.obj</name>
      </input_file>
      <input_file id="fl-17">
         <path>C:\ti\c2000\C2000Ware_5_04_00_00\driverlib\f2837xd\driverlib\ccs\Debug\</path>
         <kind>archive</kind>
         <file>driverlib_eabi.lib</file>
         <name>eqep.obj</name>
      </input_file>
      <input_file id="fl-18">
         <path>C:\ti\c2000\C2000Ware_5_04_00_00\driverlib\f2837xd\driverlib\ccs\Debug\</path>
         <kind>archive</kind>
         <file>driverlib_eabi.lib</file>
         <name>flash.obj</name>
      </input_file>
      <input_file id="fl-19">
         <path>C:\ti\c2000\C2000Ware_5_04_00_00\driverlib\f2837xd\driverlib\ccs\Debug\</path>
         <kind>archive</kind>
         <file>driverlib_eabi.lib</file>
         <name>gpio.obj</name>
      </input_file>
      <input_file id="fl-1a">
         <path>C:\ti\c2000\C2000Ware_5_04_00_00\driverlib\f2837xd\driverlib\ccs\Debug\</path>
         <kind>archive</kind>
         <file>driverlib_eabi.lib</file>
         <name>i2c.obj</name>
      </input_file>
      <input_file id="fl-1b">
         <path>C:\ti\c2000\C2000Ware_5_04_00_00\driverlib\f2837xd\driverlib\ccs\Debug\</path>
         <kind>archive</kind>
         <file>driverlib_eabi.lib</file>
         <name>interrupt.obj</name>
      </input_file>
      <input_file id="fl-1c">
         <path>C:\ti\c2000\C2000Ware_5_04_00_00\driverlib\f2837xd\driverlib\ccs\Debug\</path>
         <kind>archive</kind>
         <file>driverlib_eabi.lib</file>
         <name>sci.obj</name>
      </input_file>
      <input_file id="fl-1d">
         <path>C:\ti\c2000\C2000Ware_5_04_00_00\driverlib\f2837xd\driverlib\ccs\Debug\</path>
         <kind>archive</kind>
         <file>driverlib_eabi.lib</file>
         <name>sysctl.obj</name>
      </input_file>
      <input_file id="fl-29">
         <path>C:\ti\ccs1281\ccs\tools\compiler\ti-cgt-c2000_22.6.2.LTS\lib\</path>
         <kind>archive</kind>
         <file>rts2800_fpu32_eabi.lib</file>
         <name>e_asinf.c.obj</name>
      </input_file>
      <input_file id="fl-2a">
         <path>C:\ti\ccs1281\ccs\tools\compiler\ti-cgt-c2000_22.6.2.LTS\lib\</path>
         <kind>archive</kind>
         <file>rts2800_fpu32_eabi.lib</file>
         <name>s_tanf.c.obj</name>
      </input_file>
      <input_file id="fl-2b">
         <path>C:\ti\ccs1281\ccs\tools\compiler\ti-cgt-c2000_22.6.2.LTS\lib\</path>
         <kind>archive</kind>
         <file>rts2800_fpu32_eabi.lib</file>
         <name>e_sqrt.c.obj</name>
      </input_file>
      <input_file id="fl-2c">
         <path>C:\ti\ccs1281\ccs\tools\compiler\ti-cgt-c2000_22.6.2.LTS\lib\</path>
         <kind>archive</kind>
         <file>rts2800_fpu32_eabi.lib</file>
         <name>boot28.asm.obj</name>
      </input_file>
      <input_file id="fl-2d">
         <path>C:\ti\ccs1281\ccs\tools\compiler\ti-cgt-c2000_22.6.2.LTS\lib\</path>
         <kind>archive</kind>
         <file>rts2800_fpu32_eabi.lib</file>
         <name>fd_add28.asm.obj</name>
      </input_file>
      <input_file id="fl-2e">
         <path>C:\ti\ccs1281\ccs\tools\compiler\ti-cgt-c2000_22.6.2.LTS\lib\</path>
         <kind>archive</kind>
         <file>rts2800_fpu32_eabi.lib</file>
         <name>fd_cmp28.asm.obj</name>
      </input_file>
      <input_file id="fl-2f">
         <path>C:\ti\ccs1281\ccs\tools\compiler\ti-cgt-c2000_22.6.2.LTS\lib\</path>
         <kind>archive</kind>
         <file>rts2800_fpu32_eabi.lib</file>
         <name>fd_mpy28.asm.obj</name>
      </input_file>
      <input_file id="fl-30">
         <path>C:\ti\ccs1281\ccs\tools\compiler\ti-cgt-c2000_22.6.2.LTS\lib\</path>
         <kind>archive</kind>
         <file>rts2800_fpu32_eabi.lib</file>
         <name>fd_sub28.asm.obj</name>
      </input_file>
      <input_file id="fl-31">
         <path>C:\ti\ccs1281\ccs\tools\compiler\ti-cgt-c2000_22.6.2.LTS\lib\</path>
         <kind>archive</kind>
         <file>rts2800_fpu32_eabi.lib</file>
         <name>fs_div28.asm.obj</name>
      </input_file>
      <input_file id="fl-32">
         <path>C:\ti\ccs1281\ccs\tools\compiler\ti-cgt-c2000_22.6.2.LTS\lib\</path>
         <kind>archive</kind>
         <file>rts2800_fpu32_eabi.lib</file>
         <name>ll_cmp28.asm.obj</name>
      </input_file>
      <input_file id="fl-33">
         <path>C:\ti\ccs1281\ccs\tools\compiler\ti-cgt-c2000_22.6.2.LTS\lib\</path>
         <kind>archive</kind>
         <file>rts2800_fpu32_eabi.lib</file>
         <name>l_div28.asm.obj</name>
      </input_file>
      <input_file id="fl-34">
         <path>C:\ti\ccs1281\ccs\tools\compiler\ti-cgt-c2000_22.6.2.LTS\lib\</path>
         <kind>archive</kind>
         <file>rts2800_fpu32_eabi.lib</file>
         <name>fs_tofdfpu32.asm.obj</name>
      </input_file>
      <input_file id="fl-35">
         <path>C:\ti\ccs1281\ccs\tools\compiler\ti-cgt-c2000_22.6.2.LTS\lib\</path>
         <kind>archive</kind>
         <file>rts2800_fpu32_eabi.lib</file>
         <name>fd_tofsfpu32.asm.obj</name>
      </input_file>
      <input_file id="fl-36">
         <path>C:\ti\ccs1281\ccs\tools\compiler\ti-cgt-c2000_22.6.2.LTS\lib\</path>
         <kind>archive</kind>
         <file>rts2800_fpu32_eabi.lib</file>
         <name>memcpy.c.obj</name>
      </input_file>
      <input_file id="fl-37">
         <path>C:\ti\ccs1281\ccs\tools\compiler\ti-cgt-c2000_22.6.2.LTS\lib\</path>
         <kind>archive</kind>
         <file>rts2800_fpu32_eabi.lib</file>
         <name>pre_init.c.obj</name>
      </input_file>
      <input_file id="fl-38">
         <path>C:\ti\ccs1281\ccs\tools\compiler\ti-cgt-c2000_22.6.2.LTS\lib\</path>
         <kind>archive</kind>
         <file>rts2800_fpu32_eabi.lib</file>
         <name>autoinit.c.obj</name>
      </input_file>
      <input_file id="fl-39">
         <path>C:\ti\ccs1281\ccs\tools\compiler\ti-cgt-c2000_22.6.2.LTS\lib\</path>
         <kind>archive</kind>
         <file>rts2800_fpu32_eabi.lib</file>
         <name>copy_zero_init.c.obj</name>
      </input_file>
      <input_file id="fl-3a">
         <path>C:\ti\ccs1281\ccs\tools\compiler\ti-cgt-c2000_22.6.2.LTS\lib\</path>
         <kind>archive</kind>
         <file>rts2800_fpu32_eabi.lib</file>
         <name>copy_decompress_none.c.obj</name>
      </input_file>
      <input_file id="fl-3b">
         <path>C:\ti\ccs1281\ccs\tools\compiler\ti-cgt-c2000_22.6.2.LTS\lib\</path>
         <kind>archive</kind>
         <file>rts2800_fpu32_eabi.lib</file>
         <name>copy_decompress_lzss.c.obj</name>
      </input_file>
      <input_file id="fl-3c">
         <path>C:\ti\ccs1281\ccs\tools\compiler\ti-cgt-c2000_22.6.2.LTS\lib\</path>
         <kind>archive</kind>
         <file>rts2800_fpu32_eabi.lib</file>
         <name>exit.c.obj</name>
      </input_file>
      <input_file id="fl-3d">
         <path>C:\ti\ccs1281\ccs\tools\compiler\ti-cgt-c2000_22.6.2.LTS\lib\</path>
         <kind>archive</kind>
         <file>rts2800_fpu32_eabi.lib</file>
         <name>_lock.c.obj</name>
      </input_file>
      <input_file id="fl-3e">
         <path>C:\ti\ccs1281\ccs\tools\compiler\ti-cgt-c2000_22.6.2.LTS\lib\</path>
         <kind>archive</kind>
         <file>rts2800_fpu32_eabi.lib</file>
         <name>args_main.c.obj</name>
      </input_file>
      <input_file id="fl-3f">
         <path>C:\ti\ccs1281\ccs\tools\compiler\ti-cgt-c2000_22.6.2.LTS\lib\</path>
         <kind>archive</kind>
         <file>rts2800_fpu32_eabi.lib</file>
         <name>atof.c.obj</name>
      </input_file>
      <input_file id="fl-40">
         <path>C:\ti\ccs1281\ccs\tools\compiler\ti-cgt-c2000_22.6.2.LTS\lib\</path>
         <kind>archive</kind>
         <file>rts2800_fpu32_eabi.lib</file>
         <name>isalpha.c.obj</name>
      </input_file>
      <input_file id="fl-41">
         <path>C:\ti\ccs1281\ccs\tools\compiler\ti-cgt-c2000_22.6.2.LTS\lib\</path>
         <kind>archive</kind>
         <file>rts2800_fpu32_eabi.lib</file>
         <name>isdigit.c.obj</name>
      </input_file>
      <input_file id="fl-42">
         <path>C:\ti\ccs1281\ccs\tools\compiler\ti-cgt-c2000_22.6.2.LTS\lib\</path>
         <kind>archive</kind>
         <file>rts2800_fpu32_eabi.lib</file>
         <name>memset.c.obj</name>
      </input_file>
      <input_file id="fl-43">
         <path>C:\ti\ccs1281\ccs\tools\compiler\ti-cgt-c2000_22.6.2.LTS\lib\</path>
         <kind>archive</kind>
         <file>rts2800_fpu32_eabi.lib</file>
         <name>strtod.c.obj</name>
      </input_file>
      <input_file id="fl-44">
         <path>C:\ti\ccs1281\ccs\tools\compiler\ti-cgt-c2000_22.6.2.LTS\lib\</path>
         <kind>archive</kind>
         <file>rts2800_fpu32_eabi.lib</file>
         <name>toupper.c.obj</name>
      </input_file>
      <input_file id="fl-45">
         <path>C:\ti\ccs1281\ccs\tools\compiler\ti-cgt-c2000_22.6.2.LTS\lib\</path>
         <kind>archive</kind>
         <file>rts2800_fpu32_eabi.lib</file>
         <name>errno.c.obj</name>
      </input_file>
      <input_file id="fl-46">
         <path>C:\ti\ccs1281\ccs\tools\compiler\ti-cgt-c2000_22.6.2.LTS\lib\</path>
         <kind>archive</kind>
         <file>rts2800_fpu32_eabi.lib</file>
         <name>s_scalbn.c.obj</name>
      </input_file>
      <input_file id="fl-47">
         <path>C:\ti\ccs1281\ccs\tools\compiler\ti-cgt-c2000_22.6.2.LTS\lib\</path>
         <kind>archive</kind>
         <file>rts2800_fpu32_eabi.lib</file>
         <name>fd_neg28.asm.obj</name>
      </input_file>
      <input_file id="fl-48">
         <path>C:\ti\ccs1281\ccs\tools\compiler\ti-cgt-c2000_22.6.2.LTS\lib\</path>
         <kind>archive</kind>
         <file>rts2800_fpu32_eabi.lib</file>
         <name>ll_aox28.asm.obj</name>
      </input_file>
      <input_file id="fl-49">
         <path>C:\ti\ccs1281\ccs\tools\compiler\ti-cgt-c2000_22.6.2.LTS\lib\</path>
         <kind>archive</kind>
         <file>rts2800_fpu32_eabi.lib</file>
         <name>fd_div28.asm.obj</name>
      </input_file>
      <input_file id="fl-4a">
         <path>C:\ti\ccs1281\ccs\tools\compiler\ti-cgt-c2000_22.6.2.LTS\lib\</path>
         <kind>archive</kind>
         <file>rts2800_fpu32_eabi.lib</file>
         <name>cpy_tbl.c.obj</name>
      </input_file>
      <input_file id="fl-4b">
         <path>C:\ti\ccs1281\ccs\tools\compiler\ti-cgt-c2000_22.6.2.LTS\lib\</path>
         <kind>archive</kind>
         <file>rts2800_fpu32_eabi.lib</file>
         <name>startup.c.obj</name>
      </input_file>
      <input_file id="fl-4c">
         <path>C:\ti\ccs1281\ccs\tools\compiler\ti-cgt-c2000_22.6.2.LTS\lib\</path>
         <kind>archive</kind>
         <file>rts2800_fpu32_eabi.lib</file>
         <name>ctype.c.obj</name>
      </input_file>
      <input_file id="fl-4d">
         <path>C:\ti\ccs1281\ccs\tools\compiler\ti-cgt-c2000_22.6.2.LTS\lib\</path>
         <kind>archive</kind>
         <file>rts2800_fpu32_eabi.lib</file>
         <name>s_copysign.c.obj</name>
      </input_file>
   </input_file_list>
   <object_component_list>
      <object_component id="oc-4d6">
         <name>.cinit..data.load</name>
         <load_address>0x80008</load_address>
         <run_address>0x80008</run_address>
         <size>0x15</size>
      </object_component>
      <object_component id="oc-4d3">
         <name>__TI_handler_table</name>
         <load_address>0x8001e</load_address>
         <run_address>0x8001e</run_address>
         <size>0x6</size>
      </object_component>
      <object_component id="oc-4d5">
         <name>.cinit..bss.load</name>
         <load_address>0x80024</load_address>
         <run_address>0x80024</run_address>
         <size>0x4</size>
      </object_component>
      <object_component id="oc-4d4">
         <name>__TI_cinit_table</name>
         <load_address>0x80028</load_address>
         <run_address>0x80028</run_address>
         <size>0x8</size>
      </object_component>
      <object_component id="oc-3d">
         <name>.text</name>
         <load_address>0x82000</load_address>
         <run_address>0x82000</run_address>
         <size>0xb18</size>
         <input_file_ref idref="fl-2"/>
      </object_component>
      <object_component id="oc-8c">
         <name>.text</name>
         <load_address>0x82b18</load_address>
         <run_address>0x82b18</run_address>
         <size>0x540</size>
         <input_file_ref idref="fl-b"/>
      </object_component>
      <object_component id="oc-92">
         <name>.text</name>
         <load_address>0x83058</load_address>
         <run_address>0x83058</run_address>
         <size>0x4b5</size>
         <input_file_ref idref="fl-7"/>
      </object_component>
      <object_component id="oc-98">
         <name>.text</name>
         <load_address>0x8350d</load_address>
         <run_address>0x8350d</run_address>
         <size>0x431</size>
         <input_file_ref idref="fl-a"/>
      </object_component>
      <object_component id="oc-a2">
         <name>.text</name>
         <load_address>0x8393e</load_address>
         <run_address>0x8393e</run_address>
         <size>0x3fc</size>
         <input_file_ref idref="fl-9"/>
      </object_component>
      <object_component id="oc-342">
         <name>.text</name>
         <load_address>0x83d3a</load_address>
         <run_address>0x83d3a</run_address>
         <size>0x283</size>
         <input_file_ref idref="fl-43"/>
      </object_component>
      <object_component id="oc-d2">
         <name>.text:EQEP_setInputPolarity</name>
         <load_address>0x83fbd</load_address>
         <run_address>0x83fbd</run_address>
         <size>0x43</size>
         <input_file_ref idref="fl-17"/>
      </object_component>
      <object_component id="oc-127">
         <name>.text</name>
         <load_address>0x84000</load_address>
         <run_address>0x84000</run_address>
         <size>0x379</size>
         <input_file_ref idref="fl-6"/>
      </object_component>
      <object_component id="oc-189">
         <name>.text:SysCtl_setClock</name>
         <load_address>0x84379</load_address>
         <run_address>0x84379</run_address>
         <size>0x209</size>
         <input_file_ref idref="fl-1d"/>
      </object_component>
      <object_component id="oc-4c">
         <name>.text</name>
         <load_address>0x84582</load_address>
         <run_address>0x84582</run_address>
         <size>0x165</size>
         <input_file_ref idref="fl-4"/>
      </object_component>
      <object_component id="oc-16e">
         <name>.text</name>
         <load_address>0x846e7</load_address>
         <run_address>0x846e7</run_address>
         <size>0xf5</size>
         <input_file_ref idref="fl-29"/>
      </object_component>
      <object_component id="oc-285">
         <name>.text</name>
         <load_address>0x847dc</load_address>
         <run_address>0x847dc</run_address>
         <size>0xde</size>
         <input_file_ref idref="fl-2b"/>
      </object_component>
      <object_component id="oc-c6">
         <name>.text:CAN_setupMessageObject</name>
         <load_address>0x848ba</load_address>
         <run_address>0x848ba</run_address>
         <size>0xdb</size>
         <input_file_ref idref="fl-15"/>
      </object_component>
      <object_component id="oc-48">
         <name>.text:retain</name>
         <load_address>0x84995</load_address>
         <run_address>0x84995</run_address>
         <size>0xba</size>
         <input_file_ref idref="fl-4"/>
      </object_component>
      <object_component id="oc-3df">
         <name>.text</name>
         <load_address>0x84a4f</load_address>
         <run_address>0x84a4f</run_address>
         <size>0xa9</size>
         <input_file_ref idref="fl-46"/>
      </object_component>
      <object_component id="oc-290">
         <name>.text</name>
         <load_address>0x84af8</load_address>
         <run_address>0x84af8</run_address>
         <size>0x9c</size>
         <input_file_ref idref="fl-2d"/>
      </object_component>
      <object_component id="oc-3b9">
         <name>.text:SysCtl_selectXTAL</name>
         <load_address>0x84b94</load_address>
         <run_address>0x84b94</run_address>
         <size>0x90</size>
         <input_file_ref idref="fl-1d"/>
      </object_component>
      <object_component id="oc-3da">
         <name>.text</name>
         <load_address>0x84c24</load_address>
         <run_address>0x84c24</run_address>
         <size>0x8b</size>
         <input_file_ref idref="fl-49"/>
      </object_component>
      <object_component id="oc-279">
         <name>.text</name>
         <load_address>0x84caf</load_address>
         <run_address>0x84caf</run_address>
         <size>0x88</size>
         <input_file_ref idref="fl-31"/>
      </object_component>
      <object_component id="oc-28b">
         <name>.text</name>
         <load_address>0x84d37</load_address>
         <run_address>0x84d37</run_address>
         <size>0x83</size>
         <input_file_ref idref="fl-2f"/>
      </object_component>
      <object_component id="oc-228">
         <name>.text:CAN_sendMessage</name>
         <load_address>0x84dba</load_address>
         <run_address>0x84dba</run_address>
         <size>0x72</size>
         <input_file_ref idref="fl-15"/>
      </object_component>
      <object_component id="oc-183">
         <name>.text:SysCtl_getDeviceParametric</name>
         <load_address>0x84e2c</load_address>
         <run_address>0x84e2c</run_address>
         <size>0x68</size>
         <input_file_ref idref="fl-1d"/>
      </object_component>
      <object_component id="oc-106">
         <name>.text:CAN_readMessage</name>
         <load_address>0x84e94</load_address>
         <run_address>0x84e94</run_address>
         <size>0x66</size>
         <input_file_ref idref="fl-15"/>
      </object_component>
      <object_component id="oc-c0">
         <name>.text:CAN_setBitTiming</name>
         <load_address>0x84efa</load_address>
         <run_address>0x84efa</run_address>
         <size>0x64</size>
         <input_file_ref idref="fl-15"/>
      </object_component>
      <object_component id="oc-e4">
         <name>.text:I2C_initController</name>
         <load_address>0x84f5e</load_address>
         <run_address>0x84f5e</run_address>
         <size>0x64</size>
         <input_file_ref idref="fl-1a"/>
      </object_component>
      <object_component id="oc-15a">
         <name>.text</name>
         <load_address>0x84fc2</load_address>
         <run_address>0x84fc2</run_address>
         <size>0x62</size>
         <input_file_ref idref="fl-2a"/>
      </object_component>
      <object_component id="oc-ae">
         <name>.text:GPIO_setPadConfig</name>
         <load_address>0x85024</load_address>
         <run_address>0x85024</run_address>
         <size>0x52</size>
         <input_file_ref idref="fl-19"/>
      </object_component>
      <object_component id="oc-18f">
         <name>.text:SysCtl_getClock</name>
         <load_address>0x85076</load_address>
         <run_address>0x85076</run_address>
         <size>0x51</size>
         <input_file_ref idref="fl-1d"/>
      </object_component>
      <object_component id="oc-2f9">
         <name>.text:SysCtl_selectOscSource</name>
         <load_address>0x850c7</load_address>
         <run_address>0x850c7</run_address>
         <size>0x48</size>
         <input_file_ref idref="fl-1d"/>
      </object_component>
      <object_component id="oc-10c">
         <name>.text:CAN_clearInterruptStatus</name>
         <load_address>0x8510f</load_address>
         <run_address>0x8510f</run_address>
         <size>0x46</size>
         <input_file_ref idref="fl-15"/>
      </object_component>
      <object_component id="oc-f0">
         <name>.text:SCI_clearInterruptStatus</name>
         <load_address>0x85155</load_address>
         <run_address>0x85155</run_address>
         <size>0x45</size>
         <input_file_ref idref="fl-1c"/>
      </object_component>
      <object_component id="oc-fc">
         <name>.text:SCI_enableInterrupt</name>
         <load_address>0x8519a</load_address>
         <run_address>0x8519a</run_address>
         <size>0x44</size>
         <input_file_ref idref="fl-1c"/>
      </object_component>
      <object_component id="oc-14d">
         <name>.text:SCI_writeCharArray</name>
         <load_address>0x851de</load_address>
         <run_address>0x851de</run_address>
         <size>0x41</size>
         <input_file_ref idref="fl-1c"/>
      </object_component>
      <object_component id="oc-f6">
         <name>.text:SCI_setConfig</name>
         <load_address>0x8521f</load_address>
         <run_address>0x8521f</run_address>
         <size>0x3e</size>
         <input_file_ref idref="fl-1c"/>
      </object_component>
      <object_component id="oc-11a">
         <name>.text:Interrupt_initModule</name>
         <load_address>0x8525d</load_address>
         <run_address>0x8525d</run_address>
         <size>0x3d</size>
         <input_file_ref idref="fl-1b"/>
      </object_component>
      <object_component id="oc-112">
         <name>.text:SCI_readCharArray</name>
         <load_address>0x8529a</load_address>
         <run_address>0x8529a</run_address>
         <size>0x3b</size>
         <input_file_ref idref="fl-1c"/>
      </object_component>
      <object_component id="oc-de">
         <name>.text:GPIO_setControllerCore</name>
         <load_address>0x852d5</load_address>
         <run_address>0x852d5</run_address>
         <size>0x37</size>
         <input_file_ref idref="fl-19"/>
      </object_component>
      <object_component id="oc-a8">
         <name>.text:GPIO_setPinConfig</name>
         <load_address>0x8530c</load_address>
         <run_address>0x8530c</run_address>
         <size>0x37</size>
         <input_file_ref idref="fl-19"/>
      </object_component>
      <object_component id="oc-b4">
         <name>.text:GPIO_setQualificationMode</name>
         <load_address>0x85343</load_address>
         <run_address>0x85343</run_address>
         <size>0x37</size>
         <input_file_ref idref="fl-19"/>
      </object_component>
      <object_component id="oc-ea">
         <name>.text:Interrupt_enable</name>
         <load_address>0x8537a</load_address>
         <run_address>0x8537a</run_address>
         <size>0x37</size>
         <input_file_ref idref="fl-1b"/>
      </object_component>
      <object_component id="oc-d8">
         <name>.text:GPIO_setDirectionMode</name>
         <load_address>0x853b1</load_address>
         <run_address>0x853b1</run_address>
         <size>0x31</size>
         <input_file_ref idref="fl-19"/>
      </object_component>
      <object_component id="oc-24">
         <name>.text:decompress:lzss</name>
         <load_address>0x853e2</load_address>
         <run_address>0x853e2</run_address>
         <size>0x2e</size>
         <input_file_ref idref="fl-3b"/>
      </object_component>
      <object_component id="oc-353">
         <name>.text:__TI_auto_init_nobinit_nopinit</name>
         <load_address>0x85410</load_address>
         <run_address>0x85410</run_address>
         <size>0x2b</size>
         <input_file_ref idref="fl-38"/>
      </object_component>
      <object_component id="oc-395">
         <name>.text</name>
         <load_address>0x8543b</load_address>
         <run_address>0x8543b</run_address>
         <size>0x2a</size>
         <input_file_ref idref="fl-2e"/>
      </object_component>
      <object_component id="oc-265">
         <name>.text</name>
         <load_address>0x85465</load_address>
         <run_address>0x85465</run_address>
         <size>0x29</size>
         <input_file_ref idref="fl-3c"/>
      </object_component>
      <object_component id="oc-42c">
         <name>.text:CPUTimer_selectClockSource</name>
         <load_address>0x8548e</load_address>
         <run_address>0x8548e</run_address>
         <size>0x28</size>
         <input_file_ref idref="fl-1d"/>
      </object_component>
      <object_component id="oc-2b8">
         <name>.text:Flash_setBankPowerUpDelay</name>
         <load_address>0x854b6</load_address>
         <run_address>0x854b6</run_address>
         <size>0x26</size>
         <input_file_ref idref="fl-18"/>
      </object_component>
      <object_component id="oc-45c">
         <name>.text</name>
         <load_address>0x854dc</load_address>
         <run_address>0x854dc</run_address>
         <size>0x24</size>
         <input_file_ref idref="fl-4d"/>
      </object_component>
      <object_component id="oc-246">
         <name>.text</name>
         <load_address>0x85500</load_address>
         <run_address>0x85500</run_address>
         <size>0x23</size>
         <input_file_ref idref="fl-35"/>
      </object_component>
      <object_component id="oc-332">
         <name>.text:CAN_writeDataReg</name>
         <load_address>0x85523</load_address>
         <run_address>0x85523</run_address>
         <size>0x22</size>
         <input_file_ref idref="fl-15"/>
      </object_component>
      <object_component id="oc-212">
         <name>.text:SCI_isFIFOEnabled</name>
         <load_address>0x85545</load_address>
         <run_address>0x85545</run_address>
         <size>0x20</size>
         <input_file_ref idref="fl-1c"/>
      </object_component>
      <object_component id="oc-481">
         <name>.text:CPUTimer_getTimerOverflowStatus</name>
         <load_address>0x85565</load_address>
         <run_address>0x85565</run_address>
         <size>0x1f</size>
         <input_file_ref idref="fl-1d"/>
      </object_component>
      <object_component id="oc-58">
         <name>.text:Interrupt_initVectorTable</name>
         <load_address>0x85584</load_address>
         <run_address>0x85584</run_address>
         <size>0x1e</size>
         <input_file_ref idref="fl-1b"/>
      </object_component>
      <object_component id="oc-6f">
         <name>.text</name>
         <load_address>0x855a2</load_address>
         <run_address>0x855a2</run_address>
         <size>0x1d</size>
         <input_file_ref idref="fl-36"/>
      </object_component>
      <object_component id="oc-ba">
         <name>.text:CAN_initModule</name>
         <load_address>0x855bf</load_address>
         <run_address>0x855bf</run_address>
         <size>0x1c</size>
         <input_file_ref idref="fl-15"/>
      </object_component>
      <object_component id="oc-280">
         <name>.text</name>
         <load_address>0x855db</load_address>
         <run_address>0x855db</run_address>
         <size>0x1c</size>
         <input_file_ref idref="fl-34"/>
      </object_component>
      <object_component id="oc-20a">
         <name>.text:CAN_readDataReg</name>
         <load_address>0x855f7</load_address>
         <run_address>0x855f7</run_address>
         <size>0x1b</size>
         <input_file_ref idref="fl-15"/>
      </object_component>
      <object_component id="oc-1e7">
         <name>.text:SCI_isBaseValid</name>
         <load_address>0x85612</load_address>
         <run_address>0x85612</run_address>
         <size>0x1b</size>
         <input_file_ref idref="fl-1c"/>
      </object_component>
      <object_component id="oc-1b3">
         <name>.text:CAN_initRAM</name>
         <load_address>0x8562d</load_address>
         <run_address>0x8562d</run_address>
         <size>0x1a</size>
         <input_file_ref idref="fl-15"/>
      </object_component>
      <object_component id="oc-438">
         <name>.text:CPUTimer_startTimer</name>
         <load_address>0x85647</load_address>
         <run_address>0x85647</run_address>
         <size>0x1a</size>
         <input_file_ref idref="fl-1d"/>
      </object_component>
      <object_component id="oc-21e">
         <name>.text:SCI_isDataAvailableNonFIFO</name>
         <load_address>0x85661</load_address>
         <run_address>0x85661</run_address>
         <size>0x1a</size>
         <input_file_ref idref="fl-1c"/>
      </object_component>
      <object_component id="oc-272">
         <name>.text:SCI_isSpaceAvailableNonFIFO</name>
         <load_address>0x8567b</load_address>
         <run_address>0x8567b</run_address>
         <size>0x1a</size>
         <input_file_ref idref="fl-1c"/>
      </object_component>
      <object_component id="oc-196">
         <name>.text:SysCtl_getLowSpeedClock</name>
         <load_address>0x85695</load_address>
         <run_address>0x85695</run_address>
         <size>0x1a</size>
         <input_file_ref idref="fl-1d"/>
      </object_component>
      <object_component id="oc-167">
         <name>.text:__relaxed_atanf</name>
         <load_address>0x856af</load_address>
         <run_address>0x856af</run_address>
         <size>0x1a</size>
         <input_file_ref idref="fl-4"/>
      </object_component>
      <object_component id="oc-1f6">
         <name>.text:SCI_disableModule</name>
         <load_address>0x856c9</load_address>
         <run_address>0x856c9</run_address>
         <size>0x18</size>
         <input_file_ref idref="fl-1c"/>
      </object_component>
      <object_component id="oc-1ee">
         <name>.text:SCI_performSoftwareReset</name>
         <load_address>0x856e1</load_address>
         <run_address>0x856e1</run_address>
         <size>0x18</size>
         <input_file_ref idref="fl-1c"/>
      </object_component>
      <object_component id="oc-457">
         <name>.text</name>
         <load_address>0x856f9</load_address>
         <run_address>0x856f9</run_address>
         <size>0x18</size>
         <input_file_ref idref="fl-48"/>
      </object_component>
      <object_component id="oc-1bd">
         <name>.text:CPUTimer_isBaseValid</name>
         <load_address>0x85711</load_address>
         <run_address>0x85711</run_address>
         <size>0x17</size>
         <input_file_ref idref="fl-16"/>
      </object_component>
      <object_component id="oc-475">
         <name>.text:CPUTimer_isBaseValid</name>
         <load_address>0x85728</load_address>
         <run_address>0x85728</run_address>
         <size>0x17</size>
         <input_file_ref idref="fl-1d"/>
      </object_component>
      <object_component id="oc-1c6">
         <name>.text:EQEP_isBaseValid</name>
         <load_address>0x8573f</load_address>
         <run_address>0x8573f</run_address>
         <size>0x17</size>
         <input_file_ref idref="fl-17"/>
      </object_component>
      <object_component id="oc-144">
         <name>.text</name>
         <load_address>0x85756</load_address>
         <run_address>0x85756</run_address>
         <size>0x17</size>
         <input_file_ref idref="fl-2c"/>
      </object_component>
      <object_component id="oc-54">
         <name>.text:Interrupt_defaultHandler</name>
         <load_address>0x8576d</load_address>
         <run_address>0x8576d</run_address>
         <size>0x16</size>
         <input_file_ref idref="fl-1b"/>
      </object_component>
      <object_component id="oc-1ac">
         <name>.text:CAN_isBaseValid</name>
         <load_address>0x85783</load_address>
         <run_address>0x85783</run_address>
         <size>0x15</size>
         <input_file_ref idref="fl-15"/>
      </object_component>
      <object_component id="oc-420">
         <name>.text:CPUTimer_stopTimer</name>
         <load_address>0x85798</load_address>
         <run_address>0x85798</run_address>
         <size>0x14</size>
         <input_file_ref idref="fl-1d"/>
      </object_component>
      <object_component id="oc-218">
         <name>.text:SCI_getRxFIFOStatus</name>
         <load_address>0x857ac</load_address>
         <run_address>0x857ac</run_address>
         <size>0x14</size>
         <input_file_ref idref="fl-1c"/>
      </object_component>
      <object_component id="oc-26c">
         <name>.text:SCI_getTxFIFOStatus</name>
         <load_address>0x857c0</load_address>
         <run_address>0x857c0</run_address>
         <size>0x14</size>
         <input_file_ref idref="fl-1c"/>
      </object_component>
      <object_component id="oc-cc">
         <name>.text:CPUTimer_setEmulationMode</name>
         <load_address>0x857d4</load_address>
         <run_address>0x857d4</run_address>
         <size>0x13</size>
         <input_file_ref idref="fl-16"/>
      </object_component>
      <object_component id="oc-1d1">
         <name>.text:I2C_isBaseValid</name>
         <load_address>0x857e7</load_address>
         <run_address>0x857e7</run_address>
         <size>0x13</size>
         <input_file_ref idref="fl-1a"/>
      </object_component>
      <object_component id="oc-1fc">
         <name>.text:SCI_enableModule</name>
         <load_address>0x857fa</load_address>
         <run_address>0x857fa</run_address>
         <size>0x13</size>
         <input_file_ref idref="fl-1c"/>
      </object_component>
      <object_component id="oc-432">
         <name>.text:CPUTimer_clearOverflowFlag</name>
         <load_address>0x8580d</load_address>
         <run_address>0x8580d</run_address>
         <size>0x12</size>
         <input_file_ref idref="fl-1d"/>
      </object_component>
      <object_component id="oc-41a">
         <name>.text:CPUTimer_disableInterrupt</name>
         <load_address>0x8581f</load_address>
         <run_address>0x8581f</run_address>
         <size>0x12</size>
         <input_file_ref idref="fl-1d"/>
      </object_component>
      <object_component id="oc-426">
         <name>.text:CPUTimer_setPeriod</name>
         <load_address>0x85831</load_address>
         <run_address>0x85831</run_address>
         <size>0x11</size>
         <input_file_ref idref="fl-1d"/>
      </object_component>
      <object_component id="oc-2ab">
         <name>.text:Flash_isCtrlBaseValid</name>
         <load_address>0x85842</load_address>
         <run_address>0x85842</run_address>
         <size>0x10</size>
         <input_file_ref idref="fl-18"/>
      </object_component>
      <object_component id="oc-2b2">
         <name>.text:Flash_isECCBaseValid</name>
         <load_address>0x85852</load_address>
         <run_address>0x85852</run_address>
         <size>0x10</size>
         <input_file_ref idref="fl-18"/>
      </object_component>
      <object_component id="oc-43e">
         <name>.text:SysCtl_pollCpuTimer</name>
         <load_address>0x85862</load_address>
         <run_address>0x85862</run_address>
         <size>0xf</size>
         <input_file_ref idref="fl-1d"/>
      </object_component>
      <object_component id="oc-234">
         <name>.text</name>
         <load_address>0x85871</load_address>
         <run_address>0x85871</run_address>
         <size>0xf</size>
         <input_file_ref idref="fl-44"/>
      </object_component>
      <object_component id="oc-1a3">
         <name>.text:GPIO_isPinValid</name>
         <load_address>0x85880</load_address>
         <run_address>0x85880</run_address>
         <size>0xe</size>
         <input_file_ref idref="fl-19"/>
      </object_component>
      <object_component id="oc-298">
         <name>.text</name>
         <load_address>0x8588e</load_address>
         <run_address>0x8588e</run_address>
         <size>0xe</size>
         <input_file_ref idref="fl-30"/>
      </object_component>
      <object_component id="oc-1da">
         <name>.text:Interrupt_disableGlobal</name>
         <load_address>0x8589c</load_address>
         <run_address>0x8589c</run_address>
         <size>0xd</size>
         <input_file_ref idref="fl-1b"/>
      </object_component>
      <object_component id="oc-1e0">
         <name>.text:Interrupt_enableGlobal</name>
         <load_address>0x858a9</load_address>
         <run_address>0x858a9</run_address>
         <size>0xd</size>
         <input_file_ref idref="fl-1b"/>
      </object_component>
      <object_component id="oc-77">
         <name>.text:decompress:ZI:__TI_zero_init_nomemset</name>
         <load_address>0x858b6</load_address>
         <run_address>0x858b6</run_address>
         <size>0xd</size>
         <input_file_ref idref="fl-39"/>
      </object_component>
      <object_component id="oc-25f">
         <name>.text</name>
         <load_address>0x858c3</load_address>
         <run_address>0x858c3</run_address>
         <size>0xc</size>
         <input_file_ref idref="fl-3e"/>
      </object_component>
      <object_component id="oc-2f3">
         <name>.text:SysCtl_isMCDClockFailureDetected</name>
         <load_address>0x858cf</load_address>
         <run_address>0x858cf</run_address>
         <size>0xb</size>
         <input_file_ref idref="fl-1d"/>
      </object_component>
      <object_component id="oc-160">
         <name>.text:__relaxed_cosf</name>
         <load_address>0x858da</load_address>
         <run_address>0x858da</run_address>
         <size>0xb</size>
         <input_file_ref idref="fl-4"/>
      </object_component>
      <object_component id="oc-153">
         <name>.text:__relaxed_sinf</name>
         <load_address>0x858e5</load_address>
         <run_address>0x858e5</run_address>
         <size>0xb</size>
         <input_file_ref idref="fl-4"/>
      </object_component>
      <object_component id="oc-22e">
         <name>.text</name>
         <load_address>0x858f0</load_address>
         <run_address>0x858f0</run_address>
         <size>0xb</size>
         <input_file_ref idref="fl-40"/>
      </object_component>
      <object_component id="oc-23a">
         <name>.text</name>
         <load_address>0x858fb</load_address>
         <run_address>0x858fb</run_address>
         <size>0xb</size>
         <input_file_ref idref="fl-41"/>
      </object_component>
      <object_component id="oc-60">
         <name>.text:Interrupt_illegalOperationHandler</name>
         <load_address>0x85906</load_address>
         <run_address>0x85906</run_address>
         <size>0xa</size>
         <input_file_ref idref="fl-1b"/>
      </object_component>
      <object_component id="oc-66">
         <name>.text:Interrupt_nmiHandler</name>
         <load_address>0x85910</load_address>
         <run_address>0x85910</run_address>
         <size>0xa</size>
         <input_file_ref idref="fl-1b"/>
      </object_component>
      <object_component id="oc-2ff">
         <name>.text:SysCtl_serviceWatchdog</name>
         <load_address>0x8591a</load_address>
         <run_address>0x8591a</run_address>
         <size>0x9</size>
         <input_file_ref idref="fl-1d"/>
      </object_component>
      <object_component id="oc-407">
         <name>.text</name>
         <load_address>0x85923</load_address>
         <run_address>0x85923</run_address>
         <size>0x9</size>
         <input_file_ref idref="fl-3d"/>
      </object_component>
      <object_component id="oc-3d2">
         <name>.text</name>
         <load_address>0x8592c</load_address>
         <run_address>0x8592c</run_address>
         <size>0x9</size>
         <input_file_ref idref="fl-47"/>
      </object_component>
      <object_component id="oc-83">
         <name>.text</name>
         <load_address>0x85935</load_address>
         <run_address>0x85935</run_address>
         <size>0x8</size>
         <input_file_ref idref="fl-8"/>
      </object_component>
      <object_component id="oc-2a">
         <name>.text:decompress:none</name>
         <load_address>0x8593d</load_address>
         <run_address>0x8593d</run_address>
         <size>0x8</size>
         <input_file_ref idref="fl-3a"/>
      </object_component>
      <object_component id="oc-444">
         <name>.text:SysCtl_resetMCD</name>
         <load_address>0x85945</load_address>
         <run_address>0x85945</run_address>
         <size>0x7</size>
         <input_file_ref idref="fl-1d"/>
      </object_component>
      <object_component id="oc-240">
         <name>.text</name>
         <load_address>0x8594c</load_address>
         <run_address>0x8594c</run_address>
         <size>0x4</size>
         <input_file_ref idref="fl-3f"/>
      </object_component>
      <object_component id="oc-258">
         <name>.text</name>
         <load_address>0x85950</load_address>
         <run_address>0x85950</run_address>
         <size>0x2</size>
         <input_file_ref idref="fl-37"/>
      </object_component>
      <object_component id="oc-121">
         <name>.text</name>
         <load_address>0x85952</load_address>
         <run_address>0x85952</run_address>
         <size>0x1</size>
         <input_file_ref idref="fl-3"/>
      </object_component>
      <object_component id="oc-3ed">
         <name>.text</name>
         <load_address>0x85953</load_address>
         <run_address>0x85953</run_address>
         <size>0x1</size>
         <input_file_ref idref="fl-4b"/>
      </object_component>
      <object_component id="oc-31">
         <name>codestart</name>
         <load_address>0x80000</load_address>
         <run_address>0x80000</run_address>
         <size>0x2</size>
         <input_file_ref idref="fl-8"/>
      </object_component>
      <object_component id="oc-6c">
         <name>.stack</name>
         <uninitialized>true</uninitialized>
         <run_address>0x400</run_address>
         <size>0x0</size>
         <input_file_ref idref="fl-2c"/>
      </object_component>
      <object_component id="oc-4d7">
         <name>.stack</name>
         <uninitialized>true</uninitialized>
         <run_address>0x400</run_address>
         <size>0x0</size>
      </object_component>
      <object_component id="oc-89">
         <name>.bss</name>
         <uninitialized>true</uninitialized>
         <run_address>0xa800</run_address>
         <size>0x174</size>
         <input_file_ref idref="fl-4"/>
      </object_component>
      <object_component id="oc-9e">
         <name>.data</name>
         <load_address>0xa980</load_address>
         <run_address>0xa980</run_address>
         <size>0xe</size>
         <input_file_ref idref="fl-4"/>
      </object_component>
      <object_component id="oc-19c">
         <name>.data</name>
         <load_address>0xa974</load_address>
         <run_address>0xa974</run_address>
         <size>0x6</size>
         <input_file_ref idref="fl-9"/>
      </object_component>
      <object_component id="oc-385">
         <name>.data</name>
         <load_address>0xa97a</load_address>
         <run_address>0xa97a</run_address>
         <size>0x6</size>
         <input_file_ref idref="fl-3c"/>
      </object_component>
      <object_component id="oc-388">
         <name>.data:_lock</name>
         <load_address>0xa98e</load_address>
         <run_address>0xa98e</run_address>
         <size>0x2</size>
         <input_file_ref idref="fl-3d"/>
      </object_component>
      <object_component id="oc-46e">
         <name>.data:_unlock</name>
         <load_address>0xa990</load_address>
         <run_address>0xa990</run_address>
         <size>0x2</size>
         <input_file_ref idref="fl-3d"/>
      </object_component>
      <object_component id="oc-29d">
         <name>.data</name>
         <load_address>0xa992</load_address>
         <run_address>0xa992</run_address>
         <size>0x1</size>
         <input_file_ref idref="fl-45"/>
      </object_component>
      <object_component id="oc-a1">
         <name>.const:.string</name>
         <load_address>0x90000</load_address>
         <run_address>0x90000</run_address>
         <size>0x19b</size>
         <input_file_ref idref="fl-2"/>
      </object_component>
      <object_component id="oc-339">
         <name>.const:.string:_ctypes_</name>
         <load_address>0x9019b</load_address>
         <run_address>0x9019b</run_address>
         <size>0x101</size>
         <input_file_ref idref="fl-4c"/>
      </object_component>
      <object_component id="oc-176">
         <name>.const:.string</name>
         <load_address>0x9029c</load_address>
         <run_address>0x9029c</run_address>
         <size>0xcc</size>
         <input_file_ref idref="fl-7"/>
      </object_component>
      <object_component id="oc-2f2">
         <name>.const:.string</name>
         <load_address>0x90368</load_address>
         <run_address>0x90368</run_address>
         <size>0xc2</size>
         <input_file_ref idref="fl-1d"/>
      </object_component>
      <object_component id="oc-2b1">
         <name>.const:.string</name>
         <load_address>0x9042a</load_address>
         <run_address>0x9042a</run_address>
         <size>0xbf</size>
         <input_file_ref idref="fl-18"/>
      </object_component>
      <object_component id="oc-1a9">
         <name>.const:.string</name>
         <load_address>0x904ea</load_address>
         <run_address>0x904ea</run_address>
         <size>0xbc</size>
         <input_file_ref idref="fl-19"/>
      </object_component>
      <object_component id="oc-1b2">
         <name>.const:.string</name>
         <load_address>0x905a6</load_address>
         <run_address>0x905a6</run_address>
         <size>0xbb</size>
         <input_file_ref idref="fl-15"/>
      </object_component>
      <object_component id="oc-1ed">
         <name>.const:.string</name>
         <load_address>0x90662</load_address>
         <run_address>0x90662</run_address>
         <size>0xbb</size>
         <input_file_ref idref="fl-1c"/>
      </object_component>
      <object_component id="oc-119">
         <name>.const:.string</name>
         <load_address>0x9071e</load_address>
         <run_address>0x9071e</run_address>
         <size>0x87</size>
         <input_file_ref idref="fl-4"/>
      </object_component>
      <object_component id="oc-14c">
         <name>.const:.string</name>
         <load_address>0x907a6</load_address>
         <run_address>0x907a6</run_address>
         <size>0x78</size>
         <input_file_ref idref="fl-b"/>
      </object_component>
      <object_component id="oc-1c3">
         <name>.const:.string</name>
         <load_address>0x9081e</load_address>
         <run_address>0x9081e</run_address>
         <size>0x62</size>
         <input_file_ref idref="fl-16"/>
      </object_component>
      <object_component id="oc-1cc">
         <name>.const:.string</name>
         <load_address>0x90880</load_address>
         <run_address>0x90880</run_address>
         <size>0x5e</size>
         <input_file_ref idref="fl-17"/>
      </object_component>
      <object_component id="oc-1d7">
         <name>.const:.string</name>
         <load_address>0x908de</load_address>
         <run_address>0x908de</run_address>
         <size>0x5d</size>
         <input_file_ref idref="fl-1a"/>
      </object_component>
      <object_component id="oc-3ce">
         <name>.const:digits</name>
         <load_address>0x9093c</load_address>
         <run_address>0x9093c</run_address>
         <size>0x40</size>
         <input_file_ref idref="fl-43"/>
      </object_component>
      <object_component id="oc-3d7">
         <name>.const:powerof10</name>
         <load_address>0x9097c</load_address>
         <run_address>0x9097c</run_address>
         <size>0x24</size>
         <input_file_ref idref="fl-43"/>
      </object_component>
      <object_component id="oc-454">
         <name>.const</name>
         <load_address>0x909a0</load_address>
         <run_address>0x909a0</run_address>
         <size>0x1c</size>
         <input_file_ref idref="fl-46"/>
      </object_component>
      <object_component id="oc-295">
         <name>.const</name>
         <load_address>0x909c0</load_address>
         <run_address>0x909c0</run_address>
         <size>0x14</size>
         <input_file_ref idref="fl-29"/>
      </object_component>
      <object_component id="oc-195">
         <name>.const:.string</name>
         <load_address>0x909d4</load_address>
         <run_address>0x909d4</run_address>
         <size>0x13</size>
         <input_file_ref idref="fl-9"/>
      </object_component>
      <object_component id="oc-394">
         <name>.const</name>
         <load_address>0x909e8</load_address>
         <run_address>0x909e8</run_address>
         <size>0xc</size>
         <input_file_ref idref="fl-2b"/>
      </object_component>
      <object_component id="oc-3d1">
         <name>.const</name>
         <load_address>0x909f4</load_address>
         <run_address>0x909f4</run_address>
         <size>0xc</size>
         <input_file_ref idref="fl-43"/>
      </object_component>
      <object_component id="oc-3c">
         <name>.TI.ramfunc:retain</name>
         <load_address>0x86000</load_address>
         <run_address>0x8000</run_address>
         <size>0x13f</size>
         <input_file_ref idref="fl-4"/>
      </object_component>
      <object_component id="oc-17d">
         <name>.TI.ramfunc:Flash_initModule</name>
         <load_address>0x8613f</load_address>
         <run_address>0x813f</run_address>
         <size>0x43</size>
         <input_file_ref idref="fl-18"/>
      </object_component>
      <object_component id="oc-2be">
         <name>.TI.ramfunc:Flash_setBankPowerMode</name>
         <load_address>0x86182</load_address>
         <run_address>0x8182</run_address>
         <size>0x2c</size>
         <input_file_ref idref="fl-18"/>
      </object_component>
      <object_component id="oc-2d6">
         <name>.TI.ramfunc:Flash_setWaitstates</name>
         <load_address>0x861ae</load_address>
         <run_address>0x81ae</run_address>
         <size>0x24</size>
         <input_file_ref idref="fl-18"/>
      </object_component>
      <object_component id="oc-2c4">
         <name>.TI.ramfunc:Flash_setPumpPowerMode</name>
         <load_address>0x861d2</load_address>
         <run_address>0x81d2</run_address>
         <size>0x1d</size>
         <input_file_ref idref="fl-18"/>
      </object_component>
      <object_component id="oc-2ca">
         <name>.TI.ramfunc:Flash_disableCache</name>
         <load_address>0x861ef</load_address>
         <run_address>0x81ef</run_address>
         <size>0x18</size>
         <input_file_ref idref="fl-18"/>
      </object_component>
      <object_component id="oc-2d0">
         <name>.TI.ramfunc:Flash_disablePrefetch</name>
         <load_address>0x86207</load_address>
         <run_address>0x8207</run_address>
         <size>0x18</size>
         <input_file_ref idref="fl-18"/>
      </object_component>
      <object_component id="oc-2dc">
         <name>.TI.ramfunc:Flash_enableCache</name>
         <load_address>0x8621f</load_address>
         <run_address>0x821f</run_address>
         <size>0x17</size>
         <input_file_ref idref="fl-18"/>
      </object_component>
      <object_component id="oc-2e2">
         <name>.TI.ramfunc:Flash_enablePrefetch</name>
         <load_address>0x86236</load_address>
         <run_address>0x8236</run_address>
         <size>0x17</size>
         <input_file_ref idref="fl-18"/>
      </object_component>
      <object_component id="oc-2e8">
         <name>.TI.ramfunc:Flash_enableECC</name>
         <load_address>0x8624d</load_address>
         <run_address>0x824d</run_address>
         <size>0x16</size>
         <input_file_ref idref="fl-18"/>
      </object_component>
      <object_component id="oc-120">
         <name>.TI.ramfunc</name>
         <load_address>0x86263</load_address>
         <run_address>0x8263</run_address>
         <size>0x4</size>
         <input_file_ref idref="fl-1d"/>
      </object_component>
      <object_component id="oc-103">
         <name>.debug_types</name>
         <load_address>0x0</load_address>
         <run_address>0x0</run_address>
         <size>0x2426</size>
         <input_file_ref idref="fl-2"/>
      </object_component>
      <object_component id="oc-227">
         <name>.debug_types</name>
         <load_address>0x0</load_address>
         <run_address>0x0</run_address>
         <size>0x0</size>
         <input_file_ref idref="fl-3"/>
      </object_component>
      <object_component id="oc-105">
         <name>.debug_types</name>
         <load_address>0x2426</load_address>
         <run_address>0x2426</run_address>
         <size>0x1653</size>
         <input_file_ref idref="fl-4"/>
      </object_component>
      <object_component id="oc-24c">
         <name>.debug_types</name>
         <load_address>0x3a79</load_address>
         <run_address>0x3a79</run_address>
         <size>0x131</size>
         <input_file_ref idref="fl-6"/>
      </object_component>
      <object_component id="oc-178">
         <name>.debug_types</name>
         <load_address>0x3baa</load_address>
         <run_address>0x3baa</run_address>
         <size>0xb0</size>
         <input_file_ref idref="fl-7"/>
      </object_component>
      <object_component id="oc-1a0">
         <name>.debug_types</name>
         <load_address>0x3c5a</load_address>
         <run_address>0x3c5a</run_address>
         <size>0xdc7</size>
         <input_file_ref idref="fl-9"/>
      </object_component>
      <object_component id="oc-17a">
         <name>.debug_types</name>
         <load_address>0x4a21</load_address>
         <run_address>0x4a21</run_address>
         <size>0x2b</size>
         <input_file_ref idref="fl-a"/>
      </object_component>
      <object_component id="oc-175">
         <name>.debug_types</name>
         <load_address>0x4a4c</load_address>
         <run_address>0x4a4c</run_address>
         <size>0x5a</size>
         <input_file_ref idref="fl-b"/>
      </object_component>
      <object_component id="oc-1ba">
         <name>.debug_types</name>
         <load_address>0x4aa6</load_address>
         <run_address>0x4aa6</run_address>
         <size>0xdf</size>
         <input_file_ref idref="fl-15"/>
      </object_component>
      <object_component id="oc-1c5">
         <name>.debug_types</name>
         <load_address>0x0</load_address>
         <run_address>0x0</run_address>
         <size>0x0</size>
         <input_file_ref idref="fl-16"/>
      </object_component>
      <object_component id="oc-1ce">
         <name>.debug_types</name>
         <load_address>0x0</load_address>
         <run_address>0x0</run_address>
         <size>0x0</size>
         <input_file_ref idref="fl-17"/>
      </object_component>
      <object_component id="oc-2ef">
         <name>.debug_types</name>
         <load_address>0x4b85</load_address>
         <run_address>0x4b85</run_address>
         <size>0x1d7</size>
         <input_file_ref idref="fl-18"/>
      </object_component>
      <object_component id="oc-1a2">
         <name>.debug_types</name>
         <load_address>0x4d5c</load_address>
         <run_address>0x4d5c</run_address>
         <size>0x2c4</size>
         <input_file_ref idref="fl-19"/>
      </object_component>
      <object_component id="oc-1d9">
         <name>.debug_types</name>
         <load_address>0x0</load_address>
         <run_address>0x0</run_address>
         <size>0x0</size>
         <input_file_ref idref="fl-1a"/>
      </object_component>
      <object_component id="oc-12f">
         <name>.debug_types</name>
         <load_address>0x0</load_address>
         <run_address>0x0</run_address>
         <size>0x0</size>
         <input_file_ref idref="fl-1b"/>
      </object_component>
      <object_component id="oc-1f5">
         <name>.debug_types</name>
         <load_address>0x0</load_address>
         <run_address>0x0</run_address>
         <size>0x0</size>
         <input_file_ref idref="fl-1c"/>
      </object_component>
      <object_component id="oc-2f1">
         <name>.debug_types</name>
         <load_address>0x5020</load_address>
         <run_address>0x5020</run_address>
         <size>0x21d</size>
         <input_file_ref idref="fl-1d"/>
      </object_component>
      <object_component id="oc-2a1">
         <name>.debug_types</name>
         <load_address>0x523d</load_address>
         <run_address>0x523d</run_address>
         <size>0xbc</size>
         <input_file_ref idref="fl-29"/>
      </object_component>
      <object_component id="oc-27f">
         <name>.debug_types</name>
         <load_address>0x0</load_address>
         <run_address>0x0</run_address>
         <size>0x0</size>
         <input_file_ref idref="fl-2a"/>
      </object_component>
      <object_component id="oc-39b">
         <name>.debug_types</name>
         <load_address>0x0</load_address>
         <run_address>0x0</run_address>
         <size>0x0</size>
         <input_file_ref idref="fl-2b"/>
      </object_component>
      <object_component id="oc-137">
         <name>.debug_types</name>
         <load_address>0x52f9</load_address>
         <run_address>0x52f9</run_address>
         <size>0xb4</size>
         <input_file_ref idref="fl-36"/>
      </object_component>
      <object_component id="oc-352">
         <name>.debug_types</name>
         <load_address>0x0</load_address>
         <run_address>0x0</run_address>
         <size>0x0</size>
         <input_file_ref idref="fl-37"/>
      </object_component>
      <object_component id="oc-3f4">
         <name>.debug_types</name>
         <load_address>0x53ad</load_address>
         <run_address>0x53ad</run_address>
         <size>0x441</size>
         <input_file_ref idref="fl-38"/>
      </object_component>
      <object_component id="oc-13c">
         <name>.debug_types</name>
         <load_address>0x57ee</load_address>
         <run_address>0x57ee</run_address>
         <size>0x169</size>
         <input_file_ref idref="fl-39"/>
      </object_component>
      <object_component id="oc-76">
         <name>.debug_types</name>
         <load_address>0x0</load_address>
         <run_address>0x0</run_address>
         <size>0x0</size>
         <input_file_ref idref="fl-3a"/>
      </object_component>
      <object_component id="oc-6e">
         <name>.debug_types</name>
         <load_address>0x5957</load_address>
         <run_address>0x5957</run_address>
         <size>0x191</size>
         <input_file_ref idref="fl-3b"/>
      </object_component>
      <object_component id="oc-38c">
         <name>.debug_types</name>
         <load_address>0x5ae8</load_address>
         <run_address>0x5ae8</run_address>
         <size>0xbf</size>
         <input_file_ref idref="fl-3c"/>
      </object_component>
      <object_component id="oc-40f">
         <name>.debug_types</name>
         <load_address>0x5ba7</load_address>
         <run_address>0x5ba7</run_address>
         <size>0x2f</size>
         <input_file_ref idref="fl-3d"/>
      </object_component>
      <object_component id="oc-384">
         <name>.debug_types</name>
         <load_address>0x5bd6</load_address>
         <run_address>0x5bd6</run_address>
         <size>0xe1</size>
         <input_file_ref idref="fl-3e"/>
      </object_component>
      <object_component id="oc-349">
         <name>.debug_types</name>
         <load_address>0x5cb7</load_address>
         <run_address>0x5cb7</run_address>
         <size>0x5e</size>
         <input_file_ref idref="fl-3f"/>
      </object_component>
      <object_component id="oc-33d">
         <name>.debug_types</name>
         <load_address>0x5d15</load_address>
         <run_address>0x5d15</run_address>
         <size>0x34</size>
         <input_file_ref idref="fl-40"/>
      </object_component>
      <object_component id="oc-341">
         <name>.debug_types</name>
         <load_address>0x0</load_address>
         <run_address>0x0</run_address>
         <size>0x0</size>
         <input_file_ref idref="fl-41"/>
      </object_component>
      <object_component id="oc-3e6">
         <name>.debug_types</name>
         <load_address>0x5d49</load_address>
         <run_address>0x5d49</run_address>
         <size>0xfb</size>
         <input_file_ref idref="fl-43"/>
      </object_component>
      <object_component id="oc-33f">
         <name>.debug_types</name>
         <load_address>0x0</load_address>
         <run_address>0x0</run_address>
         <size>0x0</size>
         <input_file_ref idref="fl-44"/>
      </object_component>
      <object_component id="oc-3a3">
         <name>.debug_types</name>
         <load_address>0x0</load_address>
         <run_address>0x0</run_address>
         <size>0x0</size>
         <input_file_ref idref="fl-45"/>
      </object_component>
      <object_component id="oc-463">
         <name>.debug_types</name>
         <load_address>0x5e44</load_address>
         <run_address>0x5e44</run_address>
         <size>0x38</size>
         <input_file_ref idref="fl-46"/>
      </object_component>
      <object_component id="oc-468">
         <name>.debug_types</name>
         <load_address>0x0</load_address>
         <run_address>0x0</run_address>
         <size>0x0</size>
         <input_file_ref idref="fl-4b"/>
      </object_component>
      <object_component id="oc-3c4">
         <name>.debug_types</name>
         <load_address>0x0</load_address>
         <run_address>0x0</run_address>
         <size>0x0</size>
         <input_file_ref idref="fl-4c"/>
      </object_component>
      <object_component id="oc-48d">
         <name>.debug_types</name>
         <load_address>0x0</load_address>
         <run_address>0x0</run_address>
         <size>0x0</size>
         <input_file_ref idref="fl-4d"/>
      </object_component>
      <object_component id="oc-3f">
         <name>.debug_info</name>
         <load_address>0x0</load_address>
         <run_address>0x0</run_address>
         <size>0x5a93</size>
         <input_file_ref idref="fl-2"/>
      </object_component>
      <object_component id="oc-122">
         <name>.debug_info</name>
         <load_address>0x5a93</load_address>
         <run_address>0x5a93</run_address>
         <size>0x144</size>
         <input_file_ref idref="fl-3"/>
      </object_component>
      <object_component id="oc-8a">
         <name>.debug_info</name>
         <load_address>0x5bd7</load_address>
         <run_address>0x5bd7</run_address>
         <size>0x448</size>
         <input_file_ref idref="fl-4"/>
      </object_component>
      <object_component id="oc-9f">
         <name>.debug_info</name>
         <load_address>0x601f</load_address>
         <run_address>0x601f</run_address>
         <size>0xee</size>
         <input_file_ref idref="fl-4"/>
      </object_component>
      <object_component id="oc-4d">
         <name>.debug_info</name>
         <load_address>0x610d</load_address>
         <run_address>0x610d</run_address>
         <size>0x9cc</size>
         <input_file_ref idref="fl-4"/>
      </object_component>
      <object_component id="oc-154">
         <name>.debug_info</name>
         <load_address>0x6ad9</load_address>
         <run_address>0x6ad9</run_address>
         <size>0x175</size>
         <input_file_ref idref="fl-4"/>
      </object_component>
      <object_component id="oc-161">
         <name>.debug_info</name>
         <load_address>0x6c4e</load_address>
         <run_address>0x6c4e</run_address>
         <size>0x175</size>
         <input_file_ref idref="fl-4"/>
      </object_component>
      <object_component id="oc-168">
         <name>.debug_info</name>
         <load_address>0x6dc3</load_address>
         <run_address>0x6dc3</run_address>
         <size>0x177</size>
         <input_file_ref idref="fl-4"/>
      </object_component>
      <object_component id="oc-43">
         <name>.debug_info</name>
         <load_address>0x6f3a</load_address>
         <run_address>0x6f3a</run_address>
         <size>0x26c</size>
         <input_file_ref idref="fl-4"/>
      </object_component>
      <object_component id="oc-49">
         <name>.debug_info</name>
         <load_address>0x71a6</load_address>
         <run_address>0x71a6</run_address>
         <size>0x290</size>
         <input_file_ref idref="fl-4"/>
      </object_component>
      <object_component id="oc-12a">
         <name>.debug_info</name>
         <load_address>0x7436</load_address>
         <run_address>0x7436</run_address>
         <size>0x6fd</size>
         <input_file_ref idref="fl-6"/>
      </object_component>
      <object_component id="oc-95">
         <name>.debug_info</name>
         <load_address>0x7b33</load_address>
         <run_address>0x7b33</run_address>
         <size>0x16a8</size>
         <input_file_ref idref="fl-7"/>
      </object_component>
      <object_component id="oc-34">
         <name>.debug_info</name>
         <load_address>0x91db</load_address>
         <run_address>0x91db</run_address>
         <size>0x111</size>
         <input_file_ref idref="fl-8"/>
      </object_component>
      <object_component id="oc-85">
         <name>.debug_info</name>
         <load_address>0x92ec</load_address>
         <run_address>0x92ec</run_address>
         <size>0x112</size>
         <input_file_ref idref="fl-8"/>
      </object_component>
      <object_component id="oc-19d">
         <name>.debug_info</name>
         <load_address>0x93fe</load_address>
         <run_address>0x93fe</run_address>
         <size>0x15c</size>
         <input_file_ref idref="fl-9"/>
      </object_component>
      <object_component id="oc-a4">
         <name>.debug_info</name>
         <load_address>0x955a</load_address>
         <run_address>0x955a</run_address>
         <size>0x1c67</size>
         <input_file_ref idref="fl-9"/>
      </object_component>
      <object_component id="oc-99">
         <name>.debug_info</name>
         <load_address>0xb1c1</load_address>
         <run_address>0xb1c1</run_address>
         <size>0x7f7</size>
         <input_file_ref idref="fl-a"/>
      </object_component>
      <object_component id="oc-8d">
         <name>.debug_info</name>
         <load_address>0xb9b8</load_address>
         <run_address>0xb9b8</run_address>
         <size>0x1482</size>
         <input_file_ref idref="fl-b"/>
      </object_component>
      <object_component id="oc-1ad">
         <name>.debug_info</name>
         <load_address>0xce3a</load_address>
         <run_address>0xce3a</run_address>
         <size>0x207</size>
         <input_file_ref idref="fl-15"/>
      </object_component>
      <object_component id="oc-333">
         <name>.debug_info</name>
         <load_address>0xd041</load_address>
         <run_address>0xd041</run_address>
         <size>0x26c</size>
         <input_file_ref idref="fl-15"/>
      </object_component>
      <object_component id="oc-20c">
         <name>.debug_info</name>
         <load_address>0xd2ad</load_address>
         <run_address>0xd2ad</run_address>
         <size>0x25b</size>
         <input_file_ref idref="fl-15"/>
      </object_component>
      <object_component id="oc-1b6">
         <name>.debug_info</name>
         <load_address>0xd508</load_address>
         <run_address>0xd508</run_address>
         <size>0x21b</size>
         <input_file_ref idref="fl-15"/>
      </object_component>
      <object_component id="oc-bd">
         <name>.debug_info</name>
         <load_address>0xd723</load_address>
         <run_address>0xd723</run_address>
         <size>0x242</size>
         <input_file_ref idref="fl-15"/>
      </object_component>
      <object_component id="oc-c2">
         <name>.debug_info</name>
         <load_address>0xd965</load_address>
         <run_address>0xd965</run_address>
         <size>0x333</size>
         <input_file_ref idref="fl-15"/>
      </object_component>
      <object_component id="oc-10f">
         <name>.debug_info</name>
         <load_address>0xdc98</load_address>
         <run_address>0xdc98</run_address>
         <size>0x255</size>
         <input_file_ref idref="fl-15"/>
      </object_component>
      <object_component id="oc-c7">
         <name>.debug_info</name>
         <load_address>0xdeed</load_address>
         <run_address>0xdeed</run_address>
         <size>0x349</size>
         <input_file_ref idref="fl-15"/>
      </object_component>
      <object_component id="oc-22a">
         <name>.debug_info</name>
         <load_address>0xe236</load_address>
         <run_address>0xe236</run_address>
         <size>0x2d8</size>
         <input_file_ref idref="fl-15"/>
      </object_component>
      <object_component id="oc-109">
         <name>.debug_info</name>
         <load_address>0xe50e</load_address>
         <run_address>0xe50e</run_address>
         <size>0x2af</size>
         <input_file_ref idref="fl-15"/>
      </object_component>
      <object_component id="oc-1bf">
         <name>.debug_info</name>
         <load_address>0xe7bd</load_address>
         <run_address>0xe7bd</run_address>
         <size>0x219</size>
         <input_file_ref idref="fl-16"/>
      </object_component>
      <object_component id="oc-cf">
         <name>.debug_info</name>
         <load_address>0xe9d6</load_address>
         <run_address>0xe9d6</run_address>
         <size>0x265</size>
         <input_file_ref idref="fl-16"/>
      </object_component>
      <object_component id="oc-1c9">
         <name>.debug_info</name>
         <load_address>0xec3b</load_address>
         <run_address>0xec3b</run_address>
         <size>0x20b</size>
         <input_file_ref idref="fl-17"/>
      </object_component>
      <object_component id="oc-d3">
         <name>.debug_info</name>
         <load_address>0xee46</load_address>
         <run_address>0xee46</run_address>
         <size>0x2bb</size>
         <input_file_ref idref="fl-17"/>
      </object_component>
      <object_component id="oc-2ad">
         <name>.debug_info</name>
         <load_address>0xf101</load_address>
         <run_address>0xf101</run_address>
         <size>0x21d</size>
         <input_file_ref idref="fl-18"/>
      </object_component>
      <object_component id="oc-2b5">
         <name>.debug_info</name>
         <load_address>0xf31e</load_address>
         <run_address>0xf31e</run_address>
         <size>0x219</size>
         <input_file_ref idref="fl-18"/>
      </object_component>
      <object_component id="oc-2d9">
         <name>.debug_info</name>
         <load_address>0xf537</load_address>
         <run_address>0xf537</run_address>
         <size>0x279</size>
         <input_file_ref idref="fl-18"/>
      </object_component>
      <object_component id="oc-2c0">
         <name>.debug_info</name>
         <load_address>0xf7b0</load_address>
         <run_address>0xf7b0</run_address>
         <size>0x28f</size>
         <input_file_ref idref="fl-18"/>
      </object_component>
      <object_component id="oc-2c8">
         <name>.debug_info</name>
         <load_address>0xfa3f</load_address>
         <run_address>0xfa3f</run_address>
         <size>0x26e</size>
         <input_file_ref idref="fl-18"/>
      </object_component>
      <object_component id="oc-2e5">
         <name>.debug_info</name>
         <load_address>0xfcad</load_address>
         <run_address>0xfcad</run_address>
         <size>0x23f</size>
         <input_file_ref idref="fl-18"/>
      </object_component>
      <object_component id="oc-2d3">
         <name>.debug_info</name>
         <load_address>0xfeec</load_address>
         <run_address>0xfeec</run_address>
         <size>0x241</size>
         <input_file_ref idref="fl-18"/>
      </object_component>
      <object_component id="oc-2de">
         <name>.debug_info</name>
         <load_address>0x1012d</load_address>
         <run_address>0x1012d</run_address>
         <size>0x239</size>
         <input_file_ref idref="fl-18"/>
      </object_component>
      <object_component id="oc-2cc">
         <name>.debug_info</name>
         <load_address>0x10366</load_address>
         <run_address>0x10366</run_address>
         <size>0x23b</size>
         <input_file_ref idref="fl-18"/>
      </object_component>
      <object_component id="oc-2eb">
         <name>.debug_info</name>
         <load_address>0x105a1</load_address>
         <run_address>0x105a1</run_address>
         <size>0x232</size>
         <input_file_ref idref="fl-18"/>
      </object_component>
      <object_component id="oc-2ba">
         <name>.debug_info</name>
         <load_address>0x107d3</load_address>
         <run_address>0x107d3</run_address>
         <size>0x27b</size>
         <input_file_ref idref="fl-18"/>
      </object_component>
      <object_component id="oc-17f">
         <name>.debug_info</name>
         <load_address>0x10a4e</load_address>
         <run_address>0x10a4e</run_address>
         <size>0x397</size>
         <input_file_ref idref="fl-18"/>
      </object_component>
      <object_component id="oc-1a5">
         <name>.debug_info</name>
         <load_address>0x10de5</load_address>
         <run_address>0x10de5</run_address>
         <size>0x205</size>
         <input_file_ref idref="fl-19"/>
      </object_component>
      <object_component id="oc-db">
         <name>.debug_info</name>
         <load_address>0x10fea</load_address>
         <run_address>0x10fea</run_address>
         <size>0x27d</size>
         <input_file_ref idref="fl-19"/>
      </object_component>
      <object_component id="oc-b0">
         <name>.debug_info</name>
         <load_address>0x11267</load_address>
         <run_address>0x11267</run_address>
         <size>0x266</size>
         <input_file_ref idref="fl-19"/>
      </object_component>
      <object_component id="oc-b5">
         <name>.debug_info</name>
         <load_address>0x114cd</load_address>
         <run_address>0x114cd</run_address>
         <size>0x2ae</size>
         <input_file_ref idref="fl-19"/>
      </object_component>
      <object_component id="oc-e0">
         <name>.debug_info</name>
         <load_address>0x1177b</load_address>
         <run_address>0x1177b</run_address>
         <size>0x296</size>
         <input_file_ref idref="fl-19"/>
      </object_component>
      <object_component id="oc-a9">
         <name>.debug_info</name>
         <load_address>0x11a11</load_address>
         <run_address>0x11a11</run_address>
         <size>0x24f</size>
         <input_file_ref idref="fl-19"/>
      </object_component>
      <object_component id="oc-1d3">
         <name>.debug_info</name>
         <load_address>0x11c60</load_address>
         <run_address>0x11c60</run_address>
         <size>0x207</size>
         <input_file_ref idref="fl-1a"/>
      </object_component>
      <object_component id="oc-e6">
         <name>.debug_info</name>
         <load_address>0x11e67</load_address>
         <run_address>0x11e67</run_address>
         <size>0x2c9</size>
         <input_file_ref idref="fl-1a"/>
      </object_component>
      <object_component id="oc-1e4">
         <name>.debug_info</name>
         <load_address>0x12130</load_address>
         <run_address>0x12130</run_address>
         <size>0x1fe</size>
         <input_file_ref idref="fl-1b"/>
      </object_component>
      <object_component id="oc-1de">
         <name>.debug_info</name>
         <load_address>0x1232e</load_address>
         <run_address>0x1232e</run_address>
         <size>0x200</size>
         <input_file_ref idref="fl-1b"/>
      </object_component>
      <object_component id="oc-11e">
         <name>.debug_info</name>
         <load_address>0x1252e</load_address>
         <run_address>0x1252e</run_address>
         <size>0x20f</size>
         <input_file_ref idref="fl-1b"/>
      </object_component>
      <object_component id="oc-5e">
         <name>.debug_info</name>
         <load_address>0x1273d</load_address>
         <run_address>0x1273d</run_address>
         <size>0x21c</size>
         <input_file_ref idref="fl-1b"/>
      </object_component>
      <object_component id="oc-64">
         <name>.debug_info</name>
         <load_address>0x12959</load_address>
         <run_address>0x12959</run_address>
         <size>0x202</size>
         <input_file_ref idref="fl-1b"/>
      </object_component>
      <object_component id="oc-6a">
         <name>.debug_info</name>
         <load_address>0x12b5b</load_address>
         <run_address>0x12b5b</run_address>
         <size>0x1e8</size>
         <input_file_ref idref="fl-1b"/>
      </object_component>
      <object_component id="oc-5c">
         <name>.debug_info</name>
         <load_address>0x12d43</load_address>
         <run_address>0x12d43</run_address>
         <size>0x20c</size>
         <input_file_ref idref="fl-1b"/>
      </object_component>
      <object_component id="oc-ee">
         <name>.debug_info</name>
         <load_address>0x12f4f</load_address>
         <run_address>0x12f4f</run_address>
         <size>0x2b3</size>
         <input_file_ref idref="fl-1b"/>
      </object_component>
      <object_component id="oc-1ea">
         <name>.debug_info</name>
         <load_address>0x13202</load_address>
         <run_address>0x13202</run_address>
         <size>0x205</size>
         <input_file_ref idref="fl-1c"/>
      </object_component>
      <object_component id="oc-200">
         <name>.debug_info</name>
         <load_address>0x13407</load_address>
         <run_address>0x13407</run_address>
         <size>0x225</size>
         <input_file_ref idref="fl-1c"/>
      </object_component>
      <object_component id="oc-1f9">
         <name>.debug_info</name>
         <load_address>0x1362c</load_address>
         <run_address>0x1362c</run_address>
         <size>0x227</size>
         <input_file_ref idref="fl-1c"/>
      </object_component>
      <object_component id="oc-215">
         <name>.debug_info</name>
         <load_address>0x13853</load_address>
         <run_address>0x13853</run_address>
[...]
         <value>0x8331b</value>
         <object_component_ref idref="oc-92"/>
      </symbol>
      <symbol id="sm-21d">
         <name>HAL_hoverDetection</name>
         <value>0x833d6</value>
         <object_component_ref idref="oc-92"/>
      </symbol>
      <symbol id="sm-21e">
         <name>HAL_vehicleRun</name>
         <value>0x8348f</value>
         <object_component_ref idref="oc-92"/>
      </symbol>
      <symbol id="sm-21f">
         <name>motorSetStatus</name>
         <value>0x833f7</value>
         <object_component_ref idref="oc-92"/>
      </symbol>
      <symbol id="sm-22e">
         <name>code_start</name>
         <value>0x80000</value>
         <object_component_ref idref="oc-31"/>
      </symbol>
      <symbol id="sm-25f">
         <name>Device_enableAllPeripherals</name>
         <value>0x83a2b</value>
         <object_component_ref idref="oc-a2"/>
      </symbol>
      <symbol id="sm-260">
         <name>Device_initGPIO</name>
         <value>0x83b16</value>
         <object_component_ref idref="oc-a2"/>
      </symbol>
      <symbol id="sm-261">
         <name>Example_Fail</name>
         <value>0xa978</value>
         <object_component_ref idref="oc-19c"/>
      </symbol>
      <symbol id="sm-262">
         <name>Example_setResultFail</name>
         <value>0x83d34</value>
         <object_component_ref idref="oc-a2"/>
      </symbol>
      <symbol id="sm-263">
         <name>Device_bootCPU2</name>
         <value>0x83bae</value>
         <object_component_ref idref="oc-a2"/>
      </symbol>
      <symbol id="sm-264">
         <name>Device_init</name>
         <value>0x839d8</value>
         <object_component_ref idref="oc-a2"/>
      </symbol>
      <symbol id="sm-265">
         <name>Example_Result</name>
         <value>0xa974</value>
         <object_component_ref idref="oc-19c"/>
      </symbol>
      <symbol id="sm-266">
         <name>Device_enableUnbondedGPIOPullups</name>
         <value>0x83b67</value>
         <object_component_ref idref="oc-a2"/>
      </symbol>
      <symbol id="sm-267">
         <name>__error__</name>
         <value>0x83d28</value>
         <object_component_ref idref="oc-a2"/>
      </symbol>
      <symbol id="sm-268">
         <name>Example_setResultPass</name>
         <value>0x83d2f</value>
         <object_component_ref idref="oc-a2"/>
      </symbol>
      <symbol id="sm-269">
         <name>Device_configureTMXAnalogTrim</name>
         <value>0x83b7d</value>
         <object_component_ref idref="oc-a2"/>
      </symbol>
      <symbol id="sm-26a">
         <name>Device_enableUnbondedGPIOPullupsFor176Pin</name>
         <value>0x83b37</value>
         <object_component_ref idref="oc-a2"/>
      </symbol>
      <symbol id="sm-26b">
         <name>Example_done</name>
         <value>0x83d39</value>
         <object_component_ref idref="oc-a2"/>
      </symbol>
      <symbol id="sm-26c">
         <name>Example_PassCount</name>
         <value>0xa976</value>
         <object_component_ref idref="oc-19c"/>
      </symbol>
      <symbol id="sm-26d">
         <name>Device_enableUnbondedGPIOPullupsFor100Pin</name>
         <value>0x83b4a</value>
         <object_component_ref idref="oc-a2"/>
      </symbol>
      <symbol id="sm-292">
         <name>updateP_Icontroller</name>
         <value>0x835c9</value>
         <object_component_ref idref="oc-98"/>
      </symbol>
      <symbol id="sm-293">
         <name>speedPIcontroller3</name>
         <value>0x83800</value>
         <object_component_ref idref="oc-98"/>
      </symbol>
      <symbol id="sm-294">
         <name>speedPIcontroller2</name>
         <value>0x83783</value>
         <object_component_ref idref="oc-98"/>
      </symbol>
      <symbol id="sm-295">
         <name>setOutputLimt</name>
         <value>0x8392a</value>
         <object_component_ref idref="oc-98"/>
      </symbol>
      <symbol id="sm-296">
         <name>setTs</name>
         <value>0x838d1</value>
         <object_component_ref idref="oc-98"/>
      </symbol>
      <symbol id="sm-297">
         <name>setKp</name>
         <value>0x838a4</value>
         <object_component_ref idref="oc-98"/>
      </symbol>
      <symbol id="sm-298">
         <name>setKi</name>
         <value>0x838ae</value>
         <object_component_ref idref="oc-98"/>
      </symbol>
      <symbol id="sm-299">
         <name>setKd</name>
         <value>0x838c4</value>
         <object_component_ref idref="oc-98"/>
      </symbol>
      <symbol id="sm-29a">
         <name>updateP_Dcontroller</name>
         <value>0x83672</value>
         <object_component_ref idref="oc-98"/>
      </symbol>
      <symbol id="sm-29b">
         <name>pidControllerInit</name>
         <value>0x8350d</value>
         <object_component_ref idref="oc-98"/>
      </symbol>
      <symbol id="sm-29c">
         <name>speedPIcontroller</name>
         <value>0x836e9</value>
         <object_component_ref idref="oc-98"/>
      </symbol>
      <symbol id="sm-2d9">
         <name>setOffset</name>
         <value>0x82f18</value>
         <object_component_ref idref="oc-8c"/>
      </symbol>
      <symbol id="sm-2da">
         <name>IMUWrite</name>
         <value>0x82c64</value>
         <object_component_ref idref="oc-8c"/>
      </symbol>
      <symbol id="sm-2db">
         <name>deviceReset</name>
         <value>0x82d38</value>
         <object_component_ref idref="oc-8c"/>
      </symbol>
      <symbol id="sm-2dc">
         <name>IMURead</name>
         <value>0x82c04</value>
         <object_component_ref idref="oc-8c"/>
      </symbol>
      <symbol id="sm-2dd">
         <name>MPU6050init</name>
         <value>0x82cb0</value>
         <object_component_ref idref="oc-8c"/>
      </symbol>
      <symbol id="sm-2de">
         <name>MPU_dataProcessing</name>
         <value>0x82d5a</value>
         <object_component_ref idref="oc-8c"/>
      </symbol>
      <symbol id="sm-2df">
         <name>complemenaryEuler</name>
         <value>0x82f3c</value>
         <object_component_ref idref="oc-8c"/>
      </symbol>
      <symbol id="sm-2e0">
         <name>getGAdata_floating</name>
         <value>0x82e35</value>
         <object_component_ref idref="oc-8c"/>
      </symbol>
      <symbol id="sm-2e1">
         <name>checkAttendence</name>
         <value>0x82d13</value>
         <object_component_ref idref="oc-8c"/>
      </symbol>
      <symbol id="sm-36d">
         <name>CAN_sendMessage</name>
         <value>0x84dba</value>
         <object_component_ref idref="oc-228"/>
      </symbol>
      <symbol id="sm-36e">
         <name>CAN_setBitTiming</name>
         <value>0x84efa</value>
         <object_component_ref idref="oc-c0"/>
      </symbol>
      <symbol id="sm-36f">
         <name>CAN_clearInterruptStatus</name>
         <value>0x8510f</value>
         <object_component_ref idref="oc-10c"/>
      </symbol>
      <symbol id="sm-370">
         <name>CAN_setupMessageObject</name>
         <value>0x848ba</value>
         <object_component_ref idref="oc-c6"/>
      </symbol>
      <symbol id="sm-371">
         <name>CAN_initModule</name>
         <value>0x855bf</value>
         <object_component_ref idref="oc-ba"/>
      </symbol>
      <symbol id="sm-372">
         <name>CAN_readMessage</name>
         <value>0x84e94</value>
         <object_component_ref idref="oc-106"/>
      </symbol>
      <symbol id="sm-38c">
         <name>CPUTimer_setEmulationMode</name>
         <value>0x857d4</value>
         <object_component_ref idref="oc-cc"/>
      </symbol>
      <symbol id="sm-3ae">
         <name>EQEP_setInputPolarity</name>
         <value>0x83fbd</value>
         <object_component_ref idref="oc-d2"/>
      </symbol>
      <symbol id="sm-428">
         <name>Flash_initModule</name>
         <value>0x813f</value>
         <object_component_ref idref="oc-17d"/>
      </symbol>
      <symbol id="sm-46a">
         <name>GPIO_setQualificationMode</name>
         <value>0x85343</value>
         <object_component_ref idref="oc-b4"/>
      </symbol>
      <symbol id="sm-46b">
         <name>GPIO_setPadConfig</name>
         <value>0x85024</value>
         <object_component_ref idref="oc-ae"/>
      </symbol>
      <symbol id="sm-46c">
         <name>GPIO_setDirectionMode</name>
         <value>0x853b1</value>
         <object_component_ref idref="oc-d8"/>
      </symbol>
      <symbol id="sm-46d">
         <name>GPIO_setPinConfig</name>
         <value>0x8530c</value>
         <object_component_ref idref="oc-a8"/>
      </symbol>
      <symbol id="sm-46e">
         <name>GPIO_setControllerCore</name>
         <value>0x852d5</value>
         <object_component_ref idref="oc-de"/>
      </symbol>
      <symbol id="sm-490">
         <name>I2C_initController</name>
         <value>0x84f5e</value>
         <object_component_ref idref="oc-e4"/>
      </symbol>
      <symbol id="sm-4df">
         <name>Interrupt_defaultHandler</name>
         <value>0x8576d</value>
         <object_component_ref idref="oc-54"/>
      </symbol>
      <symbol id="sm-4e0">
         <name>Interrupt_initModule</name>
         <value>0x8525d</value>
         <object_component_ref idref="oc-11a"/>
      </symbol>
      <symbol id="sm-4e1">
         <name>Interrupt_nmiHandler</name>
         <value>0x85910</value>
         <object_component_ref idref="oc-66"/>
      </symbol>
      <symbol id="sm-4e2">
         <name>Interrupt_enable</name>
         <value>0x8537a</value>
         <object_component_ref idref="oc-ea"/>
      </symbol>
      <symbol id="sm-4e3">
         <name>Interrupt_initVectorTable</name>
         <value>0x85584</value>
         <object_component_ref idref="oc-58"/>
      </symbol>
      <symbol id="sm-4e4">
         <name>Interrupt_illegalOperationHandler</name>
         <value>0x85906</value>
         <object_component_ref idref="oc-60"/>
      </symbol>
      <symbol id="sm-583">
         <name>SCI_readCharArray</name>
         <value>0x8529a</value>
         <object_component_ref idref="oc-112"/>
      </symbol>
      <symbol id="sm-584">
         <name>SCI_clearInterruptStatus</name>
         <value>0x85155</value>
         <object_component_ref idref="oc-f0"/>
      </symbol>
      <symbol id="sm-585">
         <name>SCI_writeCharArray</name>
         <value>0x851de</value>
         <object_component_ref idref="oc-14d"/>
      </symbol>
      <symbol id="sm-586">
         <name>SCI_setConfig</name>
         <value>0x8521f</value>
         <object_component_ref idref="oc-f6"/>
      </symbol>
      <symbol id="sm-587">
         <name>SCI_enableInterrupt</name>
         <value>0x8519a</value>
         <object_component_ref idref="oc-fc"/>
      </symbol>
      <symbol id="sm-660">
         <name>SysCtl_delay</name>
         <value>0x8263</value>
         <object_component_ref idref="oc-120"/>
      </symbol>
      <symbol id="sm-661">
         <name>SysCtl_getDeviceParametric</name>
         <value>0x84e2c</value>
         <object_component_ref idref="oc-183"/>
      </symbol>
      <symbol id="sm-662">
         <name>SysCtl_selectXTAL</name>
         <value>0x84b94</value>
         <object_component_ref idref="oc-3b9"/>
      </symbol>
      <symbol id="sm-663">
         <name>SysCtl_selectOscSource</name>
         <value>0x850c7</value>
         <object_component_ref idref="oc-2f9"/>
      </symbol>
      <symbol id="sm-664">
         <name>SysCtl_getLowSpeedClock</name>
         <value>0x85695</value>
         <object_component_ref idref="oc-196"/>
      </symbol>
      <symbol id="sm-665">
         <name>SysCtl_setClock</name>
         <value>0x84379</value>
         <object_component_ref idref="oc-189"/>
      </symbol>
      <symbol id="sm-666">
         <name>SysCtl_getClock</name>
         <value>0x85076</value>
         <object_component_ref idref="oc-18f"/>
      </symbol>
      <symbol id="sm-686">
         <name>asinf</name>
         <value>0x846e7</value>
         <object_component_ref idref="oc-16e"/>
      </symbol>
      <symbol id="sm-696">
         <name>tanf</name>
         <value>0x84fc2</value>
         <object_component_ref idref="oc-15a"/>
      </symbol>
      <symbol id="sm-6ad">
         <name>sqrtl</name>
         <value>0x847dc</value>
         <object_component_ref idref="oc-285"/>
      </symbol>
      <symbol id="sm-6ae">
         <name>sqrt</name>
         <value>0x847dc</value>
         <object_component_ref idref="oc-285"/>
      </symbol>
      <symbol id="sm-6b8">
         <name>_c_int00</name>
         <value>0x85756</value>
         <object_component_ref idref="oc-144"/>
      </symbol>
      <symbol id="sm-6b9">
         <name>__stack</name>
         <value>0x400</value>
         <object_component_ref idref="oc-6c"/>
      </symbol>
      <symbol id="sm-6d0">
         <name>__c28xabi_addd</name>
         <value>0x84af8</value>
         <object_component_ref idref="oc-290"/>
      </symbol>
      <symbol id="sm-6dc">
         <name>__c28xabi_cmpd</name>
         <value>0x8543b</value>
         <object_component_ref idref="oc-395"/>
      </symbol>
      <symbol id="sm-6ea">
         <name>__c28xabi_mpyd</name>
         <value>0x84d37</value>
         <object_component_ref idref="oc-28b"/>
      </symbol>
      <symbol id="sm-6f2">
         <name>__c28xabi_subd</name>
         <value>0x8588e</value>
         <object_component_ref idref="oc-298"/>
      </symbol>
      <symbol id="sm-6ff">
         <name>__c28xabi_divf</name>
         <value>0x84caf</value>
         <object_component_ref idref="oc-279"/>
      </symbol>
      <symbol id="sm-70d">
         <name>__c28xabi_ftod</name>
         <value>0x855db</value>
         <object_component_ref idref="oc-280"/>
      </symbol>
      <symbol id="sm-719">
         <name>__c28xabi_dtof</name>
         <value>0x85500</value>
         <object_component_ref idref="oc-246"/>
      </symbol>
      <symbol id="sm-72b">
         <name>memcpy</name>
         <value>0x855a2</value>
         <object_component_ref idref="oc-6f"/>
      </symbol>
      <symbol id="sm-738">
         <name>_system_pre_init</name>
         <value>0x85950</value>
         <object_component_ref idref="oc-258"/>
      </symbol>
      <symbol id="sm-747">
         <name>__TI_auto_init_nobinit_nopinit</name>
         <value>0x85410</value>
         <object_component_ref idref="oc-353"/>
      </symbol>
      <symbol id="sm-756">
         <name>__TI_zero_init_nomemset</name>
         <value>0x858b6</value>
         <object_component_ref idref="oc-77"/>
      </symbol>
      <symbol id="sm-763">
         <name>__TI_decompress_none</name>
         <value>0x8593d</value>
         <object_component_ref idref="oc-2a"/>
      </symbol>
      <symbol id="sm-777">
         <name>__TI_decompress_lzss</name>
         <value>0x853e2</value>
         <object_component_ref idref="oc-24"/>
      </symbol>
      <symbol id="sm-78d">
         <name>C$$EXIT</name>
         <value>0x85465</value>
         <object_component_ref idref="oc-265"/>
      </symbol>
      <symbol id="sm-78e">
         <name>abort</name>
         <value>0x85465</value>
         <object_component_ref idref="oc-265"/>
      </symbol>
      <symbol id="sm-78f">
         <name>exit</name>
         <value>0x85467</value>
         <object_component_ref idref="oc-265"/>
      </symbol>
      <symbol id="sm-790">
         <name>__TI_dtors_ptr</name>
         <value>0xa97e</value>
         <object_component_ref idref="oc-385"/>
      </symbol>
      <symbol id="sm-791">
         <name>__TI_cleanup_ptr</name>
         <value>0xa97c</value>
         <object_component_ref idref="oc-385"/>
      </symbol>
      <symbol id="sm-792">
         <name>__TI_enable_exit_profile_output</name>
         <value>0xa97a</value>
         <object_component_ref idref="oc-385"/>
      </symbol>
      <symbol id="sm-7a9">
         <name>_nop</name>
         <value>0x8592b</value>
         <object_component_ref idref="oc-407"/>
      </symbol>
      <symbol id="sm-7aa">
         <name>_lock</name>
         <value>0xa98e</value>
         <object_component_ref idref="oc-388"/>
      </symbol>
      <symbol id="sm-7ab">
         <name>_unlock</name>
         <value>0xa990</value>
         <object_component_ref idref="oc-46e"/>
      </symbol>
      <symbol id="sm-7ac">
         <name>_register_lock</name>
         <value>0x85927</value>
         <object_component_ref idref="oc-407"/>
      </symbol>
      <symbol id="sm-7ad">
         <name>_register_unlock</name>
         <value>0x85923</value>
         <object_component_ref idref="oc-407"/>
      </symbol>
      <symbol id="sm-7bc">
         <name>_args_main</name>
         <value>0x858c3</value>
         <object_component_ref idref="oc-25f"/>
      </symbol>
      <symbol id="sm-7c9">
         <name>atof</name>
         <value>0x8594c</value>
         <object_component_ref idref="oc-240"/>
      </symbol>
      <symbol id="sm-7d6">
         <name>isalpha</name>
         <value>0x858f0</value>
         <object_component_ref idref="oc-22e"/>
      </symbol>
      <symbol id="sm-7e3">
         <name>isdigit</name>
         <value>0x858fb</value>
         <object_component_ref idref="oc-23a"/>
      </symbol>
      <symbol id="sm-851">
         <name>strtold</name>
         <value>0x83d3a</value>
         <object_component_ref idref="oc-342"/>
      </symbol>
      <symbol id="sm-852">
         <name>strtod</name>
         <value>0x83d3a</value>
         <object_component_ref idref="oc-342"/>
      </symbol>
      <symbol id="sm-85f">
         <name>toupper</name>
         <value>0x85871</value>
         <object_component_ref idref="oc-234"/>
      </symbol>
      <symbol id="sm-86a">
         <name>errno</name>
         <value>0xa992</value>
         <object_component_ref idref="oc-29d"/>
      </symbol>
      <symbol id="sm-88c">
         <name>scalbn</name>
         <value>0x84a4f</value>
         <object_component_ref idref="oc-3df"/>
      </symbol>
      <symbol id="sm-88d">
         <name>scalbnl</name>
         <value>0x84a4f</value>
         <object_component_ref idref="oc-3df"/>
      </symbol>
      <symbol id="sm-88e">
         <name>ldexpl</name>
         <value>0x84a4f</value>
         <object_component_ref idref="oc-3df"/>
      </symbol>
      <symbol id="sm-88f">
         <name>ldexp</name>
         <value>0x84a4f</value>
         <object_component_ref idref="oc-3df"/>
      </symbol>
      <symbol id="sm-898">
         <name>__c28xabi_negd</name>
         <value>0x8592c</value>
         <object_component_ref idref="oc-3d2"/>
      </symbol>
      <symbol id="sm-8a0">
         <name>__c28xabi_orll</name>
         <value>0x85701</value>
         <object_component_ref idref="oc-457"/>
      </symbol>
      <symbol id="sm-8a1">
         <name>__c28xabi_xorll</name>
         <value>0x85709</value>
         <object_component_ref idref="oc-457"/>
      </symbol>
      <symbol id="sm-8a2">
         <name>__c28xabi_andll</name>
         <value>0x856f9</value>
         <object_component_ref idref="oc-457"/>
      </symbol>
      <symbol id="sm-8b5">
         <name>__c28xabi_divd</name>
         <value>0x84c24</value>
         <object_component_ref idref="oc-3da"/>
      </symbol>
      <symbol id="sm-8c3">
         <name>_system_post_cinit</name>
         <value>0x85953</value>
         <object_component_ref idref="oc-3ed"/>
      </symbol>
      <symbol id="sm-8ce">
         <name>_ctypes_</name>
         <value>0x9019b</value>
         <object_component_ref idref="oc-339"/>
      </symbol>
      <symbol id="sm-8dc">
         <name>copysign</name>
         <value>0x854dc</value>
         <object_component_ref idref="oc-45c"/>
      </symbol>
      <symbol id="sm-8dd">
         <name>copysignl</name>
         <value>0x854dc</value>
         <object_component_ref idref="oc-45c"/>
      </symbol>
      <symbol id="sm-8df">
         <name>__c_args__</name>
         <value>0x0</value>
      </symbol>
   </symbol_table>
   <title>Link successful</title>
</link_info>
