******************************************************************************
             TMS320C2000 Linker PC v22.6.2                     
******************************************************************************
>> Linked Tue Apr  1 20:14:59 2025

OUTPUT FILE NAME:   <selfBalance.out>
ENTRY POINT SYMBOL: "code_start"  address: 00080000


MEMORY CONFIGURATION

         name            origin    length      used     unused   attr    fill
----------------------  --------  ---------  --------  --------  ----  --------
PAGE 0:
  RAMM0                 00000123   000002dd  00000000  000002dd  RWIX
  RAMLS0                00008000   00000800  00000280  00000580  RWIX
  RAMLS1                00008800   00000800  00000000  00000800  RWIX
  RAMLS2                00009000   00000800  00000000  00000800  RWIX
  RAMLS3                00009800   00000800  00000000  00000800  RWIX
  RAMLS4                0000a000   00000800  00000000  00000800  RWIX
  RAMD0                 0000b000   00000800  00000000  00000800  RWIX
  RAMGS14               0001a000   00001000  00000000  00001000  RWIX
  RAMGS15               0001b000   00000ff8  00000000  00000ff8  RWIX
  BEGIN                 00080000   00000002  00000002  00000000  RWIX
  FLASHA                00080002   00001ffe  00000028  00001fd6  RWIX
  FLASHB                00082000   00002000  00002000  00000000  RWIX
  FLASHC                00084000   00002000  00001ac0  00000540  RWIX
  FLASHD                00086000   00002000  00000280  00001d80  RWIX
  FLASHE                00088000   00008000  00000000  00008000  RWIX
  FLASHF                00090000   00008000  00000a00  00007600  RWIX
  FLASHG                00098000   00008000  00000000  00008000  RWIX
  FLASHH                000a0000   00008000  00000000  00008000  RWIX
  FLASHI                000a8000   00008000  00000000  00008000  RWIX
  FLASHJ                000b0000   00008000  00000000  00008000  RWIX
  FLASHK                000b8000   00002000  00000000  00002000  RWIX
  FLASHL                000ba000   00002000  00000000  00002000  RWIX
  FLASHM                000bc000   00002000  00000000  00002000  RWIX
  FLASHN                000be000   00001ff0  00000000  00001ff0  RWIX
  RESET                 003fffc0   00000002  00000000  00000002  RWIX

PAGE 1:
  BOOT_RSVD             00000002   00000121  00000000  00000121  RWIX
  RAMM1                 00000400   000003f8  00000100  000002f8  RWIX
  RAMLS5                0000a800   00000800  00000195  0000066b  RWIX
  RAMD1                 0000b800   00000800  00000000  00000800  RWIX
  RAMGS0                0000c000   00001000  00000000  00001000  RWIX
  RAMGS1                0000d000   00001000  00000000  00001000  RWIX
  RAMGS2                0000e000   00001000  00000000  00001000  RWIX
  RAMGS3                0000f000   00001000  00000000  00001000  RWIX
  RAMGS4                00010000   00001000  00000000  00001000  RWIX
  RAMGS5                00011000   00001000  00000000  00001000  RWIX
  RAMGS6                00012000   00001000  00000000  00001000  RWIX
  RAMGS7                00013000   00001000  00000000  00001000  RWIX
  RAMGS8                00014000   00001000  00000000  00001000  RWIX
  RAMGS9                00015000   00001000  00000000  00001000  RWIX
  RAMGS10               00016000   00001000  00000000  00001000  RWIX
  RAMGS11               00017000   00001000  00000000  00001000  RWIX
  RAMGS12               00018000   00001000  00000000  00001000  RWIX
  RAMGS13               00019000   00001000  00000000  00001000  RWIX
  CPU2TOCPU1RAM         0003f800   00000400  00000000  00000400  RWIX
  CPU1TOCPU2RAM         0003fc00   00000400  00000000  00000400  RWIX


SECTION ALLOCATION MAP

 output                                  attributes/
section   page    origin      length       input sections
--------  ----  ----------  ----------   ----------------
codestart 
*          0    00080000    00000002     
                  00080000    00000002     F2837xD_CodeStartBranch.obj (codestart)

.cinit     0    00080008    00000028     
                  00080008    00000015     (.cinit..data.load) [load image, compression = lzss]
                  0008001d    00000001     --HOLE-- [fill = 0]
                  0008001e    00000006     (__TI_handler_table)
                  00080024    00000004     (.cinit..bss.load) [load image, compression = zero_init]
                  00080028    00000008     (__TI_cinit_table)

.stack     1    00000400    00000100     UNINITIALIZED
                  00000400    00000100     --HOLE--

.reset     0    003fffc0    00000000     DSECT

.init_array 
*          0    00082000    00000000     UNINITIALIZED

.bss       1    0000a800    00000176     UNINITIALIZED
                  0000a800    00000176     selfbalance.obj (.bss)

.data      1    0000a976    0000001f     UNINITIALIZED
                  0000a976    00000006     device.obj (.data)
                  0000a97c    00000002     rts2800_fpu32_eabi.lib : _lock.c.obj (.data:_lock)
                  0000a97e    00000002                            : _lock.c.obj (.data:_unlock)
                  0000a980    0000000e     selfbalance.obj (.data)
                  0000a98e    00000006     rts2800_fpu32_eabi.lib : exit.c.obj (.data)
                  0000a994    00000001                            : errno.c.obj (.data)

.const     0    00090000    00000a00     
                  00090000    0000019b     board.obj (.const:.string)
                  0009019b    00000101     rts2800_fpu32_eabi.lib : ctype.c.obj (.const:.string:_ctypes_)
                  0009029c    000000cc     hal.obj (.const:.string)
                  00090368    000000c2     driverlib_eabi.lib : sysctl.obj (.const:.string)
                  0009042a    000000bf                        : flash.obj (.const:.string)
                  000904e9    00000001     --HOLE-- [fill = 0]
                  000904ea    000000bc                        : gpio.obj (.const:.string)
                  000905a6    000000bb                        : can.obj (.const:.string)
                  00090661    00000001     --HOLE-- [fill = 0]
                  00090662    000000bb                        : sci.obj (.const:.string)
                  0009071d    00000001     --HOLE-- [fill = 0]
                  0009071e    00000087     selfbalance.obj (.const:.string)
                  000907a5    00000001     --HOLE-- [fill = 0]
                  000907a6    00000078     IMU6050_Elon.obj (.const:.string)
                  0009081e    00000062     driverlib_eabi.lib : cputimer.obj (.const:.string)
                  00090880    0000005e                        : eqep.obj (.const:.string)
                  000908de    0000005d                        : i2c.obj (.const:.string)
                  0009093b    00000001     --HOLE-- [fill = 0]
                  0009093c    00000040     rts2800_fpu32_eabi.lib : strtod.c.obj (.const:digits)
                  0009097c    00000024                            : strtod.c.obj (.const:powerof10)
                  000909a0    0000001c                            : s_scalbn.c.obj (.const)
                  000909bc    00000004     --HOLE-- [fill = 0]
                  000909c0    00000014                            : e_asinf.c.obj (.const)
                  000909d4    00000013     device.obj (.const:.string)
                  000909e7    00000001     --HOLE-- [fill = 0]
                  000909e8    0000000c     rts2800_fpu32_eabi.lib : e_sqrt.c.obj (.const)
                  000909f4    0000000c                            : strtod.c.obj (.const)

.TI.ramfunc 
*          0    00086000    00000280     RUN ADDR = 00008000
                  00086000    00000158     selfbalance.obj (.TI.ramfunc:retain)
                  00086158    00000043     driverlib_eabi.lib : flash.obj (.TI.ramfunc:Flash_initModule)
                  0008619b    0000002c                        : flash.obj (.TI.ramfunc:Flash_setBankPowerMode)
                  000861c7    00000024                        : flash.obj (.TI.ramfunc:Flash_setWaitstates)
                  000861eb    0000001d                        : flash.obj (.TI.ramfunc:Flash_setPumpPowerMode)
                  00086208    00000018                        : flash.obj (.TI.ramfunc:Flash_disableCache)
                  00086220    00000018                        : flash.obj (.TI.ramfunc:Flash_disablePrefetch)
                  00086238    00000017                        : flash.obj (.TI.ramfunc:Flash_enableCache)
                  0008624f    00000017                        : flash.obj (.TI.ramfunc:Flash_enablePrefetch)
                  00086266    00000016                        : flash.obj (.TI.ramfunc:Flash_enableECC)
                  0008627c    00000004                        : sysctl.obj (.TI.ramfunc)

GETBUFFER 
*          0    0003f800    00000000     DSECT

GETWRITEIDX 
*          0    0003f800    00000000     DSECT

PUTREADIDX 
*          0    0003f800    00000000     DSECT

.text.1    0    00082000    00002000     
                  00082000    00000b18     board.obj (.text)
                  00082b18    00000552     PID_Elon.obj (.text)
                  0008306a    00000547     IMU6050_Elon.obj (.text)
                  000835b1    000004f5     hal.obj (.text)
                  00083aa6    000003fc     device.obj (.text)
                  00083ea2    000000f5     rts2800_fpu32_eabi.lib : e_asinf.c.obj (.text)
                  00083f97    00000068     driverlib_eabi.lib : sysctl.obj (.text:SysCtl_getDeviceParametric)
                  00083fff    00000001     c2000ware_libraries.obj (.text)

.text.2    0    00084000    00001ac0     
                  00084000    00000382     comm_Elon.obj (.text)
                  00084382    00000283     rts2800_fpu32_eabi.lib : strtod.c.obj (.text)
                  00084605    00000209     driverlib_eabi.lib : sysctl.obj (.text:SysCtl_setClock)
                  0008480e    00000160     selfbalance.obj (.text)
                  0008496e    000000de     rts2800_fpu32_eabi.lib : e_sqrt.c.obj (.text)
                  00084a4c    000000db     driverlib_eabi.lib : can.obj (.text:CAN_setupMessageObject)
                  00084b27    000000ba     selfbalance.obj (.text:retain)
                  00084be1    000000a9     rts2800_fpu32_eabi.lib : s_scalbn.c.obj (.text)
                  00084c8a    0000009c                            : fd_add28.asm.obj (.text)
                  00084d26    00000090     driverlib_eabi.lib : sysctl.obj (.text:SysCtl_selectXTAL)
                  00084db6    0000008b     rts2800_fpu32_eabi.lib : fd_div28.asm.obj (.text)
                  00084e41    00000088                            : fs_div28.asm.obj (.text)
                  00084ec9    00000083                            : fd_mpy28.asm.obj (.text)
                  00084f4c    00000072     driverlib_eabi.lib : can.obj (.text:CAN_sendMessage)
                  00084fbe    00000066                        : can.obj (.text:CAN_readMessage)
                  00085024    00000064                        : can.obj (.text:CAN_setBitTiming)
                  00085088    00000064                        : i2c.obj (.text:I2C_initController)
                  000850ec    00000062     rts2800_fpu32_eabi.lib : s_tanf.c.obj (.text)
                  0008514e    00000052     driverlib_eabi.lib : gpio.obj (.text:GPIO_setPadConfig)
                  000851a0    00000051                        : sysctl.obj (.text:SysCtl_getClock)
                  000851f1    00000048                        : sysctl.obj (.text:SysCtl_selectOscSource)
                  00085239    00000046                        : can.obj (.text:CAN_clearInterruptStatus)
                  0008527f    00000045                        : sci.obj (.text:SCI_clearInterruptStatus)
                  000852c4    00000044                        : sci.obj (.text:SCI_enableInterrupt)
                  00085308    00000043                        : eqep.obj (.text:EQEP_setInputPolarity)
                  0008534b    00000041                        : sci.obj (.text:SCI_writeCharArray)
                  0008538c    0000003e                        : sci.obj (.text:SCI_setConfig)
                  000853ca    0000003d                        : interrupt.obj (.text:Interrupt_initModule)
                  00085407    0000003b                        : sci.obj (.text:SCI_readCharArray)
                  00085442    00000037                        : gpio.obj (.text:GPIO_setControllerCore)
                  00085479    00000037                        : gpio.obj (.text:GPIO_setPinConfig)
                  000854b0    00000037                        : gpio.obj (.text:GPIO_setQualificationMode)
                  000854e7    00000037                        : interrupt.obj (.text:Interrupt_enable)
                  0008551e    00000031                        : gpio.obj (.text:GPIO_setDirectionMode)
                  0008554f    0000002e     rts2800_fpu32_eabi.lib : copy_decompress_lzss.c.obj (.text:decompress:lzss)
                  0008557d    0000002b                            : autoinit.c.obj (.text:__TI_auto_init_nobinit_nopinit)
                  000855a8    0000002a                            : fd_cmp28.asm.obj (.text)
                  000855d2    00000029                            : exit.c.obj (.text)
                  000855fb    00000028     driverlib_eabi.lib : sysctl.obj (.text:CPUTimer_selectClockSource)
                  00085623    00000026                        : flash.obj (.text:Flash_setBankPowerUpDelay)
                  00085649    00000024     rts2800_fpu32_eabi.lib : s_copysign.c.obj (.text)
                  0008566d    00000023                            : fd_tofsfpu32.asm.obj (.text)
                  00085690    00000022     driverlib_eabi.lib : can.obj (.text:CAN_writeDataReg)
                  000856b2    00000020                        : sci.obj (.text:SCI_isFIFOEnabled)
                  000856d2    0000001f                        : sysctl.obj (.text:CPUTimer_getTimerOverflowStatus)
                  000856f1    0000001e                        : interrupt.obj (.text:Interrupt_initVectorTable)
                  0008570f    0000001d     rts2800_fpu32_eabi.lib : memcpy.c.obj (.text)
                  0008572c    0000001c     driverlib_eabi.lib : can.obj (.text:CAN_initModule)
                  00085748    0000001c     rts2800_fpu32_eabi.lib : fs_tofdfpu32.asm.obj (.text)
                  00085764    0000001b     driverlib_eabi.lib : can.obj (.text:CAN_readDataReg)
                  0008577f    0000001b                        : sci.obj (.text:SCI_isBaseValid)
                  0008579a    0000001a                        : can.obj (.text:CAN_initRAM)
                  000857b4    0000001a                        : sysctl.obj (.text:CPUTimer_startTimer)
                  000857ce    0000001a                        : sci.obj (.text:SCI_isDataAvailableNonFIFO)
                  000857e8    0000001a                        : sci.obj (.text:SCI_isSpaceAvailableNonFIFO)
                  00085802    0000001a                        : sysctl.obj (.text:SysCtl_getLowSpeedClock)
                  0008581c    0000001a     selfbalance.obj (.text:__relaxed_atanf)
                  00085836    00000018     driverlib_eabi.lib : sci.obj (.text:SCI_disableModule)
                  0008584e    00000018                        : sci.obj (.text:SCI_performSoftwareReset)
                  00085866    00000018     rts2800_fpu32_eabi.lib : ll_aox28.asm.obj (.text)
                  0008587e    00000017     driverlib_eabi.lib : cputimer.obj (.text:CPUTimer_isBaseValid)
                  00085895    00000017                        : sysctl.obj (.text:CPUTimer_isBaseValid)
                  000858ac    00000017                        : eqep.obj (.text:EQEP_isBaseValid)
                  000858c3    00000017     rts2800_fpu32_eabi.lib : boot28.asm.obj (.text)
                  000858da    00000016     driverlib_eabi.lib : interrupt.obj (.text:Interrupt_defaultHandler)
                  000858f0    00000015                        : can.obj (.text:CAN_isBaseValid)
                  00085905    00000014                        : sysctl.obj (.text:CPUTimer_stopTimer)
                  00085919    00000014                        : sci.obj (.text:SCI_getRxFIFOStatus)
                  0008592d    00000014                        : sci.obj (.text:SCI_getTxFIFOStatus)
                  00085941    00000013                        : cputimer.obj (.text:CPUTimer_setEmulationMode)
                  00085954    00000013                        : i2c.obj (.text:I2C_isBaseValid)
                  00085967    00000013                        : sci.obj (.text:SCI_enableModule)
                  0008597a    00000012                        : sysctl.obj (.text:CPUTimer_clearOverflowFlag)
                  0008598c    00000012                        : sysctl.obj (.text:CPUTimer_disableInterrupt)
                  0008599e    00000011                        : sysctl.obj (.text:CPUTimer_setPeriod)
                  000859af    00000010                        : flash.obj (.text:Flash_isCtrlBaseValid)
                  000859bf    00000010                        : flash.obj (.text:Flash_isECCBaseValid)
                  000859cf    0000000f                        : sysctl.obj (.text:SysCtl_pollCpuTimer)
                  000859de    0000000f     rts2800_fpu32_eabi.lib : toupper.c.obj (.text)
                  000859ed    0000000e     driverlib_eabi.lib : gpio.obj (.text:GPIO_isPinValid)
                  000859fb    0000000e     rts2800_fpu32_eabi.lib : fd_sub28.asm.obj (.text)
                  00085a09    0000000d     driverlib_eabi.lib : interrupt.obj (.text:Interrupt_disableGlobal)
                  00085a16    0000000d                        : interrupt.obj (.text:Interrupt_enableGlobal)
                  00085a23    0000000d     rts2800_fpu32_eabi.lib : copy_zero_init.c.obj (.text:decompress:ZI:__TI_zero_init_nomemset)
                  00085a30    0000000c                            : args_main.c.obj (.text)
                  00085a3c    0000000b     driverlib_eabi.lib : sysctl.obj (.text:SysCtl_isMCDClockFailureDetected)
                  00085a47    0000000b     selfbalance.obj (.text:__relaxed_cosf)
                  00085a52    0000000b     selfbalance.obj (.text:__relaxed_sinf)
                  00085a5d    0000000b     rts2800_fpu32_eabi.lib : isalpha.c.obj (.text)
                  00085a68    0000000b                            : isdigit.c.obj (.text)
                  00085a73    0000000a     driverlib_eabi.lib : interrupt.obj (.text:Interrupt_illegalOperationHandler)
                  00085a7d    0000000a                        : interrupt.obj (.text:Interrupt_nmiHandler)
                  00085a87    00000009                        : sysctl.obj (.text:SysCtl_serviceWatchdog)
                  00085a90    00000009     rts2800_fpu32_eabi.lib : _lock.c.obj (.text)
                  00085a99    00000009                            : fd_neg28.asm.obj (.text)
                  00085aa2    00000008     F2837xD_CodeStartBranch.obj (.text)
                  00085aaa    00000008     rts2800_fpu32_eabi.lib : copy_decompress_none.c.obj (.text:decompress:none)
                  00085ab2    00000007     driverlib_eabi.lib : sysctl.obj (.text:SysCtl_resetMCD)
                  00085ab9    00000004     rts2800_fpu32_eabi.lib : atof.c.obj (.text)
                  00085abd    00000002                            : pre_init.c.obj (.text)
                  00085abf    00000001                            : startup.c.obj (.text)

MODULE SUMMARY

       Module                        code    ro data   rw data
       ------                        ----    -------   -------
    .\
       selfbalance.obj               1274    135       388    
    +--+-----------------------------+-------+---------+---------+
       Total:                        1274    135       388    
                                                              
    .\HAL\
       hal.obj                       1269    204       0      
       comm_Elon.obj                 898     0         0      
    +--+-----------------------------+-------+---------+---------+
       Total:                        2167    204       0      
                                                              
    .\device\
       device.obj                    1020    19        6      
       F2837xD_CodeStartBranch.obj   10      0         0      
    +--+-----------------------------+-------+---------+---------+
       Total:                        1030    19        6      
                                                              
    .\pid\
       PID_Elon.obj                  1362    0         0      
    +--+-----------------------------+-------+---------+---------+
       Total:                        1362    0         0      
                                                              
    .\sensorFusion\
       IMU6050_Elon.obj              1351    120       0      
    +--+-----------------------------+-------+---------+---------+
       Total:                        1351    120       0      
                                                              
    .\syscfg\
       board.obj                     2840    411       0      
       c2000ware_libraries.obj       1       0         0      
    +--+-----------------------------+-------+---------+---------+
       Total:                        2841    411       0      
                                                              
    C:\ti\c2000\C2000Ware_5_04_00_00\driverlib\f2837xd\driverlib\ccs\Debug\driverlib_eabi.lib
       sysctl.obj                    1191    194       0      
       can.obj                       741     187       0      
       flash.obj                     654     191       0      
       sci.obj                       541     187       0      
       gpio.obj                      310     188       0      
       interrupt.obj                 214     0         0      
       i2c.obj                       119     93        0      
       eqep.obj                      90      94        0      
       cputimer.obj                  42      98        0      
    +--+-----------------------------+-------+---------+---------+
       Total:                        3902    1232      0      
                                                              
    C:\ti\ccs1281\ccs\tools\compiler\ti-cgt-c2000_22.6.2.LTS\lib\rts2800_fpu32_eabi.lib
       strtod.c.obj                  643     112       0      
       e_asinf.c.obj                 245     20        0      
       ctype.c.obj                   0       257       0      
       e_sqrt.c.obj                  222     12        0      
       s_scalbn.c.obj                169     28        0      
       fd_add28.asm.obj              156     0         0      
       fd_div28.asm.obj              139     0         0      
       fs_div28.asm.obj              136     0         0      
       fd_mpy28.asm.obj              131     0         0      
       s_tanf.c.obj                  98      0         0      
       exit.c.obj                    41      0         6      
       copy_decompress_lzss.c.obj    46      0         0      
       autoinit.c.obj                43      0         0      
       fd_cmp28.asm.obj              42      0         0      
       s_copysign.c.obj              36      0         0      
       fd_tofsfpu32.asm.obj          35      0         0      
       memcpy.c.obj                  29      0         0      
       fs_tofdfpu32.asm.obj          28      0         0      
       ll_aox28.asm.obj              24      0         0      
       boot28.asm.obj                23      0         0      
       toupper.c.obj                 15      0         0      
       fd_sub28.asm.obj              14      0         0      
       _lock.c.obj                   9       0         4      
       copy_zero_init.c.obj          13      0         0      
       args_main.c.obj               12      0         0      
       isalpha.c.obj                 11      0         0      
       isdigit.c.obj                 11      0         0      
       fd_neg28.asm.obj              9       0         0      
       copy_decompress_none.c.obj    8       0         0      
       atof.c.obj                    4       0         0      
       pre_init.c.obj                2       0         0      
       errno.c.obj                   0       0         1      
       startup.c.obj                 1       0         0      
    +--+-----------------------------+-------+---------+---------+
       Total:                        2395    429       11     
                                                              
       Stack:                        0       0         256    
       Linker Generated:             0       39        0      
    +--+-----------------------------+-------+---------+---------+
       Grand Total:                  16322   2589      661    


LINKER GENERATED COPY TABLES

__TI_cinit_table @ 00080028 records: 2, size/record: 4, table size: 8
	.data: load addr=00080008, load size=00000015 bytes, run addr=0000a976, run size=0000001f bytes, compression=lzss
	.bss: load addr=00080024, load size=00000004 bytes, run addr=0000a800, run size=00000176 bytes, compression=zero_init


LINKER GENERATED HANDLER TABLE

__TI_handler_table @ 0008001e records: 3, size/record: 2, table size: 6
	index: 0, handler: __TI_zero_init
	index: 1, handler: __TI_decompress_lzss
	index: 2, handler: __TI_decompress_none


GLOBAL DATA SYMBOLS: SORTED BY DATA PAGE

address     data page           name
--------    ----------------    ----
00000400      10 (00000400)     __stack

0000a800     2a0 (0000a800)     motor1Handle
0000a802     2a0 (0000a800)     motor2Handle
0000a804     2a0 (0000a800)     imu1Handle
0000a806     2a0 (0000a800)     vehicle1handle
0000a808     2a0 (0000a800)     eqepMotorAHandle
0000a80a     2a0 (0000a800)     eqepMotorBHandle
0000a80c     2a0 (0000a800)     speedController_RightHandle
0000a80e     2a0 (0000a800)     speedController_LeftHandle
0000a810     2a0 (0000a800)     CANHandle
0000a812     2a0 (0000a800)     usartHandle
0000a814     2a0 (0000a800)     motor1
0000a822     2a0 (0000a800)     motor2
0000a830     2a0 (0000a800)     eqepMotorA

0000a840     2a1 (0000a840)     eqepMotorB
0000a84e     2a1 (0000a840)     usartB
0000a862     2a1 (0000a840)     can1

0000a880     2a2 (0000a880)     speedController_Right

0000a8c0     2a3 (0000a8c0)     speedController_Left

0000a900     2a4 (0000a900)     vehicle1

0000a940     2a5 (0000a940)     imu1
0000a976     2a5 (0000a940)     Example_Result
0000a978     2a5 (0000a940)     Example_PassCount
0000a97a     2a5 (0000a940)     Example_Fail
0000a97c     2a5 (0000a940)     _lock
0000a97e     2a5 (0000a940)     _unlock

0000a980     2a6 (0000a980)     speedRamp
0000a98e     2a6 (0000a980)     __TI_enable_exit_profile_output
0000a990     2a6 (0000a980)     __TI_cleanup_ptr
0000a992     2a6 (0000a980)     __TI_dtors_ptr
0000a994     2a6 (0000a980)     errno

0009019b    2406 (00090180)     _ctypes_


GLOBAL SYMBOLS: SORTED ALPHABETICALLY BY Name 

page  address   name                                     
----  -------   ----                                     
0     000829ca  A1_init                                  
0     000829de  A2_init                                  
0     000829f2  B1_init                                  
0     00082a06  B2_init                                  
0     00082ab7  BL_PIC_init                              
0     000826c1  Board_init                               
0     000855d2  C$$EXIT                                  
0     00083fff  C2000Ware_libraries_init                 
1     0000a810  CANHandle                                
0     00085239  CAN_clearInterruptStatus                 
0     000827cf  CAN_init                                 
0     0008572c  CAN_initModule                           
0     00084fbe  CAN_readMessage                          
0     00084f4c  CAN_sendMessage                          
0     00085024  CAN_setBitTiming                         
0     00084a4c  CAN_setupMessageObject                   
0     0008283c  CPUTIMER_init                            
0     00085941  CPUTimer_setEmulationMode                
0     00082a80  Data_output_init                         
0     00083d16  Device_bootCPU2                          
0     00083ce5  Device_configureTMXAnalogTrim            
0     00083b93  Device_enableAllPeripherals              
0     00083ccf  Device_enableUnbondedGPIOPullups         
0     00083cb2  Device_enableUnbondedGPIOPullupsFor100Pin
0     00083c9f  Device_enableUnbondedGPIOPullupsFor176Pin
0     00083b40  Device_init                              
0     00083c7e  Device_initGPIO                          
0     00082864  EPWM_init                                
0     0008292a  EQEP_init                                
0     0008292f  EQEP_motorA_init                         
0     00082978  EQEP_motorB_init                         
0     00085308  EQEP_setInputPolarity                    
1     0000a97a  Example_Fail                             
1     0000a978  Example_PassCount                        
1     0000a976  Example_Result                           
0     00083ea1  Example_done                             
0     00083e9c  Example_setResultFail                    
0     00083e97  Example_setResultPass                    
0     00008158  Flash_initModule                         
0     000829c1  GPIO_init                                
0     00085442  GPIO_setControllerCore                   
0     0008551e  GPIO_setDirectionMode                    
0     0008514e  GPIO_setPadConfig                        
0     00085479  GPIO_setPinConfig                        
0     000854b0  GPIO_setQualificationMode                
0     000837fe  HAL_balanceControl                       
0     00083952  HAL_fallDetection                        
0     0008396f  HAL_hoverDetection                       
0     000838f3  HAL_positionHold                         
0     0008392a  HAL_proportionalSteering                 
0     0008376b  HAL_quadratureEncoderInit                
0     0008378f  HAL_speedCalculation                     
0     0008387d  HAL_steeringControl                      
0     000836f8  HAL_vehicleInit                          
0     00083a28  HAL_vehicleRun                           
0     00082a1a  I2C_init                                 
0     00085088  I2C_initController                       
0     00083156  IMURead                                  
0     000831b6  IMUWrite                                 
0     00082a1d  IMU_6050_init                            
0     00082a62  INTERRUPT_init                           
0     00084b99  INT_BL_PIC_RX_ISR                        
0     00084b27  INT_mainCAN_ISR                          
0     00008000  INT_mainController_ISR                   
0     000858da  Interrupt_defaultHandler                 
0     000854e7  Interrupt_enable                         
0     00085a73  Interrupt_illegalOperationHandler        
0     000853ca  Interrupt_initModule                     
0     000856f1  Interrupt_initVectorTable                
0     00085a7d  Interrupt_nmiHandler                     
0     00083202  MPU6050init                              
0     000832b3  MPU_dataProcessing                       
0     000826d8  PinMux_init                              
0     00086280  RamfuncsLoadEnd                          
abs   00000280  RamfuncsLoadSize                         
0     00086000  RamfuncsLoadStart                        
0     00008280  RamfuncsRunEnd                           
abs   00000280  RamfuncsRunSize                          
0     00008000  RamfuncsRunStart                         
0     0008527f  SCI_clearInterruptStatus                 
0     000852c4  SCI_enableInterrupt                      
0     00082a7b  SCI_init                                 
0     00085407  SCI_readCharArray                        
0     0008538c  SCI_setConfig                            
0     0008534b  SCI_writeCharArray                       
0     00082afa  SYNC_init                                
0     0000827c  SysCtl_delay                             
0     000851a0  SysCtl_getClock                          
0     00083f97  SysCtl_getDeviceParametric               
0     00085802  SysCtl_getLowSpeedClock                  
0     000851f1  SysCtl_selectOscSource                   
0     00084d26  SysCtl_selectXTAL                        
0     00084605  SysCtl_setClock                          
0     00080028  __TI_CINIT_Base                          
0     00080030  __TI_CINIT_Limit                         
0     00080030  __TI_CINIT_Warm                          
0     0008001e  __TI_Handler_Table_Base                  
0     00080024  __TI_Handler_Table_Limit                 
1     00000500  __TI_STACK_END                           
abs   00000100  __TI_STACK_SIZE                          
0     0008557d  __TI_auto_init_nobinit_nopinit           
1     0000a990  __TI_cleanup_ptr                         
0     0008554f  __TI_decompress_lzss                     
0     00085aaa  __TI_decompress_none                     
1     0000a992  __TI_dtors_ptr                           
1     0000a98e  __TI_enable_exit_profile_output          
abs   ffffffff  __TI_pprof_out_hndl                      
abs   ffffffff  __TI_prof_data_size                      
abs   ffffffff  __TI_prof_data_start                     
0     00085a23  __TI_zero_init_nomemset                  
0     00084c8a  __c28xabi_addd                           
0     00085866  __c28xabi_andll                          
0     000855a8  __c28xabi_cmpd                           
0     00084db6  __c28xabi_divd                           
0     00084e41  __c28xabi_divf                           
0     0008566d  __c28xabi_dtof                           
0     00085748  __c28xabi_ftod                           
0     00084ec9  __c28xabi_mpyd                           
0     00085a99  __c28xabi_negd                           
0     0008586e  __c28xabi_orll                           
0     000859fb  __c28xabi_subd                           
0     00085876  __c28xabi_xorll                          
n/a   UNDEFED   __c_args__                               
0     00083e90  __error__                                
0     0008581c  __relaxed_atanf                          
0     00085a47  __relaxed_cosf                           
0     00085a52  __relaxed_sinf                           
1     00000400  __stack                                  
0     00085a30  _args_main                               
0     000858c3  _c_int00                                 
0     0009019b  _ctypes_                                 
1     0000a97c  _lock                                    
0     00085a98  _nop                                     
0     00085a94  _register_lock                           
0     00085a90  _register_unlock                         
0     00085abf  _system_post_cinit                       
0     00085abd  _system_pre_init                         
1     0000a97e  _unlock                                  
0     000855d2  abort                                    
0     00083ea2  asinf                                    
0     00085ab9  atof                                     
1     0000a862  can1                                     
0     00084000  canInit                                  
0     0008326c  checkAttendence                          
0     00084272  cmdInit                                  
0     000842ab  cmdParse                                 
0     00080000  code_start                               
0     00084314  comDispatch                              
0     00083495  complemenaryEuler                        
0     00082c85  continuousP_Icontroller                  
0     00085649  copysign                                 
0     00085649  copysignl                                
0     00083291  deviceReset                              
0     00082bd2  discreteP_Icontroller                    
1     0000a830  eqepMotorA                               
1     0000a808  eqepMotorAHandle                         
1     0000a840  eqepMotorB                               
1     0000a80a  eqepMotorBHandle                         
1     0000a994  errno                                    
0     000855d4  exit                                     
0     0008338e  getGAdata_floating                       
1     0000a940  imu1                                     
1     0000a804  imu1Handle                               
0     00085a5d  isalpha                                  
0     00085a68  isdigit                                  
0     00084be1  ldexp                                    
0     00084be1  ldexpl                                   
0     000848a5  main                                     
0     000827d2  mainCAN_init                             
0     0008283f  mainController_init                      
0     0008570f  memcpy                                   
0     0008401d  messageValidation                        
1     0000a814  motor1                                   
1     0000a800  motor1Handle                             
1     0000a822  motor2                                   
1     0000a802  motor2Handle                             
0     000836e9  motorInit                                
0     000839c3  motorRun                                 
0     00083999  motorSetDutyCycle                        
0     00083990  motorSetStatus                           
0     00082b18  pidControllerInit                        
0     00084be1  scalbn                                   
0     00084be1  scalbnl                                  
0     00082ff0  setKd                                    
0     00082fda  setKi                                    
0     00082fd0  setKp                                    
0     00083471  setOffset                                
0     00083056  setOutputLimt                            
0     00082ffd  setTs                                    
1     0000a8c0  speedController_Left                     
1     0000a80e  speedController_LeftHandle               
1     0000a880  speedController_Right                    
1     0000a80c  speedController_RightHandle              
0     00082db8  speedPIcontroller                        
0     00082e5d  speedPIcontroller2                       
0     00082f11  speedPIcontroller3                       
1     0000a980  speedRamp                                
0     0008496e  sqrt                                     
0     0008496e  sqrtl                                    
0     00084382  strtod                                   
0     00084382  strtold                                  
0     000850ec  tanf                                     
0     000859de  toupper                                  
0     00084049  updateCAN                                
0     00082d41  updateP_Dcontroller                      
1     0000a84e  usartB                                   
0     00084297  usartChecksum                            
1     0000a812  usartHandle                              
1     0000a900  vehicle1                                 
1     0000a806  vehicle1handle                           


GLOBAL SYMBOLS: SORTED BY Symbol Address 

page  address   name                                     
----  -------   ----                                     
0     00008000  INT_mainController_ISR                   
0     00008000  RamfuncsRunStart                         
0     00008158  Flash_initModule                         
0     0000827c  SysCtl_delay                             
0     00008280  RamfuncsRunEnd                           
0     00080000  code_start                               
0     0008001e  __TI_Handler_Table_Base                  
0     00080024  __TI_Handler_Table_Limit                 
0     00080028  __TI_CINIT_Base                          
0     00080030  __TI_CINIT_Limit                         
0     00080030  __TI_CINIT_Warm                          
0     000826c1  Board_init                               
0     000826d8  PinMux_init                              
0     000827cf  CAN_init                                 
0     000827d2  mainCAN_init                             
0     0008283c  CPUTIMER_init                            
0     0008283f  mainController_init                      
0     00082864  EPWM_init                                
0     0008292a  EQEP_init                                
0     0008292f  EQEP_motorA_init                         
0     00082978  EQEP_motorB_init                         
0     000829c1  GPIO_init                                
0     000829ca  A1_init                                  
0     000829de  A2_init                                  
0     000829f2  B1_init                                  
0     00082a06  B2_init                                  
0     00082a1a  I2C_init                                 
0     00082a1d  IMU_6050_init                            
0     00082a62  INTERRUPT_init                           
0     00082a7b  SCI_init                                 
0     00082a80  Data_output_init                         
0     00082ab7  BL_PIC_init                              
0     00082afa  SYNC_init                                
0     00082b18  pidControllerInit                        
0     00082bd2  discreteP_Icontroller                    
0     00082c85  continuousP_Icontroller                  
0     00082d41  updateP_Dcontroller                      
0     00082db8  speedPIcontroller                        
0     00082e5d  speedPIcontroller2                       
0     00082f11  speedPIcontroller3                       
0     00082fd0  setKp                                    
0     00082fda  setKi                                    
0     00082ff0  setKd                                    
0     00082ffd  setTs                                    
0     00083056  setOutputLimt                            
0     00083156  IMURead                                  
0     000831b6  IMUWrite                                 
0     00083202  MPU6050init                              
0     0008326c  checkAttendence                          
0     00083291  deviceReset                              
0     000832b3  MPU_dataProcessing                       
0     0008338e  getGAdata_floating                       
0     00083471  setOffset                                
0     00083495  complemenaryEuler                        
0     000836e9  motorInit                                
0     000836f8  HAL_vehicleInit                          
0     0008376b  HAL_quadratureEncoderInit                
0     0008378f  HAL_speedCalculation                     
0     000837fe  HAL_balanceControl                       
0     0008387d  HAL_steeringControl                      
0     000838f3  HAL_positionHold                         
0     0008392a  HAL_proportionalSteering                 
0     00083952  HAL_fallDetection                        
0     0008396f  HAL_hoverDetection                       
0     00083990  motorSetStatus                           
0     00083999  motorSetDutyCycle                        
0     000839c3  motorRun                                 
0     00083a28  HAL_vehicleRun                           
0     00083b40  Device_init                              
0     00083b93  Device_enableAllPeripherals              
0     00083c7e  Device_initGPIO                          
0     00083c9f  Device_enableUnbondedGPIOPullupsFor176Pin
0     00083cb2  Device_enableUnbondedGPIOPullupsFor100Pin
0     00083ccf  Device_enableUnbondedGPIOPullups         
0     00083ce5  Device_configureTMXAnalogTrim            
0     00083d16  Device_bootCPU2                          
0     00083e90  __error__                                
0     00083e97  Example_setResultPass                    
0     00083e9c  Example_setResultFail                    
0     00083ea1  Example_done                             
0     00083ea2  asinf                                    
0     00083f97  SysCtl_getDeviceParametric               
0     00083fff  C2000Ware_libraries_init                 
0     00084000  canInit                                  
0     0008401d  messageValidation                        
0     00084049  updateCAN                                
0     00084272  cmdInit                                  
0     00084297  usartChecksum                            
0     000842ab  cmdParse                                 
0     00084314  comDispatch                              
0     00084382  strtod                                   
0     00084382  strtold                                  
0     00084605  SysCtl_setClock                          
0     000848a5  main                                     
0     0008496e  sqrt                                     
0     0008496e  sqrtl                                    
0     00084a4c  CAN_setupMessageObject                   
0     00084b27  INT_mainCAN_ISR                          
0     00084b99  INT_BL_PIC_RX_ISR                        
0     00084be1  ldexp                                    
0     00084be1  ldexpl                                   
0     00084be1  scalbn                                   
0     00084be1  scalbnl                                  
0     00084c8a  __c28xabi_addd                           
0     00084d26  SysCtl_selectXTAL                        
0     00084db6  __c28xabi_divd                           
0     00084e41  __c28xabi_divf                           
0     00084ec9  __c28xabi_mpyd                           
0     00084f4c  CAN_sendMessage                          
0     00084fbe  CAN_readMessage                          
0     00085024  CAN_setBitTiming                         
0     00085088  I2C_initController                       
0     000850ec  tanf                                     
0     0008514e  GPIO_setPadConfig                        
0     000851a0  SysCtl_getClock                          
0     000851f1  SysCtl_selectOscSource                   
0     00085239  CAN_clearInterruptStatus                 
0     0008527f  SCI_clearInterruptStatus                 
0     000852c4  SCI_enableInterrupt                      
0     00085308  EQEP_setInputPolarity                    
0     0008534b  SCI_writeCharArray                       
0     0008538c  SCI_setConfig                            
0     000853ca  Interrupt_initModule                     
0     00085407  SCI_readCharArray                        
0     00085442  GPIO_setControllerCore                   
0     00085479  GPIO_setPinConfig                        
0     000854b0  GPIO_setQualificationMode                
0     000854e7  Interrupt_enable                         
0     0008551e  GPIO_setDirectionMode                    
0     0008554f  __TI_decompress_lzss                     
0     0008557d  __TI_auto_init_nobinit_nopinit           
0     000855a8  __c28xabi_cmpd                           
0     000855d2  C$$EXIT                                  
0     000855d2  abort                                    
0     000855d4  exit                                     
0     00085649  copysign                                 
0     00085649  copysignl                                
0     0008566d  __c28xabi_dtof                           
0     000856f1  Interrupt_initVectorTable                
0     0008570f  memcpy                                   
0     0008572c  CAN_initModule                           
0     00085748  __c28xabi_ftod                           
0     00085802  SysCtl_getLowSpeedClock                  
0     0008581c  __relaxed_atanf                          
0     00085866  __c28xabi_andll                          
0     0008586e  __c28xabi_orll                           
0     00085876  __c28xabi_xorll                          
0     000858c3  _c_int00                                 
0     000858da  Interrupt_defaultHandler                 
0     00085941  CPUTimer_setEmulationMode                
0     000859de  toupper                                  
0     000859fb  __c28xabi_subd                           
0     00085a23  __TI_zero_init_nomemset                  
0     00085a30  _args_main                               
0     00085a47  __relaxed_cosf                           
0     00085a52  __relaxed_sinf                           
0     00085a5d  isalpha                                  
0     00085a68  isdigit                                  
0     00085a73  Interrupt_illegalOperationHandler        
0     00085a7d  Interrupt_nmiHandler                     
0     00085a90  _register_unlock                         
0     00085a94  _register_lock                           
0     00085a98  _nop                                     
0     00085a99  __c28xabi_negd                           
0     00085aaa  __TI_decompress_none                     
0     00085ab9  atof                                     
0     00085abd  _system_pre_init                         
0     00085abf  _system_post_cinit                       
0     00086000  RamfuncsLoadStart                        
0     00086280  RamfuncsLoadEnd                          
0     0009019b  _ctypes_                                 
1     00000400  __stack                                  
1     00000500  __TI_STACK_END                           
1     0000a800  motor1Handle                             
1     0000a802  motor2Handle                             
1     0000a804  imu1Handle                               
1     0000a806  vehicle1handle                           
1     0000a808  eqepMotorAHandle                         
1     0000a80a  eqepMotorBHandle                         
1     0000a80c  speedController_RightHandle              
1     0000a80e  speedController_LeftHandle               
1     0000a810  CANHandle                                
1     0000a812  usartHandle                              
1     0000a814  motor1                                   
1     0000a822  motor2                                   
1     0000a830  eqepMotorA                               
1     0000a840  eqepMotorB                               
1     0000a84e  usartB                                   
1     0000a862  can1                                     
1     0000a880  speedController_Right                    
1     0000a8c0  speedController_Left                     
1     0000a900  vehicle1                                 
1     0000a940  imu1                                     
1     0000a976  Example_Result                           
1     0000a978  Example_PassCount                        
1     0000a97a  Example_Fail                             
1     0000a97c  _lock                                    
1     0000a97e  _unlock                                  
1     0000a980  speedRamp                                
1     0000a98e  __TI_enable_exit_profile_output          
1     0000a990  __TI_cleanup_ptr                         
1     0000a992  __TI_dtors_ptr                           
1     0000a994  errno                                    
abs   00000100  __TI_STACK_SIZE                          
abs   00000280  RamfuncsLoadSize                         
abs   00000280  RamfuncsRunSize                          
abs   ffffffff  __TI_pprof_out_hndl                      
abs   ffffffff  __TI_prof_data_size                      
abs   ffffffff  __TI_prof_data_start                     
n/a   UNDEFED   __c_args__                               

[210 symbols]
