******************************************************************************
             TMS320C2000 Linker PC v22.6.1                     
******************************************************************************
>> Linked Tue Jan 28 12:18:03 2025

OUTPUT FILE NAME:   <selfBalance.out>
ENTRY POINT SYMBOL: "code_start"  address: 00080000


MEMORY CONFIGURATION

         name            origin    length      used     unused   attr    fill
----------------------  --------  ---------  --------  --------  ----  --------
PAGE 0:
  RAMM0                 00000123   000002dd  00000000  000002dd  RWIX
  RAMLS0                00008000   00000800  000001c7  00000639  RWIX
  RAMLS1                00008800   00000800  00000000  00000800  RWIX
  RAMLS2                00009000   00000800  00000000  00000800  RWIX
  RAMLS3                00009800   00000800  00000000  00000800  RWIX
  RAMLS4                0000a000   00000800  00000000  00000800  RWIX
  RAMD0                 0000b000   00000800  00000000  00000800  RWIX
  RAMGS14               0001a000   00001000  00000000  00001000  RWIX
  RAMGS15               0001b000   00000ff8  00000000  00000ff8  RWIX
  BEGIN                 00080000   00000002  00000002  00000000  RWIX
  FLASHA                00080002   00001ffe  00000034  00001fca  RWIX
  FLASHB                00082000   00002000  00002000  00000000  RWIX
  FLASHC                00084000   00002000  00001042  00000fbe  RWIX
  FLASHD                00086000   00002000  000001c7  00001e39  RWIX
  FLASHE                00088000   00008000  00000000  00008000  RWIX
  FLASHF                00090000   00008000  000007fc  00007804  RWIX
  FLASHG                00098000   00008000  00000000  00008000  RWIX
  FLASHH                000a0000   00008000  00000000  00008000  RWIX
  FLASHI                000a8000   00008000  00000000  00008000  RWIX
  FLASHJ                000b0000   00008000  00000000  00008000  RWIX
  FLASHK                000b8000   00002000  00000000  00002000  RWIX
  FLASHL                000ba000   00002000  00000000  00002000  RWIX
  FLASHM                000bc000   00002000  00000000  00002000  RWIX
  FLASHN                000be000   00001ff0  00000000  00001ff0  RWIX
  RESET                 003fffc0   00000002  00000000  00000002  RWIX

PAGE 1:
  BOOT_RSVD             00000002   00000121  00000000  00000121  RWIX
  RAMM1                 00000400   000003f8  00000100  000002f8  RWIX
  RAMLS5                0000a800   00000800  000007bb  00000045  RWIX
  RAMD1                 0000b800   00000800  00000000  00000800  RWIX
  RAMGS0                0000c000   00001000  00000000  00001000  RWIX
  RAMGS1                0000d000   00001000  00000000  00001000  RWIX
  RAMGS2                0000e000   00001000  00000000  00001000  RWIX
  RAMGS3                0000f000   00001000  00000000  00001000  RWIX
  RAMGS4                00010000   00001000  00000000  00001000  RWIX
  RAMGS5                00011000   00001000  00000000  00001000  RWIX
  RAMGS6                00012000   00001000  00000000  00001000  RWIX
  RAMGS7                00013000   00001000  00000000  00001000  RWIX
  RAMGS8                00014000   00001000  00000000  00001000  RWIX
  RAMGS9                00015000   00001000  00000000  00001000  RWIX
  RAMGS10               00016000   00001000  00000000  00001000  RWIX
  RAMGS11               00017000   00001000  00000000  00001000  RWIX
  RAMGS12               00018000   00001000  00000000  00001000  RWIX
  RAMGS13               00019000   00001000  00000000  00001000  RWIX
  CPU2TOCPU1RAM         0003f800   00000400  00000000  00000400  RWIX
  CPU1TOCPU2RAM         0003fc00   00000400  00000000  00000400  RWIX


SECTION ALLOCATION MAP

 output                                  attributes/
section   page    origin      length       input sections
--------  ----  ----------  ----------   ----------------
codestart 
*          0    00080000    00000002     
                  00080000    00000002     F2837xD_CodeStartBranch.obj (codestart)

.cinit     0    00080008    00000034     
                  00080008    00000022     (.cinit..data.load) [load image, compression = lzss]
                  0008002a    00000006     (__TI_handler_table)
                  00080030    00000004     (.cinit..bss.load) [load image, compression = zero_init]
                  00080034    00000008     (__TI_cinit_table)

.stack     1    00000400    00000100     UNINITIALIZED
                  00000400    00000100     --HOLE--

.reset     0    003fffc0    00000000     DSECT

.init_array 
*          0    00082000    00000000     UNINITIALIZED

.bss       1    0000a800    00000774     UNINITIALIZED
                  0000a800    00000190     selfbalance.obj (.bss:dbuffChan1)
                  0000a990    00000190     selfbalance.obj (.bss:dbuffChan2)
                  0000ab20    00000190     selfbalance.obj (.bss:dbuffChan3)
                  0000acb0    00000190     selfbalance.obj (.bss:dbuffChan4)
                  0000ae40    00000134     selfbalance.obj (.bss)

.data      1    0000af74    00000047     UNINITIALIZED
                  0000af74    00000006     device.obj (.data)
                  0000af7a    00000006     rts2800_fpu32_eabi.lib : exit.c.obj (.data)
                  0000af80    00000036     selfbalance.obj (.data)
                  0000afb6    00000002     rts2800_fpu32_eabi.lib : _lock.c.obj (.data:_lock)
                  0000afb8    00000002                            : _lock.c.obj (.data:_unlock)
                  0000afba    00000001                            : errno.c.obj (.data)

.const     0    00090000    000007fc     
                  00090000    0000019b     board.obj (.const:.string)
                  0009019b    00000001     --HOLE-- [fill = 0]
                  0009019c    000000cc     hal.obj (.const:.string)
                  00090268    000000c2     driverlib_eabi.lib : sysctl.obj (.const:.string)
                  0009032a    000000bf                        : flash.obj (.const:.string)
                  000903e9    00000001     --HOLE-- [fill = 0]
                  000903ea    000000bc                        : gpio.obj (.const:.string)
                  000904a6    000000bb                        : sci.obj (.const:.string)
                  00090561    00000001     --HOLE-- [fill = 0]
                  00090562    0000008c     selfbalance.obj (.const:.string)
                  000905ee    00000078     IMU6050_Elon.obj (.const:.string)
                  00090666    00000062     driverlib_eabi.lib : cputimer.obj (.const:.string)
                  000906c8    0000005e                        : eqep.obj (.const:.string)
                  00090726    0000005d                        : i2c.obj (.const:.string)
                  00090783    00000001     --HOLE-- [fill = 0]
                  00090784    00000043     flightmointor.obj (.const:.string)
                  000907c7    00000001     --HOLE-- [fill = 0]
                  000907c8    00000014     rts2800_fpu32_eabi.lib : e_asinf.c.obj (.const)
                  000907dc    00000013     device.obj (.const:.string)
                  000907ef    00000001     --HOLE-- [fill = 0]
                  000907f0    0000000c     rts2800_fpu32_eabi.lib : e_sqrt.c.obj (.const)

.TI.ramfunc 
*          0    00086000    000001c7     RUN ADDR = 00008000
                  00086000    0000009f     selfbalance.obj (.TI.ramfunc:retain)
                  0008609f    00000043     driverlib_eabi.lib : flash.obj (.TI.ramfunc:Flash_initModule)
                  000860e2    0000002c                        : flash.obj (.TI.ramfunc:Flash_setBankPowerMode)
                  0008610e    00000024                        : flash.obj (.TI.ramfunc:Flash_setWaitstates)
                  00086132    0000001d                        : flash.obj (.TI.ramfunc:Flash_setPumpPowerMode)
                  0008614f    00000018                        : flash.obj (.TI.ramfunc:Flash_disableCache)
                  00086167    00000018                        : flash.obj (.TI.ramfunc:Flash_disablePrefetch)
                  0008617f    00000017                        : flash.obj (.TI.ramfunc:Flash_enableCache)
                  00086196    00000017                        : flash.obj (.TI.ramfunc:Flash_enablePrefetch)
                  000861ad    00000016                        : flash.obj (.TI.ramfunc:Flash_enableECC)
                  000861c3    00000004                        : sysctl.obj (.TI.ramfunc)

GETBUFFER 
*          0    0003f800    00000000     DSECT

GETWRITEIDX 
*          0    0003f800    00000000     DSECT

PUTREADIDX 
*          0    0003f800    00000000     DSECT

.text.1    0    00082000    00002000     
                  00082000    00000a5c     board.obj (.text)
                  00082a5c    0000054a     IMU6050_Elon.obj (.text)
                  00082fa6    00000448     hal.obj (.text)
                  000833ee    000003fc     device.obj (.text)
                  000837ea    00000313     PID_Elon.obj (.text)
                  00083afd    0000025e     flightmointor.obj (.text)
                  00083d5b    0000024d     selfbalance.obj (.text)
                  00083fa8    00000052     driverlib_eabi.lib : gpio.obj (.text:GPIO_setPadConfig)
                  00083ffa    00000006     rts2800_fpu32_eabi.lib : copy_zero_init.c.obj (.text:decompress:ZI)

.text.2    0    00084000    00001042     
                  00084000    00000209     driverlib_eabi.lib : sysctl.obj (.text:SysCtl_setClock)
                  00084209    000000f5     rts2800_fpu32_eabi.lib : e_asinf.c.obj (.text)
                  000842fe    000000de                            : e_sqrt.c.obj (.text)
                  000843dc    000000db     DLOG_4CH_F.obj (.text)
                  000844b7    000000a8     selfbalance.obj (.text:retain)
                  0008455f    0000009c     rts2800_fpu32_eabi.lib : fd_add28.asm.obj (.text)
                  000845fb    00000090     driverlib_eabi.lib : sysctl.obj (.text:SysCtl_selectXTAL)
                  0008468b    00000088     rts2800_fpu32_eabi.lib : fs_div28.asm.obj (.text)
                  00084713    00000083                            : fd_mpy28.asm.obj (.text)
                  00084796    00000068     driverlib_eabi.lib : sysctl.obj (.text:SysCtl_getDeviceParametric)
                  000847fe    00000064                        : i2c.obj (.text:I2C_initController)
                  00084862    00000062     rts2800_fpu32_eabi.lib : s_tanf.c.obj (.text)
                  000848c4    00000051     driverlib_eabi.lib : sysctl.obj (.text:SysCtl_getClock)
                  00084915    00000048                        : sysctl.obj (.text:SysCtl_selectOscSource)
                  0008495d    00000045                        : sci.obj (.text:SCI_clearInterruptStatus)
                  000849a2    00000043                        : eqep.obj (.text:EQEP_setInputPolarity)
                  000849e5    00000041                        : sci.obj (.text:SCI_writeCharArray)
                  00084a26    0000003e                        : sci.obj (.text:SCI_setConfig)
                  00084a64    0000003d                        : interrupt.obj (.text:Interrupt_initModule)
                  00084aa1    00000037                        : gpio.obj (.text:GPIO_setControllerCore)
                  00084ad8    00000037                        : gpio.obj (.text:GPIO_setPinConfig)
                  00084b0f    00000037                        : gpio.obj (.text:GPIO_setQualificationMode)
                  00084b46    00000037                        : interrupt.obj (.text:Interrupt_enable)
                  00084b7d    00000034                        : gpio.obj (.text:GPIO_setInterruptPin)
                  00084bb1    00000031                        : gpio.obj (.text:GPIO_setDirectionMode)
                  00084be2    00000030     rts2800_fpu32_eabi.lib : copy_decompress_lzss.c.obj (.text:decompress:lzss)
                  00084c12    0000002b                            : autoinit.c.obj (.text:__TI_auto_init_nobinit_nopinit)
                  00084c3d    0000002a                            : fd_cmp28.asm.obj (.text)
                  00084c67    00000029                            : exit.c.obj (.text)
                  00084c90    00000028     driverlib_eabi.lib : sysctl.obj (.text:CPUTimer_selectClockSource)
                  00084cb8    00000026                        : flash.obj (.text:Flash_setBankPowerUpDelay)
                  00084cde    00000023     rts2800_fpu32_eabi.lib : fd_tofsfpu32.asm.obj (.text)
                  00084d01    00000020     driverlib_eabi.lib : sci.obj (.text:SCI_isFIFOEnabled)
                  00084d21    0000001f                        : sysctl.obj (.text:CPUTimer_getTimerOverflowStatus)
                  00084d40    0000001e                        : interrupt.obj (.text:Interrupt_initVectorTable)
                  00084d5e    0000001d     rts2800_fpu32_eabi.lib : memcpy.c.obj (.text)
                  00084d7b    0000001c                            : fs_tofdfpu32.asm.obj (.text)
                  00084d97    0000001b     driverlib_eabi.lib : sci.obj (.text:SCI_isBaseValid)
                  00084db2    0000001a                        : sysctl.obj (.text:CPUTimer_startTimer)
                  00084dcc    0000001a                        : sci.obj (.text:SCI_isSpaceAvailableNonFIFO)
                  00084de6    0000001a                        : sysctl.obj (.text:SysCtl_getLowSpeedClock)
                  00084e00    0000001a     selfbalance.obj (.text:__relaxed_atanf)
                  00084e1a    00000018     driverlib_eabi.lib : sci.obj (.text:SCI_disableModule)
                  00084e32    00000018                        : sci.obj (.text:SCI_performSoftwareReset)
                  00084e4a    00000017                        : cputimer.obj (.text:CPUTimer_isBaseValid)
                  00084e61    00000017                        : sysctl.obj (.text:CPUTimer_isBaseValid)
                  00084e78    00000017                        : eqep.obj (.text:EQEP_isBaseValid)
                  00084e8f    00000017     rts2800_fpu32_eabi.lib : boot28.asm.obj (.text)
                  00084ea6    00000016     driverlib_eabi.lib : interrupt.obj (.text:Interrupt_defaultHandler)
                  00084ebc    00000016                        : gpio.obj (.text:XBAR_setInputPin)
                  00084ed2    00000014                        : sysctl.obj (.text:CPUTimer_stopTimer)
                  00084ee6    00000014                        : sci.obj (.text:SCI_getTxFIFOStatus)
                  00084efa    00000013                        : cputimer.obj (.text:CPUTimer_setEmulationMode)
                  00084f0d    00000013                        : i2c.obj (.text:I2C_isBaseValid)
                  00084f20    00000013                        : sci.obj (.text:SCI_enableModule)
                  00084f33    00000012                        : sysctl.obj (.text:CPUTimer_clearOverflowFlag)
                  00084f45    00000012                        : sysctl.obj (.text:CPUTimer_disableInterrupt)
                  00084f57    00000011                        : sysctl.obj (.text:CPUTimer_setPeriod)
                  00084f68    00000010                        : flash.obj (.text:Flash_isCtrlBaseValid)
                  00084f78    00000010                        : flash.obj (.text:Flash_isECCBaseValid)
                  00084f88    0000000f                        : sysctl.obj (.text:SysCtl_pollCpuTimer)
                  00084f97    0000000e                        : gpio.obj (.text:GPIO_isPinValid)
                  00084fa5    0000000e     rts2800_fpu32_eabi.lib : fd_sub28.asm.obj (.text)
                  00084fb3    0000000d     driverlib_eabi.lib : interrupt.obj (.text:Interrupt_disableGlobal)
                  00084fc0    0000000d                        : interrupt.obj (.text:Interrupt_enableGlobal)
                  00084fcd    0000000c     rts2800_fpu32_eabi.lib : args_main.c.obj (.text)
                  00084fd9    0000000b     driverlib_eabi.lib : sysctl.obj (.text:SysCtl_isMCDClockFailureDetected)
                  00084fe4    0000000b     selfbalance.obj (.text:__relaxed_cosf)
                  00084fef    0000000b     selfbalance.obj (.text:__relaxed_sinf)
                  00084ffa    0000000a     driverlib_eabi.lib : interrupt.obj (.text:Interrupt_illegalOperationHandler)
                  00085004    0000000a                        : interrupt.obj (.text:Interrupt_nmiHandler)
                  0008500e    00000009                        : sysctl.obj (.text:SysCtl_serviceWatchdog)
                  00085017    00000009     rts2800_fpu32_eabi.lib : _lock.c.obj (.text)
                  00085020    00000008     F2837xD_CodeStartBranch.obj (.text)
                  00085028    00000008     rts2800_fpu32_eabi.lib : copy_decompress_none.c.obj (.text:decompress:none)
                  00085030    00000007     driverlib_eabi.lib : sysctl.obj (.text:SysCtl_resetMCD)
                  00085037    00000007     rts2800_fpu32_eabi.lib : memset.c.obj (.text)
                  0008503e    00000002                            : pre_init.c.obj (.text)
                  00085040    00000001     c2000ware_libraries.obj (.text)
                  00085041    00000001     rts2800_fpu32_eabi.lib : startup.c.obj (.text)

MODULE SUMMARY

       Module                        code    ro data   rw data
       ------                        ----    -------   -------
    .\
       selfbalance.obj               1123    140       1962   
    +--+-----------------------------+-------+---------+---------+
       Total:                        1123    140       1962   
                                                              
    .\HAL\
       hal.obj                       1096    204       0      
       DLOG_4CH_F.obj                219     0         0      
    +--+-----------------------------+-------+---------+---------+
       Total:                        1315    204       0      
                                                              
    .\device\
       device.obj                    1020    19        6      
       F2837xD_CodeStartBranch.obj   10      0         0      
    +--+-----------------------------+-------+---------+---------+
       Total:                        1030    19        6      
                                                              
    .\pid\
       PID_Elon.obj                  787     0         0      
    +--+-----------------------------+-------+---------+---------+
       Total:                        787     0         0      
                                                              
    .\sensorFusion\
       IMU6050_Elon.obj              1354    120       0      
       flightmointor.obj             606     67        0      
    +--+-----------------------------+-------+---------+---------+
       Total:                        1960    187       0      
                                                              
    .\syscfg\
       board.obj                     2652    411       0      
       c2000ware_libraries.obj       1       0         0      
    +--+-----------------------------+-------+---------+---------+
       Total:                        2653    411       0      
                                                              
    C:\ti\c2000\C2000Ware_5_04_00_00\driverlib\f2837xd\driverlib\ccs\Debug\driverlib_eabi.lib
       sysctl.obj                    1191    194       0      
       flash.obj                     654     191       0      
       gpio.obj                      384     188       0      
       sci.obj                       368     187       0      
       interrupt.obj                 214     0         0      
       i2c.obj                       119     93        0      
       eqep.obj                      90      94        0      
       cputimer.obj                  42      98        0      
    +--+-----------------------------+-------+---------+---------+
       Total:                        3062    1045      0      
                                                              
    C:\ti\ccs1281\ccs\tools\compiler\ti-cgt-c2000_22.6.1.LTS\lib\rts2800_fpu32_eabi.lib
       e_asinf.c.obj                 245     20        0      
       e_sqrt.c.obj                  222     12        0      
       fd_add28.asm.obj              156     0         0      
       fs_div28.asm.obj              136     0         0      
       fd_mpy28.asm.obj              131     0         0      
       s_tanf.c.obj                  98      0         0      
       copy_decompress_lzss.c.obj    48      0         0      
       exit.c.obj                    41      0         6      
       autoinit.c.obj                43      0         0      
       fd_cmp28.asm.obj              42      0         0      
       fd_tofsfpu32.asm.obj          35      0         0      
       memcpy.c.obj                  29      0         0      
       fs_tofdfpu32.asm.obj          28      0         0      
       boot28.asm.obj                23      0         0      
       fd_sub28.asm.obj              14      0         0      
       _lock.c.obj                   9       0         4      
       args_main.c.obj               12      0         0      
       copy_decompress_none.c.obj    8       0         0      
       memset.c.obj                  7       0         0      
       copy_zero_init.c.obj          6       0         0      
       pre_init.c.obj                2       0         0      
       errno.c.obj                   0       0         1      
       startup.c.obj                 1       0         0      
    +--+-----------------------------+-------+---------+---------+
       Total:                        1336    32        11     
                                                              
       Stack:                        0       0         256    
       Linker Generated:             0       52        0      
    +--+-----------------------------+-------+---------+---------+
       Grand Total:                  13266   2090      2235   


LINKER GENERATED COPY TABLES

__TI_cinit_table @ 00080034 records: 2, size/record: 4, table size: 8
	.data: load addr=00080008, load size=00000022 bytes, run addr=0000af74, run size=00000047 bytes, compression=lzss
	.bss: load addr=00080030, load size=00000004 bytes, run addr=0000a800, run size=00000774 bytes, compression=zero_init


LINKER GENERATED HANDLER TABLE

__TI_handler_table @ 0008002a records: 3, size/record: 2, table size: 6
	index: 0, handler: __TI_zero_init
	index: 1, handler: __TI_decompress_lzss
	index: 2, handler: __TI_decompress_none


GLOBAL DATA SYMBOLS: SORTED BY DATA PAGE

address     data page           name
--------    ----------------    ----
00000400      10 (00000400)     __stack

0000a800     2a0 (0000a800)     dbuffChan1

0000a990     2a6 (0000a980)     dbuffChan2

0000ab20     2ac (0000ab00)     dbuffChan3

0000acb0     2b2 (0000ac80)     dbuffChan4

0000ae40     2b9 (0000ae40)     motor1Handle
0000ae42     2b9 (0000ae40)     motor2Handle
0000ae44     2b9 (0000ae40)     imu1Handle
0000ae46     2b9 (0000ae40)     vehicle1handle
0000ae48     2b9 (0000ae40)     eqepMotorAHandle
0000ae4a     2b9 (0000ae40)     eqepMotorBHandle
0000ae4c     2b9 (0000ae40)     steeringHandle
0000ae4e     2b9 (0000ae40)     dlogChan1
0000ae50     2b9 (0000ae40)     dlogChan2
0000ae52     2b9 (0000ae40)     dlogChan3
0000ae54     2b9 (0000ae40)     dlogChan4
0000ae56     2b9 (0000ae40)     motor1
0000ae64     2b9 (0000ae40)     motor2
0000ae72     2b9 (0000ae40)     eqepMotorA

0000ae80     2ba (0000ae80)     eqepMotorB
0000ae8e     2ba (0000ae80)     dlog_4ch1

0000aec0     2bb (0000aec0)     vehicle1

0000af00     2bc (0000af00)     steeringPID

0000af40     2bd (0000af40)     imu1
0000af74     2bd (0000af40)     Example_Result
0000af76     2bd (0000af40)     Example_PassCount
0000af78     2bd (0000af40)     Example_Fail
0000af7a     2bd (0000af40)     __TI_enable_exit_profile_output
0000af7c     2bd (0000af40)     __TI_cleanup_ptr
0000af7e     2bd (0000af40)     __TI_dtors_ptr

0000af80     2be (0000af80)     speedRamp
0000af8e     2be (0000af80)     speedController
0000afb6     2be (0000af80)     _lock
0000afb8     2be (0000af80)     _unlock
0000afba     2be (0000af80)     errno


GLOBAL SYMBOLS: SORTED ALPHABETICALLY BY Name 

page  address   name                                     
----  -------   ----                                     
0     0008291c  A1_init                                  
0     00082930  A2_init                                  
0     00082958  B1_init                                  
0     0008296c  B2_init                                  
0     0008268c  Board_init                               
0     00084c67  C$$EXIT                                  
0     00085040  C2000Ware_libraries_init                 
0     00082769  CPUTIMER_init                            
0     00084efa  CPUTimer_setEmulationMode                
0     00084418  DLOG_4CH_F_FUNC                          
0     000843dc  DLOG_4CH_F_init                          
0     000829f8  Data_output_init                         
0     0008365e  Device_bootCPU2                          
0     0008362d  Device_configureTMXAnalogTrim            
0     000834db  Device_enableAllPeripherals              
0     00083617  Device_enableUnbondedGPIOPullups         
0     000835fa  Device_enableUnbondedGPIOPullupsFor100Pin
0     000835e7  Device_enableUnbondedGPIOPullupsFor176Pin
0     00083488  Device_init                              
0     000835c6  Device_initGPIO                          
0     00082790  EPWM_init                                
0     00082856  EQEP_init                                
0     0008285b  EQEP_motorA_init                         
0     000828b6  EQEP_motorB_init                         
0     000849a2  EQEP_setInputPolarity                    
1     0000af78  Example_Fail                             
1     0000af76  Example_PassCount                        
1     0000af74  Example_Result                           
0     000837e9  Example_done                             
0     000837e4  Example_setResultFail                    
0     000837df  Example_setResultPass                    
0     0000809f  Flash_initModule                         
0     00082911  GPIO_init                                
0     00084aa1  GPIO_setControllerCore                   
0     00084bb1  GPIO_setDirectionMode                    
0     00084b7d  GPIO_setInterruptPin                     
0     00083fa8  GPIO_setPadConfig                        
0     00084ad8  GPIO_setPinConfig                        
0     00084b0f  GPIO_setQualificationMode                
0     0008319a  HAL_balanceControl                       
0     0008329a  HAL_fallDetection                        
0     000832b7  HAL_hoverDetection                       
0     00083113  HAL_quadratureEncoderInit                
0     00083137  HAL_speedCalculation                     
0     00083218  HAL_steeringControl                      
0     000830c7  HAL_vehicleInit                          
0     00083370  HAL_vehicleRun                           
0     00082980  I2C_init                                 
0     000847fe  I2C_initController                       
0     00082b48  IMURead                                  
0     00082ba8  IMUWrite                                 
0     00082983  IMU_6050_init                            
0     00082a50  IMU_data_Ready_XINT_init                 
0     00082944  IMU_data_Ready_init                      
0     000829c8  INPUTXBAR_init                           
0     000829d0  INTERRUPT_init                           
0     000844b7  INT_EQEP_motorA_ISR                      
0     000844f7  INT_EQEP_motorB_ISR                      
0     00008000  INT_IMU_data_Ready_XINT_ISR              
0     00084ea6  Interrupt_defaultHandler                 
0     00084b46  Interrupt_enable                         
0     00084ffa  Interrupt_illegalOperationHandler        
0     00084a64  Interrupt_initModule                     
0     00084d40  Interrupt_initVectorTable                
0     00085004  Interrupt_nmiHandler                     
0     00082bf4  MPU6050init                              
0     00082ca8  MPU_dataProcessing                       
0     000826a5  PinMux_init                              
0     000861c7  RamfuncsLoadEnd                          
abs   000001c7  RamfuncsLoadSize                         
0     00086000  RamfuncsLoadStart                        
0     000081c7  RamfuncsRunEnd                           
abs   000001c7  RamfuncsRunSize                          
0     00008000  RamfuncsRunStart                         
0     0008495d  SCI_clearInterruptStatus                 
0     000829f5  SCI_init                                 
0     00084a26  SCI_setConfig                            
0     000849e5  SCI_writeCharArray                       
0     00082a2f  SYNC_init                                
0     000081c3  SysCtl_delay                             
0     000848c4  SysCtl_getClock                          
0     00084796  SysCtl_getDeviceParametric               
0     00084de6  SysCtl_getLowSpeedClock                  
0     00084915  SysCtl_selectOscSource                   
0     000845fb  SysCtl_selectXTAL                        
0     00084000  SysCtl_setClock                          
0     00083d40  UART1ByteWrite                           
0     00082a4d  XINT_init                                
0     00080034  __TI_CINIT_Base                          
0     0008003c  __TI_CINIT_Limit                         
0     0008003c  __TI_CINIT_Warm                          
0     0008002a  __TI_Handler_Table_Base                  
0     00080030  __TI_Handler_Table_Limit                 
1     00000500  __TI_STACK_END                           
abs   00000100  __TI_STACK_SIZE                          
0     00084c12  __TI_auto_init_nobinit_nopinit           
1     0000af7c  __TI_cleanup_ptr                         
0     00084be2  __TI_decompress_lzss                     
0     00085028  __TI_decompress_none                     
1     0000af7e  __TI_dtors_ptr                           
1     0000af7a  __TI_enable_exit_profile_output          
abs   ffffffff  __TI_pprof_out_hndl                      
abs   ffffffff  __TI_prof_data_size                      
abs   ffffffff  __TI_prof_data_start                     
0     00083ffa  __TI_zero_init                           
0     0008455f  __c28xabi_addd                           
0     00084c3d  __c28xabi_cmpd                           
0     0008468b  __c28xabi_divf                           
0     00084cde  __c28xabi_dtof                           
0     00084d7b  __c28xabi_ftod                           
0     00084713  __c28xabi_mpyd                           
0     00084fa5  __c28xabi_subd                           
n/a   UNDEFED   __c_args__                               
0     000837d8  __error__                                
0     00084e00  __relaxed_atanf                          
0     00084fe4  __relaxed_cosf                           
0     00084fef  __relaxed_sinf                           
1     00000400  __stack                                  
0     00084fcd  _args_main                               
0     00084e8f  _c_int00                                 
1     0000afb6  _lock                                    
0     0008501f  _nop                                     
0     0008501b  _register_lock                           
0     00085017  _register_unlock                         
0     00085041  _system_post_cinit                       
0     0008503e  _system_pre_init                         
1     0000afb8  _unlock                                  
0     00084c67  abort                                    
0     00084209  asinf                                    
0     00082c61  checkAttendence                          
0     00080000  code_start                               
0     00082e8a  complemenaryEuler                        
0     00083c27  data_send                                
1     0000a800  dbuffChan1                               
1     0000a990  dbuffChan2                               
1     0000ab20  dbuffChan3                               
1     0000acb0  dbuffChan4                               
0     00082c86  deviceReset                              
1     0000ae4e  dlogChan1                                
1     0000ae50  dlogChan2                                
1     0000ae52  dlogChan3                                
1     0000ae54  dlogChan4                                
1     0000ae8e  dlog_4ch1                                
1     0000ae72  eqepMotorA                               
1     0000ae48  eqepMotorAHandle                         
1     0000ae80  eqepMotorB                               
1     0000ae4a  eqepMotorBHandle                         
1     0000afba  errno                                    
0     00084c69  exit                                     
0     0008276c  filterTimer_init                         
0     00082d83  getGAdata_floating                       
1     0000af40  imu1                                     
1     0000ae44  imu1Handle                               
0     00083dee  main                                     
0     00084d5e  memcpy                                   
0     00085037  memset                                   
1     0000ae56  motor1                                   
1     0000ae40  motor1Handle                             
1     0000ae64  motor2                                   
1     0000ae42  motor2Handle                             
0     000830b8  motorInit                                
0     0008330b  motorRun                                 
0     000832e1  motorSetDutyCycle                        
0     000832d8  motorSetStatus                           
0     000829cb  myINPUTXBARINPUT0_init                   
0     000837ea  pidControllerInit                        
0     00083a83  setKd                                    
0     00083a6d  setKi                                    
0     00083a63  setKp                                    
0     00082e66  setOffset                                
0     00083ae9  setOutputLimt                            
0     00083a90  setTs                                    
1     0000af8e  speedController                          
1     0000af80  speedRamp                                
0     000842fe  sqrt                                     
0     000842fe  sqrtl                                    
0     00083b45  status_send                              
1     0000ae4c  steeringHandle                           
1     0000af00  steeringPID                              
0     00084862  tanf                                     
0     000838b7  updatePIDcontroller                      
0     000839c9  updateP_Icontroller                      
1     0000aec0  vehicle1                                 
1     0000ae46  vehicle1handle                           


GLOBAL SYMBOLS: SORTED BY Symbol Address 

page  address   name                                     
----  -------   ----                                     
0     00008000  INT_IMU_data_Ready_XINT_ISR              
0     00008000  RamfuncsRunStart                         
0     0000809f  Flash_initModule                         
0     000081c3  SysCtl_delay                             
0     000081c7  RamfuncsRunEnd                           
0     00080000  code_start                               
0     0008002a  __TI_Handler_Table_Base                  
0     00080030  __TI_Handler_Table_Limit                 
0     00080034  __TI_CINIT_Base                          
0     0008003c  __TI_CINIT_Limit                         
0     0008003c  __TI_CINIT_Warm                          
0     0008268c  Board_init                               
0     000826a5  PinMux_init                              
0     00082769  CPUTIMER_init                            
0     0008276c  filterTimer_init                         
0     00082790  EPWM_init                                
0     00082856  EQEP_init                                
0     0008285b  EQEP_motorA_init                         
0     000828b6  EQEP_motorB_init                         
0     00082911  GPIO_init                                
0     0008291c  A1_init                                  
0     00082930  A2_init                                  
0     00082944  IMU_data_Ready_init                      
0     00082958  B1_init                                  
0     0008296c  B2_init                                  
0     00082980  I2C_init                                 
0     00082983  IMU_6050_init                            
0     000829c8  INPUTXBAR_init                           
0     000829cb  myINPUTXBARINPUT0_init                   
0     000829d0  INTERRUPT_init                           
0     000829f5  SCI_init                                 
0     000829f8  Data_output_init                         
0     00082a2f  SYNC_init                                
0     00082a4d  XINT_init                                
0     00082a50  IMU_data_Ready_XINT_init                 
0     00082b48  IMURead                                  
0     00082ba8  IMUWrite                                 
0     00082bf4  MPU6050init                              
0     00082c61  checkAttendence                          
0     00082c86  deviceReset                              
0     00082ca8  MPU_dataProcessing                       
0     00082d83  getGAdata_floating                       
0     00082e66  setOffset                                
0     00082e8a  complemenaryEuler                        
0     000830b8  motorInit                                
0     000830c7  HAL_vehicleInit                          
0     00083113  HAL_quadratureEncoderInit                
0     00083137  HAL_speedCalculation                     
0     0008319a  HAL_balanceControl                       
0     00083218  HAL_steeringControl                      
0     0008329a  HAL_fallDetection                        
0     000832b7  HAL_hoverDetection                       
0     000832d8  motorSetStatus                           
0     000832e1  motorSetDutyCycle                        
0     0008330b  motorRun                                 
0     00083370  HAL_vehicleRun                           
0     00083488  Device_init                              
0     000834db  Device_enableAllPeripherals              
0     000835c6  Device_initGPIO                          
0     000835e7  Device_enableUnbondedGPIOPullupsFor176Pin
0     000835fa  Device_enableUnbondedGPIOPullupsFor100Pin
0     00083617  Device_enableUnbondedGPIOPullups         
0     0008362d  Device_configureTMXAnalogTrim            
0     0008365e  Device_bootCPU2                          
0     000837d8  __error__                                
0     000837df  Example_setResultPass                    
0     000837e4  Example_setResultFail                    
0     000837e9  Example_done                             
0     000837ea  pidControllerInit                        
0     000838b7  updatePIDcontroller                      
0     000839c9  updateP_Icontroller                      
0     00083a63  setKp                                    
0     00083a6d  setKi                                    
0     00083a83  setKd                                    
0     00083a90  setTs                                    
0     00083ae9  setOutputLimt                            
0     00083b45  status_send                              
0     00083c27  data_send                                
0     00083d40  UART1ByteWrite                           
0     00083dee  main                                     
0     00083fa8  GPIO_setPadConfig                        
0     00083ffa  __TI_zero_init                           
0     00084000  SysCtl_setClock                          
0     00084209  asinf                                    
0     000842fe  sqrt                                     
0     000842fe  sqrtl                                    
0     000843dc  DLOG_4CH_F_init                          
0     00084418  DLOG_4CH_F_FUNC                          
0     000844b7  INT_EQEP_motorA_ISR                      
0     000844f7  INT_EQEP_motorB_ISR                      
0     0008455f  __c28xabi_addd                           
0     000845fb  SysCtl_selectXTAL                        
0     0008468b  __c28xabi_divf                           
0     00084713  __c28xabi_mpyd                           
0     00084796  SysCtl_getDeviceParametric               
0     000847fe  I2C_initController                       
0     00084862  tanf                                     
0     000848c4  SysCtl_getClock                          
0     00084915  SysCtl_selectOscSource                   
0     0008495d  SCI_clearInterruptStatus                 
0     000849a2  EQEP_setInputPolarity                    
0     000849e5  SCI_writeCharArray                       
0     00084a26  SCI_setConfig                            
0     00084a64  Interrupt_initModule                     
0     00084aa1  GPIO_setControllerCore                   
0     00084ad8  GPIO_setPinConfig                        
0     00084b0f  GPIO_setQualificationMode                
0     00084b46  Interrupt_enable                         
0     00084b7d  GPIO_setInterruptPin                     
0     00084bb1  GPIO_setDirectionMode                    
0     00084be2  __TI_decompress_lzss                     
0     00084c12  __TI_auto_init_nobinit_nopinit           
0     00084c3d  __c28xabi_cmpd                           
0     00084c67  C$$EXIT                                  
0     00084c67  abort                                    
0     00084c69  exit                                     
0     00084cde  __c28xabi_dtof                           
0     00084d40  Interrupt_initVectorTable                
0     00084d5e  memcpy                                   
0     00084d7b  __c28xabi_ftod                           
0     00084de6  SysCtl_getLowSpeedClock                  
0     00084e00  __relaxed_atanf                          
0     00084e8f  _c_int00                                 
0     00084ea6  Interrupt_defaultHandler                 
0     00084efa  CPUTimer_setEmulationMode                
0     00084fa5  __c28xabi_subd                           
0     00084fcd  _args_main                               
0     00084fe4  __relaxed_cosf                           
0     00084fef  __relaxed_sinf                           
0     00084ffa  Interrupt_illegalOperationHandler        
0     00085004  Interrupt_nmiHandler                     
0     00085017  _register_unlock                         
0     0008501b  _register_lock                           
0     0008501f  _nop                                     
0     00085028  __TI_decompress_none                     
0     00085037  memset                                   
0     0008503e  _system_pre_init                         
0     00085040  C2000Ware_libraries_init                 
0     00085041  _system_post_cinit                       
0     00086000  RamfuncsLoadStart                        
0     000861c7  RamfuncsLoadEnd                          
1     00000400  __stack                                  
1     00000500  __TI_STACK_END                           
1     0000a800  dbuffChan1                               
1     0000a990  dbuffChan2                               
1     0000ab20  dbuffChan3                               
1     0000acb0  dbuffChan4                               
1     0000ae40  motor1Handle                             
1     0000ae42  motor2Handle                             
1     0000ae44  imu1Handle                               
1     0000ae46  vehicle1handle                           
1     0000ae48  eqepMotorAHandle                         
1     0000ae4a  eqepMotorBHandle                         
1     0000ae4c  steeringHandle                           
1     0000ae4e  dlogChan1                                
1     0000ae50  dlogChan2                                
1     0000ae52  dlogChan3                                
1     0000ae54  dlogChan4                                
1     0000ae56  motor1                                   
1     0000ae64  motor2                                   
1     0000ae72  eqepMotorA                               
1     0000ae80  eqepMotorB                               
1     0000ae8e  dlog_4ch1                                
1     0000aec0  vehicle1                                 
1     0000af00  steeringPID                              
1     0000af40  imu1                                     
1     0000af74  Example_Result                           
1     0000af76  Example_PassCount                        
1     0000af78  Example_Fail                             
1     0000af7a  __TI_enable_exit_profile_output          
1     0000af7c  __TI_cleanup_ptr                         
1     0000af7e  __TI_dtors_ptr                           
1     0000af80  speedRamp                                
1     0000af8e  speedController                          
1     0000afb6  _lock                                    
1     0000afb8  _unlock                                  
1     0000afba  errno                                    
abs   00000100  __TI_STACK_SIZE                          
abs   000001c7  RamfuncsLoadSize                         
abs   000001c7  RamfuncsRunSize                          
abs   ffffffff  __TI_pprof_out_hndl                      
abs   ffffffff  __TI_prof_data_size                      
abs   ffffffff  __TI_prof_data_start                     
n/a   UNDEFED   __c_args__                               

[184 symbols]
