<?xml version="1.0" encoding="ISO-8859-1" ?>
<link_info>
   <banner>TMS320C2000 Linker PC v22.6.2.LTS</banner>
   <copyright>Copyright (c) 1996-2018 Texas Instruments Incorporated</copyright>
   <link_time>0x67e04783</link_time>
   <link_errors>0x0</link_errors>
   <output_file>selfBalance.out</output_file>
   <entry_point>
      <name>code_start</name>
      <address>0x80000</address>
   </entry_point>
   <input_file_list>
      <input_file id="fl-2">
         <path>.\syscfg\</path>
         <kind>object</kind>
         <file>board.obj</file>
         <name>board.obj</name>
      </input_file>
      <input_file id="fl-3">
         <path>.\syscfg\</path>
         <kind>object</kind>
         <file>c2000ware_libraries.obj</file>
         <name>c2000ware_libraries.obj</name>
      </input_file>
      <input_file id="fl-4">
         <path>.\</path>
         <kind>object</kind>
         <file>selfbalance.obj</file>
         <name>selfbalance.obj</name>
      </input_file>
      <input_file id="fl-5">
         <path>.\HAL\</path>
         <kind>object</kind>
         <file>DLOG_4CH_F.obj</file>
         <name>DLOG_4CH_F.obj</name>
      </input_file>
      <input_file id="fl-6">
         <path>.\HAL\</path>
         <kind>object</kind>
         <file>comm_Elon.obj</file>
         <name>comm_Elon.obj</name>
      </input_file>
      <input_file id="fl-7">
         <path>.\HAL\</path>
         <kind>object</kind>
         <file>hal.obj</file>
         <name>hal.obj</name>
      </input_file>
      <input_file id="fl-8">
         <path>.\device\</path>
         <kind>object</kind>
         <file>F2837xD_CodeStartBranch.obj</file>
         <name>F2837xD_CodeStartBranch.obj</name>
      </input_file>
      <input_file id="fl-9">
         <path>.\device\</path>
         <kind>object</kind>
         <file>device.obj</file>
         <name>device.obj</name>
      </input_file>
      <input_file id="fl-a">
         <path>.\pid\</path>
         <kind>object</kind>
         <file>PID_Elon.obj</file>
         <name>PID_Elon.obj</name>
      </input_file>
      <input_file id="fl-b">
         <path>.\sensorFusion\</path>
         <kind>object</kind>
         <file>IMU6050_Elon.obj</file>
         <name>IMU6050_Elon.obj</name>
      </input_file>
      <input_file id="fl-c">
         <path>.\sensorFusion\</path>
         <kind>object</kind>
         <file>flightmointor.obj</file>
         <name>flightmointor.obj</name>
      </input_file>
      <input_file id="fl-11">
         <kind>object</kind>
         <file>&lt;internal&gt;</file>
         <name>&lt;internal&gt;</name>
      </input_file>
      <input_file id="fl-15">
         <path>C:\ti\c2000\C2000Ware_5_04_00_00\driverlib\f2837xd\driverlib\ccs\Debug\</path>
         <kind>archive</kind>
         <file>driverlib_eabi.lib</file>
         <name>can.obj</name>
      </input_file>
      <input_file id="fl-16">
         <path>C:\ti\c2000\C2000Ware_5_04_00_00\driverlib\f2837xd\driverlib\ccs\Debug\</path>
         <kind>archive</kind>
         <file>driverlib_eabi.lib</file>
         <name>cputimer.obj</name>
      </input_file>
      <input_file id="fl-17">
         <path>C:\ti\c2000\C2000Ware_5_04_00_00\driverlib\f2837xd\driverlib\ccs\Debug\</path>
         <kind>archive</kind>
         <file>driverlib_eabi.lib</file>
         <name>eqep.obj</name>
      </input_file>
      <input_file id="fl-18">
         <path>C:\ti\c2000\C2000Ware_5_04_00_00\driverlib\f2837xd\driverlib\ccs\Debug\</path>
         <kind>archive</kind>
         <file>driverlib_eabi.lib</file>
         <name>flash.obj</name>
      </input_file>
      <input_file id="fl-19">
         <path>C:\ti\c2000\C2000Ware_5_04_00_00\driverlib\f2837xd\driverlib\ccs\Debug\</path>
         <kind>archive</kind>
         <file>driverlib_eabi.lib</file>
         <name>gpio.obj</name>
      </input_file>
      <input_file id="fl-1a">
         <path>C:\ti\c2000\C2000Ware_5_04_00_00\driverlib\f2837xd\driverlib\ccs\Debug\</path>
         <kind>archive</kind>
         <file>driverlib_eabi.lib</file>
         <name>i2c.obj</name>
      </input_file>
      <input_file id="fl-1b">
         <path>C:\ti\c2000\C2000Ware_5_04_00_00\driverlib\f2837xd\driverlib\ccs\Debug\</path>
         <kind>archive</kind>
         <file>driverlib_eabi.lib</file>
         <name>interrupt.obj</name>
      </input_file>
      <input_file id="fl-1c">
         <path>C:\ti\c2000\C2000Ware_5_04_00_00\driverlib\f2837xd\driverlib\ccs\Debug\</path>
         <kind>archive</kind>
         <file>driverlib_eabi.lib</file>
         <name>sci.obj</name>
      </input_file>
      <input_file id="fl-1d">
         <path>C:\ti\c2000\C2000Ware_5_04_00_00\driverlib\f2837xd\driverlib\ccs\Debug\</path>
         <kind>archive</kind>
         <file>driverlib_eabi.lib</file>
         <name>sysctl.obj</name>
      </input_file>
      <input_file id="fl-29">
         <path>C:\ti\ccs1281\ccs\tools\compiler\ti-cgt-c2000_22.6.2.LTS\lib\</path>
         <kind>archive</kind>
         <file>rts2800_fpu32_eabi.lib</file>
         <name>e_asinf.c.obj</name>
      </input_file>
      <input_file id="fl-2a">
         <path>C:\ti\ccs1281\ccs\tools\compiler\ti-cgt-c2000_22.6.2.LTS\lib\</path>
         <kind>archive</kind>
         <file>rts2800_fpu32_eabi.lib</file>
         <name>s_tanf.c.obj</name>
      </input_file>
      <input_file id="fl-2b">
         <path>C:\ti\ccs1281\ccs\tools\compiler\ti-cgt-c2000_22.6.2.LTS\lib\</path>
         <kind>archive</kind>
         <file>rts2800_fpu32_eabi.lib</file>
         <name>e_sqrt.c.obj</name>
      </input_file>
      <input_file id="fl-2c">
         <path>C:\ti\ccs1281\ccs\tools\compiler\ti-cgt-c2000_22.6.2.LTS\lib\</path>
         <kind>archive</kind>
         <file>rts2800_fpu32_eabi.lib</file>
         <name>boot28.asm.obj</name>
      </input_file>
      <input_file id="fl-2d">
         <path>C:\ti\ccs1281\ccs\tools\compiler\ti-cgt-c2000_22.6.2.LTS\lib\</path>
         <kind>archive</kind>
         <file>rts2800_fpu32_eabi.lib</file>
         <name>fd_add28.asm.obj</name>
      </input_file>
      <input_file id="fl-2e">
         <path>C:\ti\ccs1281\ccs\tools\compiler\ti-cgt-c2000_22.6.2.LTS\lib\</path>
         <kind>archive</kind>
         <file>rts2800_fpu32_eabi.lib</file>
         <name>fd_cmp28.asm.obj</name>
      </input_file>
      <input_file id="fl-2f">
         <path>C:\ti\ccs1281\ccs\tools\compiler\ti-cgt-c2000_22.6.2.LTS\lib\</path>
         <kind>archive</kind>
         <file>rts2800_fpu32_eabi.lib</file>
         <name>fd_mpy28.asm.obj</name>
      </input_file>
      <input_file id="fl-30">
         <path>C:\ti\ccs1281\ccs\tools\compiler\ti-cgt-c2000_22.6.2.LTS\lib\</path>
         <kind>archive</kind>
         <file>rts2800_fpu32_eabi.lib</file>
         <name>fd_sub28.asm.obj</name>
      </input_file>
      <input_file id="fl-31">
         <path>C:\ti\ccs1281\ccs\tools\compiler\ti-cgt-c2000_22.6.2.LTS\lib\</path>
         <kind>archive</kind>
         <file>rts2800_fpu32_eabi.lib</file>
         <name>fs_div28.asm.obj</name>
      </input_file>
      <input_file id="fl-32">
         <path>C:\ti\ccs1281\ccs\tools\compiler\ti-cgt-c2000_22.6.2.LTS\lib\</path>
         <kind>archive</kind>
         <file>rts2800_fpu32_eabi.lib</file>
         <name>ll_cmp28.asm.obj</name>
      </input_file>
      <input_file id="fl-33">
         <path>C:\ti\ccs1281\ccs\tools\compiler\ti-cgt-c2000_22.6.2.LTS\lib\</path>
         <kind>archive</kind>
         <file>rts2800_fpu32_eabi.lib</file>
         <name>l_div28.asm.obj</name>
      </input_file>
      <input_file id="fl-34">
         <path>C:\ti\ccs1281\ccs\tools\compiler\ti-cgt-c2000_22.6.2.LTS\lib\</path>
         <kind>archive</kind>
         <file>rts2800_fpu32_eabi.lib</file>
         <name>fs_tofdfpu32.asm.obj</name>
      </input_file>
      <input_file id="fl-35">
         <path>C:\ti\ccs1281\ccs\tools\compiler\ti-cgt-c2000_22.6.2.LTS\lib\</path>
         <kind>archive</kind>
         <file>rts2800_fpu32_eabi.lib</file>
         <name>fd_tofsfpu32.asm.obj</name>
      </input_file>
      <input_file id="fl-36">
         <path>C:\ti\ccs1281\ccs\tools\compiler\ti-cgt-c2000_22.6.2.LTS\lib\</path>
         <kind>archive</kind>
         <file>rts2800_fpu32_eabi.lib</file>
         <name>memcpy.c.obj</name>
      </input_file>
      <input_file id="fl-37">
         <path>C:\ti\ccs1281\ccs\tools\compiler\ti-cgt-c2000_22.6.2.LTS\lib\</path>
         <kind>archive</kind>
         <file>rts2800_fpu32_eabi.lib</file>
         <name>pre_init.c.obj</name>
      </input_file>
      <input_file id="fl-38">
         <path>C:\ti\ccs1281\ccs\tools\compiler\ti-cgt-c2000_22.6.2.LTS\lib\</path>
         <kind>archive</kind>
         <file>rts2800_fpu32_eabi.lib</file>
         <name>autoinit.c.obj</name>
      </input_file>
      <input_file id="fl-39">
         <path>C:\ti\ccs1281\ccs\tools\compiler\ti-cgt-c2000_22.6.2.LTS\lib\</path>
         <kind>archive</kind>
         <file>rts2800_fpu32_eabi.lib</file>
         <name>copy_zero_init.c.obj</name>
      </input_file>
      <input_file id="fl-3a">
         <path>C:\ti\ccs1281\ccs\tools\compiler\ti-cgt-c2000_22.6.2.LTS\lib\</path>
         <kind>archive</kind>
         <file>rts2800_fpu32_eabi.lib</file>
         <name>copy_decompress_none.c.obj</name>
      </input_file>
      <input_file id="fl-3b">
         <path>C:\ti\ccs1281\ccs\tools\compiler\ti-cgt-c2000_22.6.2.LTS\lib\</path>
         <kind>archive</kind>
         <file>rts2800_fpu32_eabi.lib</file>
         <name>copy_decompress_lzss.c.obj</name>
      </input_file>
      <input_file id="fl-3c">
         <path>C:\ti\ccs1281\ccs\tools\compiler\ti-cgt-c2000_22.6.2.LTS\lib\</path>
         <kind>archive</kind>
         <file>rts2800_fpu32_eabi.lib</file>
         <name>exit.c.obj</name>
      </input_file>
      <input_file id="fl-3d">
         <path>C:\ti\ccs1281\ccs\tools\compiler\ti-cgt-c2000_22.6.2.LTS\lib\</path>
         <kind>archive</kind>
         <file>rts2800_fpu32_eabi.lib</file>
         <name>_lock.c.obj</name>
      </input_file>
      <input_file id="fl-3e">
         <path>C:\ti\ccs1281\ccs\tools\compiler\ti-cgt-c2000_22.6.2.LTS\lib\</path>
         <kind>archive</kind>
         <file>rts2800_fpu32_eabi.lib</file>
         <name>args_main.c.obj</name>
      </input_file>
      <input_file id="fl-3f">
         <path>C:\ti\ccs1281\ccs\tools\compiler\ti-cgt-c2000_22.6.2.LTS\lib\</path>
         <kind>archive</kind>
         <file>rts2800_fpu32_eabi.lib</file>
         <name>atof.c.obj</name>
      </input_file>
      <input_file id="fl-40">
         <path>C:\ti\ccs1281\ccs\tools\compiler\ti-cgt-c2000_22.6.2.LTS\lib\</path>
         <kind>archive</kind>
         <file>rts2800_fpu32_eabi.lib</file>
         <name>isalpha.c.obj</name>
      </input_file>
      <input_file id="fl-41">
         <path>C:\ti\ccs1281\ccs\tools\compiler\ti-cgt-c2000_22.6.2.LTS\lib\</path>
         <kind>archive</kind>
         <file>rts2800_fpu32_eabi.lib</file>
         <name>isdigit.c.obj</name>
      </input_file>
      <input_file id="fl-42">
         <path>C:\ti\ccs1281\ccs\tools\compiler\ti-cgt-c2000_22.6.2.LTS\lib\</path>
         <kind>archive</kind>
         <file>rts2800_fpu32_eabi.lib</file>
         <name>memset.c.obj</name>
      </input_file>
      <input_file id="fl-43">
         <path>C:\ti\ccs1281\ccs\tools\compiler\ti-cgt-c2000_22.6.2.LTS\lib\</path>
         <kind>archive</kind>
         <file>rts2800_fpu32_eabi.lib</file>
         <name>strtod.c.obj</name>
      </input_file>
      <input_file id="fl-44">
         <path>C:\ti\ccs1281\ccs\tools\compiler\ti-cgt-c2000_22.6.2.LTS\lib\</path>
         <kind>archive</kind>
         <file>rts2800_fpu32_eabi.lib</file>
         <name>toupper.c.obj</name>
      </input_file>
      <input_file id="fl-45">
         <path>C:\ti\ccs1281\ccs\tools\compiler\ti-cgt-c2000_22.6.2.LTS\lib\</path>
         <kind>archive</kind>
         <file>rts2800_fpu32_eabi.lib</file>
         <name>errno.c.obj</name>
      </input_file>
      <input_file id="fl-46">
         <path>C:\ti\ccs1281\ccs\tools\compiler\ti-cgt-c2000_22.6.2.LTS\lib\</path>
         <kind>archive</kind>
         <file>rts2800_fpu32_eabi.lib</file>
         <name>s_scalbn.c.obj</name>
      </input_file>
      <input_file id="fl-47">
         <path>C:\ti\ccs1281\ccs\tools\compiler\ti-cgt-c2000_22.6.2.LTS\lib\</path>
         <kind>archive</kind>
         <file>rts2800_fpu32_eabi.lib</file>
         <name>fd_neg28.asm.obj</name>
      </input_file>
      <input_file id="fl-48">
         <path>C:\ti\ccs1281\ccs\tools\compiler\ti-cgt-c2000_22.6.2.LTS\lib\</path>
         <kind>archive</kind>
         <file>rts2800_fpu32_eabi.lib</file>
         <name>ll_aox28.asm.obj</name>
      </input_file>
      <input_file id="fl-49">
         <path>C:\ti\ccs1281\ccs\tools\compiler\ti-cgt-c2000_22.6.2.LTS\lib\</path>
         <kind>archive</kind>
         <file>rts2800_fpu32_eabi.lib</file>
         <name>fd_div28.asm.obj</name>
      </input_file>
      <input_file id="fl-4a">
         <path>C:\ti\ccs1281\ccs\tools\compiler\ti-cgt-c2000_22.6.2.LTS\lib\</path>
         <kind>archive</kind>
         <file>rts2800_fpu32_eabi.lib</file>
         <name>cpy_tbl.c.obj</name>
      </input_file>
      <input_file id="fl-4b">
         <path>C:\ti\ccs1281\ccs\tools\compiler\ti-cgt-c2000_22.6.2.LTS\lib\</path>
         <kind>archive</kind>
         <file>rts2800_fpu32_eabi.lib</file>
         <name>startup.c.obj</name>
      </input_file>
      <input_file id="fl-4c">
         <path>C:\ti\ccs1281\ccs\tools\compiler\ti-cgt-c2000_22.6.2.LTS\lib\</path>
         <kind>archive</kind>
         <file>rts2800_fpu32_eabi.lib</file>
         <name>ctype.c.obj</name>
      </input_file>
      <input_file id="fl-4d">
         <path>C:\ti\ccs1281\ccs\tools\compiler\ti-cgt-c2000_22.6.2.LTS\lib\</path>
         <kind>archive</kind>
         <file>rts2800_fpu32_eabi.lib</file>
         <name>s_copysign.c.obj</name>
      </input_file>
   </input_file_list>
   <object_component_list>
      <object_component id="oc-4d6">
         <name>.cinit..data.load</name>
         <load_address>0x80008</load_address>
         <run_address>0x80008</run_address>
         <size>0x15</size>
      </object_component>
      <object_component id="oc-4d3">
         <name>__TI_handler_table</name>
         <load_address>0x8001e</load_address>
         <run_address>0x8001e</run_address>
         <size>0x6</size>
      </object_component>
      <object_component id="oc-4d5">
         <name>.cinit..bss.load</name>
         <load_address>0x80024</load_address>
         <run_address>0x80024</run_address>
         <size>0x4</size>
      </object_component>
      <object_component id="oc-4d4">
         <name>__TI_cinit_table</name>
         <load_address>0x80028</load_address>
         <run_address>0x80028</run_address>
         <size>0x8</size>
      </object_component>
      <object_component id="oc-40">
         <name>.text</name>
         <load_address>0x82000</load_address>
         <run_address>0x82000</run_address>
         <size>0xb18</size>
         <input_file_ref idref="fl-2"/>
      </object_component>
      <object_component id="oc-98">
         <name>.text</name>
         <load_address>0x82b18</load_address>
         <run_address>0x82b18</run_address>
         <size>0x554</size>
         <input_file_ref idref="fl-a"/>
      </object_component>
      <object_component id="oc-8c">
         <name>.text</name>
         <load_address>0x8306c</load_address>
         <run_address>0x8306c</run_address>
         <size>0x547</size>
         <input_file_ref idref="fl-b"/>
      </object_component>
      <object_component id="oc-92">
         <name>.text</name>
         <load_address>0x835b3</load_address>
         <run_address>0x835b3</run_address>
         <size>0x4e7</size>
         <input_file_ref idref="fl-7"/>
      </object_component>
      <object_component id="oc-a4">
         <name>.text</name>
         <load_address>0x83a9a</load_address>
         <run_address>0x83a9a</run_address>
         <size>0x3fc</size>
         <input_file_ref idref="fl-9"/>
      </object_component>
      <object_component id="oc-4c">
         <name>.text</name>
         <load_address>0x83e96</load_address>
         <run_address>0x83e96</run_address>
         <size>0x160</size>
         <input_file_ref idref="fl-4"/>
      </object_component>
      <object_component id="oc-60">
         <name>.text:Interrupt_illegalOperationHandler</name>
         <load_address>0x83ff6</load_address>
         <run_address>0x83ff6</run_address>
         <size>0xa</size>
         <input_file_ref idref="fl-1b"/>
      </object_component>
      <object_component id="oc-127">
         <name>.text</name>
         <load_address>0x84000</load_address>
         <run_address>0x84000</run_address>
         <size>0x382</size>
         <input_file_ref idref="fl-6"/>
      </object_component>
      <object_component id="oc-342">
         <name>.text</name>
         <load_address>0x84382</load_address>
         <run_address>0x84382</run_address>
         <size>0x283</size>
         <input_file_ref idref="fl-43"/>
      </object_component>
      <object_component id="oc-18c">
         <name>.text:SysCtl_setClock</name>
         <load_address>0x84605</load_address>
         <run_address>0x84605</run_address>
         <size>0x209</size>
         <input_file_ref idref="fl-1d"/>
      </object_component>
      <object_component id="oc-16e">
         <name>.text</name>
         <load_address>0x8480e</load_address>
         <run_address>0x8480e</run_address>
         <size>0xf5</size>
         <input_file_ref idref="fl-29"/>
      </object_component>
      <object_component id="oc-285">
         <name>.text</name>
         <load_address>0x84903</load_address>
         <run_address>0x84903</run_address>
         <size>0xde</size>
         <input_file_ref idref="fl-2b"/>
      </object_component>
      <object_component id="oc-c8">
         <name>.text:CAN_setupMessageObject</name>
         <load_address>0x849e1</load_address>
         <run_address>0x849e1</run_address>
         <size>0xdb</size>
         <input_file_ref idref="fl-15"/>
      </object_component>
      <object_component id="oc-48">
         <name>.text:retain</name>
         <load_address>0x84abc</load_address>
         <run_address>0x84abc</run_address>
         <size>0xba</size>
         <input_file_ref idref="fl-4"/>
      </object_component>
      <object_component id="oc-3df">
         <name>.text</name>
         <load_address>0x84b76</load_address>
         <run_address>0x84b76</run_address>
         <size>0xa9</size>
         <input_file_ref idref="fl-46"/>
      </object_component>
      <object_component id="oc-290">
         <name>.text</name>
         <load_address>0x84c1f</load_address>
         <run_address>0x84c1f</run_address>
         <size>0x9c</size>
         <input_file_ref idref="fl-2d"/>
      </object_component>
      <object_component id="oc-3b9">
         <name>.text:SysCtl_selectXTAL</name>
         <load_address>0x84cbb</load_address>
         <run_address>0x84cbb</run_address>
         <size>0x90</size>
         <input_file_ref idref="fl-1d"/>
      </object_component>
      <object_component id="oc-3da">
         <name>.text</name>
         <load_address>0x84d4b</load_address>
         <run_address>0x84d4b</run_address>
         <size>0x8b</size>
         <input_file_ref idref="fl-49"/>
      </object_component>
      <object_component id="oc-279">
         <name>.text</name>
         <load_address>0x84dd6</load_address>
         <run_address>0x84dd6</run_address>
         <size>0x88</size>
         <input_file_ref idref="fl-31"/>
      </object_component>
      <object_component id="oc-28b">
         <name>.text</name>
         <load_address>0x84e5e</load_address>
         <run_address>0x84e5e</run_address>
         <size>0x83</size>
         <input_file_ref idref="fl-2f"/>
      </object_component>
      <object_component id="oc-228">
         <name>.text:CAN_sendMessage</name>
         <load_address>0x84ee1</load_address>
         <run_address>0x84ee1</run_address>
         <size>0x72</size>
         <input_file_ref idref="fl-15"/>
      </object_component>
      <object_component id="oc-186">
         <name>.text:SysCtl_getDeviceParametric</name>
         <load_address>0x84f53</load_address>
         <run_address>0x84f53</run_address>
         <size>0x68</size>
         <input_file_ref idref="fl-1d"/>
      </object_component>
      <object_component id="oc-106">
         <name>.text:CAN_readMessage</name>
         <load_address>0x84fbb</load_address>
         <run_address>0x84fbb</run_address>
         <size>0x66</size>
         <input_file_ref idref="fl-15"/>
      </object_component>
      <object_component id="oc-c2">
         <name>.text:CAN_setBitTiming</name>
         <load_address>0x85021</load_address>
         <run_address>0x85021</run_address>
         <size>0x64</size>
         <input_file_ref idref="fl-15"/>
      </object_component>
      <object_component id="oc-e6">
         <name>.text:I2C_initController</name>
         <load_address>0x85085</load_address>
         <run_address>0x85085</run_address>
         <size>0x64</size>
         <input_file_ref idref="fl-1a"/>
      </object_component>
      <object_component id="oc-15a">
         <name>.text</name>
         <load_address>0x850e9</load_address>
         <run_address>0x850e9</run_address>
         <size>0x62</size>
         <input_file_ref idref="fl-2a"/>
      </object_component>
      <object_component id="oc-b0">
         <name>.text:GPIO_setPadConfig</name>
         <load_address>0x8514b</load_address>
         <run_address>0x8514b</run_address>
         <size>0x52</size>
         <input_file_ref idref="fl-19"/>
      </object_component>
      <object_component id="oc-192">
         <name>.text:SysCtl_getClock</name>
         <load_address>0x8519d</load_address>
         <run_address>0x8519d</run_address>
         <size>0x51</size>
         <input_file_ref idref="fl-1d"/>
      </object_component>
      <object_component id="oc-2f9">
         <name>.text:SysCtl_selectOscSource</name>
         <load_address>0x851ee</load_address>
         <run_address>0x851ee</run_address>
         <size>0x48</size>
         <input_file_ref idref="fl-1d"/>
      </object_component>
      <object_component id="oc-10c">
         <name>.text:CAN_clearInterruptStatus</name>
         <load_address>0x85236</load_address>
         <run_address>0x85236</run_address>
         <size>0x46</size>
         <input_file_ref idref="fl-15"/>
      </object_component>
      <object_component id="oc-f2">
         <name>.text:SCI_clearInterruptStatus</name>
         <load_address>0x8527c</load_address>
         <run_address>0x8527c</run_address>
         <size>0x45</size>
         <input_file_ref idref="fl-1c"/>
      </object_component>
      <object_component id="oc-fe">
         <name>.text:SCI_enableInterrupt</name>
         <load_address>0x852c1</load_address>
         <run_address>0x852c1</run_address>
         <size>0x44</size>
         <input_file_ref idref="fl-1c"/>
      </object_component>
      <object_component id="oc-d4">
         <name>.text:EQEP_setInputPolarity</name>
         <load_address>0x85305</load_address>
         <run_address>0x85305</run_address>
         <size>0x43</size>
         <input_file_ref idref="fl-17"/>
      </object_component>
      <object_component id="oc-14d">
         <name>.text:SCI_writeCharArray</name>
         <load_address>0x85348</load_address>
         <run_address>0x85348</run_address>
         <size>0x41</size>
         <input_file_ref idref="fl-1c"/>
      </object_component>
      <object_component id="oc-f8">
         <name>.text:SCI_setConfig</name>
         <load_address>0x85389</load_address>
         <run_address>0x85389</run_address>
         <size>0x3e</size>
         <input_file_ref idref="fl-1c"/>
      </object_component>
      <object_component id="oc-11a">
         <name>.text:Interrupt_initModule</name>
         <load_address>0x853c7</load_address>
         <run_address>0x853c7</run_address>
         <size>0x3d</size>
         <input_file_ref idref="fl-1b"/>
      </object_component>
      <object_component id="oc-112">
         <name>.text:SCI_readCharArray</name>
         <load_address>0x85404</load_address>
         <run_address>0x85404</run_address>
         <size>0x3b</size>
         <input_file_ref idref="fl-1c"/>
      </object_component>
      <object_component id="oc-e0">
         <name>.text:GPIO_setControllerCore</name>
         <load_address>0x8543f</load_address>
         <run_address>0x8543f</run_address>
         <size>0x37</size>
         <input_file_ref idref="fl-19"/>
      </object_component>
      <object_component id="oc-aa">
         <name>.text:GPIO_setPinConfig</name>
         <load_address>0x85476</load_address>
         <run_address>0x85476</run_address>
         <size>0x37</size>
         <input_file_ref idref="fl-19"/>
      </object_component>
      <object_component id="oc-b6">
         <name>.text:GPIO_setQualificationMode</name>
         <load_address>0x854ad</load_address>
         <run_address>0x854ad</run_address>
         <size>0x37</size>
         <input_file_ref idref="fl-19"/>
      </object_component>
      <object_component id="oc-ec">
         <name>.text:Interrupt_enable</name>
         <load_address>0x854e4</load_address>
         <run_address>0x854e4</run_address>
         <size>0x37</size>
         <input_file_ref idref="fl-1b"/>
      </object_component>
      <object_component id="oc-da">
         <name>.text:GPIO_setDirectionMode</name>
         <load_address>0x8551b</load_address>
         <run_address>0x8551b</run_address>
         <size>0x31</size>
         <input_file_ref idref="fl-19"/>
      </object_component>
      <object_component id="oc-24">
         <name>.text:decompress:lzss</name>
         <load_address>0x8554c</load_address>
         <run_address>0x8554c</run_address>
         <size>0x2e</size>
         <input_file_ref idref="fl-3b"/>
      </object_component>
      <object_component id="oc-353">
         <name>.text:__TI_auto_init_nobinit_nopinit</name>
         <load_address>0x8557a</load_address>
         <run_address>0x8557a</run_address>
         <size>0x2b</size>
         <input_file_ref idref="fl-38"/>
      </object_component>
      <object_component id="oc-395">
         <name>.text</name>
         <load_address>0x855a5</load_address>
         <run_address>0x855a5</run_address>
         <size>0x2a</size>
         <input_file_ref idref="fl-2e"/>
      </object_component>
      <object_component id="oc-265">
         <name>.text</name>
         <load_address>0x855cf</load_address>
         <run_address>0x855cf</run_address>
         <size>0x29</size>
         <input_file_ref idref="fl-3c"/>
      </object_component>
      <object_component id="oc-42c">
         <name>.text:CPUTimer_selectClockSource</name>
         <load_address>0x855f8</load_address>
         <run_address>0x855f8</run_address>
         <size>0x28</size>
         <input_file_ref idref="fl-1d"/>
      </object_component>
      <object_component id="oc-2b8">
         <name>.text:Flash_setBankPowerUpDelay</name>
         <load_address>0x85620</load_address>
         <run_address>0x85620</run_address>
         <size>0x26</size>
         <input_file_ref idref="fl-18"/>
      </object_component>
      <object_component id="oc-45c">
         <name>.text</name>
         <load_address>0x85646</load_address>
         <run_address>0x85646</run_address>
         <size>0x24</size>
         <input_file_ref idref="fl-4d"/>
      </object_component>
      <object_component id="oc-246">
         <name>.text</name>
         <load_address>0x8566a</load_address>
         <run_address>0x8566a</run_address>
         <size>0x23</size>
         <input_file_ref idref="fl-35"/>
      </object_component>
      <object_component id="oc-332">
         <name>.text:CAN_writeDataReg</name>
         <load_address>0x8568d</load_address>
         <run_address>0x8568d</run_address>
         <size>0x22</size>
         <input_file_ref idref="fl-15"/>
      </object_component>
      <object_component id="oc-212">
         <name>.text:SCI_isFIFOEnabled</name>
         <load_address>0x856af</load_address>
         <run_address>0x856af</run_address>
         <size>0x20</size>
         <input_file_ref idref="fl-1c"/>
      </object_component>
      <object_component id="oc-481">
         <name>.text:CPUTimer_getTimerOverflowStatus</name>
         <load_address>0x856cf</load_address>
         <run_address>0x856cf</run_address>
         <size>0x1f</size>
         <input_file_ref idref="fl-1d"/>
      </object_component>
      <object_component id="oc-55">
         <name>.text:Interrupt_initVectorTable</name>
         <load_address>0x856ee</load_address>
         <run_address>0x856ee</run_address>
         <size>0x1e</size>
         <input_file_ref idref="fl-1b"/>
      </object_component>
      <object_component id="oc-6f">
         <name>.text</name>
         <load_address>0x8570c</load_address>
         <run_address>0x8570c</run_address>
         <size>0x1d</size>
         <input_file_ref idref="fl-36"/>
      </object_component>
      <object_component id="oc-bc">
         <name>.text:CAN_initModule</name>
         <load_address>0x85729</load_address>
         <run_address>0x85729</run_address>
         <size>0x1c</size>
         <input_file_ref idref="fl-15"/>
      </object_component>
      <object_component id="oc-280">
         <name>.text</name>
         <load_address>0x85745</load_address>
         <run_address>0x85745</run_address>
         <size>0x1c</size>
         <input_file_ref idref="fl-34"/>
      </object_component>
      <object_component id="oc-20a">
         <name>.text:CAN_readDataReg</name>
         <load_address>0x85761</load_address>
         <run_address>0x85761</run_address>
         <size>0x1b</size>
         <input_file_ref idref="fl-15"/>
      </object_component>
      <object_component id="oc-1ea">
         <name>.text:SCI_isBaseValid</name>
         <load_address>0x8577c</load_address>
         <run_address>0x8577c</run_address>
         <size>0x1b</size>
         <input_file_ref idref="fl-1c"/>
      </object_component>
      <object_component id="oc-1b6">
         <name>.text:CAN_initRAM</name>
         <load_address>0x85797</load_address>
         <run_address>0x85797</run_address>
         <size>0x1a</size>
         <input_file_ref idref="fl-15"/>
      </object_component>
      <object_component id="oc-438">
         <name>.text:CPUTimer_startTimer</name>
         <load_address>0x857b1</load_address>
         <run_address>0x857b1</run_address>
         <size>0x1a</size>
         <input_file_ref idref="fl-1d"/>
      </object_component>
      <object_component id="oc-21e">
         <name>.text:SCI_isDataAvailableNonFIFO</name>
         <load_address>0x857cb</load_address>
         <run_address>0x857cb</run_address>
         <size>0x1a</size>
         <input_file_ref idref="fl-1c"/>
      </object_component>
      <object_component id="oc-272">
         <name>.text:SCI_isSpaceAvailableNonFIFO</name>
         <load_address>0x857e5</load_address>
         <run_address>0x857e5</run_address>
         <size>0x1a</size>
         <input_file_ref idref="fl-1c"/>
      </object_component>
      <object_component id="oc-199">
         <name>.text:SysCtl_getLowSpeedClock</name>
         <load_address>0x857ff</load_address>
         <run_address>0x857ff</run_address>
         <size>0x1a</size>
         <input_file_ref idref="fl-1d"/>
      </object_component>
      <object_component id="oc-167">
         <name>.text:__relaxed_atanf</name>
         <load_address>0x85819</load_address>
         <run_address>0x85819</run_address>
         <size>0x1a</size>
         <input_file_ref idref="fl-4"/>
      </object_component>
      <object_component id="oc-1f9">
         <name>.text:SCI_disableModule</name>
         <load_address>0x85833</load_address>
         <run_address>0x85833</run_address>
         <size>0x18</size>
         <input_file_ref idref="fl-1c"/>
      </object_component>
      <object_component id="oc-1f1">
         <name>.text:SCI_performSoftwareReset</name>
         <load_address>0x8584b</load_address>
         <run_address>0x8584b</run_address>
         <size>0x18</size>
         <input_file_ref idref="fl-1c"/>
      </object_component>
      <object_component id="oc-457">
         <name>.text</name>
         <load_address>0x85863</load_address>
         <run_address>0x85863</run_address>
         <size>0x18</size>
         <input_file_ref idref="fl-48"/>
      </object_component>
      <object_component id="oc-1c0">
         <name>.text:CPUTimer_isBaseValid</name>
         <load_address>0x8587b</load_address>
         <run_address>0x8587b</run_address>
         <size>0x17</size>
         <input_file_ref idref="fl-16"/>
      </object_component>
      <object_component id="oc-475">
         <name>.text:CPUTimer_isBaseValid</name>
         <load_address>0x85892</load_address>
         <run_address>0x85892</run_address>
         <size>0x17</size>
         <input_file_ref idref="fl-1d"/>
      </object_component>
      <object_component id="oc-1c9">
         <name>.text:EQEP_isBaseValid</name>
         <load_address>0x858a9</load_address>
         <run_address>0x858a9</run_address>
         <size>0x17</size>
         <input_file_ref idref="fl-17"/>
      </object_component>
      <object_component id="oc-144">
         <name>.text</name>
         <load_address>0x858c0</load_address>
         <run_address>0x858c0</run_address>
         <size>0x17</size>
         <input_file_ref idref="fl-2c"/>
      </object_component>
      <object_component id="oc-54">
         <name>.text:Interrupt_defaultHandler</name>
         <load_address>0x858d7</load_address>
         <run_address>0x858d7</run_address>
         <size>0x16</size>
         <input_file_ref idref="fl-1b"/>
      </object_component>
      <object_component id="oc-1af">
         <name>.text:CAN_isBaseValid</name>
         <load_address>0x858ed</load_address>
         <run_address>0x858ed</run_address>
         <size>0x15</size>
         <input_file_ref idref="fl-15"/>
      </object_component>
      <object_component id="oc-420">
         <name>.text:CPUTimer_stopTimer</name>
         <load_address>0x85902</load_address>
         <run_address>0x85902</run_address>
         <size>0x14</size>
         <input_file_ref idref="fl-1d"/>
      </object_component>
      <object_component id="oc-218">
         <name>.text:SCI_getRxFIFOStatus</name>
         <load_address>0x85916</load_address>
         <run_address>0x85916</run_address>
         <size>0x14</size>
         <input_file_ref idref="fl-1c"/>
      </object_component>
      <object_component id="oc-26c">
         <name>.text:SCI_getTxFIFOStatus</name>
         <load_address>0x8592a</load_address>
         <run_address>0x8592a</run_address>
         <size>0x14</size>
         <input_file_ref idref="fl-1c"/>
      </object_component>
      <object_component id="oc-ce">
         <name>.text:CPUTimer_setEmulationMode</name>
         <load_address>0x8593e</load_address>
         <run_address>0x8593e</run_address>
         <size>0x13</size>
         <input_file_ref idref="fl-16"/>
      </object_component>
      <object_component id="oc-1d4">
         <name>.text:I2C_isBaseValid</name>
         <load_address>0x85951</load_address>
         <run_address>0x85951</run_address>
         <size>0x13</size>
         <input_file_ref idref="fl-1a"/>
      </object_component>
      <object_component id="oc-1ff">
         <name>.text:SCI_enableModule</name>
         <load_address>0x85964</load_address>
         <run_address>0x85964</run_address>
         <size>0x13</size>
         <input_file_ref idref="fl-1c"/>
      </object_component>
      <object_component id="oc-432">
         <name>.text:CPUTimer_clearOverflowFlag</name>
         <load_address>0x85977</load_address>
         <run_address>0x85977</run_address>
         <size>0x12</size>
         <input_file_ref idref="fl-1d"/>
      </object_component>
      <object_component id="oc-41a">
         <name>.text:CPUTimer_disableInterrupt</name>
         <load_address>0x85989</load_address>
         <run_address>0x85989</run_address>
         <size>0x12</size>
         <input_file_ref idref="fl-1d"/>
      </object_component>
      <object_component id="oc-426">
         <name>.text:CPUTimer_setPeriod</name>
         <load_address>0x8599b</load_address>
         <run_address>0x8599b</run_address>
         <size>0x11</size>
         <input_file_ref idref="fl-1d"/>
      </object_component>
      <object_component id="oc-2ab">
         <name>.text:Flash_isCtrlBaseValid</name>
         <load_address>0x859ac</load_address>
         <run_address>0x859ac</run_address>
         <size>0x10</size>
         <input_file_ref idref="fl-18"/>
      </object_component>
      <object_component id="oc-2b2">
         <name>.text:Flash_isECCBaseValid</name>
         <load_address>0x859bc</load_address>
         <run_address>0x859bc</run_address>
         <size>0x10</size>
         <input_file_ref idref="fl-18"/>
      </object_component>
      <object_component id="oc-43e">
         <name>.text:SysCtl_pollCpuTimer</name>
         <load_address>0x859cc</load_address>
         <run_address>0x859cc</run_address>
         <size>0xf</size>
         <input_file_ref idref="fl-1d"/>
      </object_component>
      <object_component id="oc-234">
         <name>.text</name>
         <load_address>0x859db</load_address>
         <run_address>0x859db</run_address>
         <size>0xf</size>
         <input_file_ref idref="fl-44"/>
      </object_component>
      <object_component id="oc-1a6">
         <name>.text:GPIO_isPinValid</name>
         <load_address>0x859ea</load_address>
         <run_address>0x859ea</run_address>
         <size>0xe</size>
         <input_file_ref idref="fl-19"/>
      </object_component>
      <object_component id="oc-298">
         <name>.text</name>
         <load_address>0x859f8</load_address>
         <run_address>0x859f8</run_address>
         <size>0xe</size>
         <input_file_ref idref="fl-30"/>
      </object_component>
      <object_component id="oc-1dd">
         <name>.text:Interrupt_disableGlobal</name>
         <load_address>0x85a06</load_address>
         <run_address>0x85a06</run_address>
         <size>0xd</size>
         <input_file_ref idref="fl-1b"/>
      </object_component>
      <object_component id="oc-1e3">
         <name>.text:Interrupt_enableGlobal</name>
         <load_address>0x85a13</load_address>
         <run_address>0x85a13</run_address>
         <size>0xd</size>
         <input_file_ref idref="fl-1b"/>
      </object_component>
      <object_component id="oc-77">
         <name>.text:decompress:ZI:__TI_zero_init_nomemset</name>
         <load_address>0x85a20</load_address>
         <run_address>0x85a20</run_address>
         <size>0xd</size>
         <input_file_ref idref="fl-39"/>
      </object_component>
      <object_component id="oc-25f">
         <name>.text</name>
         <load_address>0x85a2d</load_address>
         <run_address>0x85a2d</run_address>
         <size>0xc</size>
         <input_file_ref idref="fl-3e"/>
      </object_component>
      <object_component id="oc-2f3">
         <name>.text:SysCtl_isMCDClockFailureDetected</name>
         <load_address>0x85a39</load_address>
         <run_address>0x85a39</run_address>
         <size>0xb</size>
         <input_file_ref idref="fl-1d"/>
      </object_component>
      <object_component id="oc-160">
         <name>.text:__relaxed_cosf</name>
         <load_address>0x85a44</load_address>
         <run_address>0x85a44</run_address>
         <size>0xb</size>
         <input_file_ref idref="fl-4"/>
      </object_component>
      <object_component id="oc-153">
         <name>.text:__relaxed_sinf</name>
         <load_address>0x85a4f</load_address>
         <run_address>0x85a4f</run_address>
         <size>0xb</size>
         <input_file_ref idref="fl-4"/>
      </object_component>
      <object_component id="oc-22e">
         <name>.text</name>
         <load_address>0x85a5a</load_address>
         <run_address>0x85a5a</run_address>
         <size>0xb</size>
         <input_file_ref idref="fl-40"/>
      </object_component>
      <object_component id="oc-23a">
         <name>.text</name>
         <load_address>0x85a65</load_address>
         <run_address>0x85a65</run_address>
         <size>0xb</size>
         <input_file_ref idref="fl-41"/>
      </object_component>
      <object_component id="oc-66">
         <name>.text:Interrupt_nmiHandler</name>
         <load_address>0x85a70</load_address>
         <run_address>0x85a70</run_address>
         <size>0xa</size>
         <input_file_ref idref="fl-1b"/>
      </object_component>
      <object_component id="oc-2ff">
         <name>.text:SysCtl_serviceWatchdog</name>
         <load_address>0x85a7a</load_address>
         <run_address>0x85a7a</run_address>
         <size>0x9</size>
         <input_file_ref idref="fl-1d"/>
      </object_component>
      <object_component id="oc-407">
         <name>.text</name>
         <load_address>0x85a83</load_address>
         <run_address>0x85a83</run_address>
         <size>0x9</size>
         <input_file_ref idref="fl-3d"/>
      </object_component>
      <object_component id="oc-3d2">
         <name>.text</name>
         <load_address>0x85a8c</load_address>
         <run_address>0x85a8c</run_address>
         <size>0x9</size>
         <input_file_ref idref="fl-47"/>
      </object_component>
      <object_component id="oc-83">
         <name>.text</name>
         <load_address>0x85a95</load_address>
         <run_address>0x85a95</run_address>
         <size>0x8</size>
         <input_file_ref idref="fl-8"/>
      </object_component>
      <object_component id="oc-2a">
         <name>.text:decompress:none</name>
         <load_address>0x85a9d</load_address>
         <run_address>0x85a9d</run_address>
         <size>0x8</size>
         <input_file_ref idref="fl-3a"/>
      </object_component>
      <object_component id="oc-444">
         <name>.text:SysCtl_resetMCD</name>
         <load_address>0x85aa5</load_address>
         <run_address>0x85aa5</run_address>
         <size>0x7</size>
         <input_file_ref idref="fl-1d"/>
      </object_component>
      <object_component id="oc-240">
         <name>.text</name>
         <load_address>0x85aac</load_address>
         <run_address>0x85aac</run_address>
         <size>0x4</size>
         <input_file_ref idref="fl-3f"/>
      </object_component>
      <object_component id="oc-258">
         <name>.text</name>
         <load_address>0x85ab0</load_address>
         <run_address>0x85ab0</run_address>
         <size>0x2</size>
         <input_file_ref idref="fl-37"/>
      </object_component>
      <object_component id="oc-121">
         <name>.text</name>
         <load_address>0x85ab2</load_address>
         <run_address>0x85ab2</run_address>
         <size>0x1</size>
         <input_file_ref idref="fl-3"/>
      </object_component>
      <object_component id="oc-3ed">
         <name>.text</name>
         <load_address>0x85ab3</load_address>
         <run_address>0x85ab3</run_address>
         <size>0x1</size>
         <input_file_ref idref="fl-4b"/>
      </object_component>
      <object_component id="oc-31">
         <name>codestart</name>
         <load_address>0x80000</load_address>
         <run_address>0x80000</run_address>
         <size>0x2</size>
         <input_file_ref idref="fl-8"/>
      </object_component>
      <object_component id="oc-6c">
         <name>.stack</name>
         <uninitialized>true</uninitialized>
         <run_address>0x400</run_address>
         <size>0x0</size>
         <input_file_ref idref="fl-2c"/>
      </object_component>
      <object_component id="oc-4d7">
         <name>.stack</name>
         <uninitialized>true</uninitialized>
         <run_address>0x400</run_address>
         <size>0x0</size>
      </object_component>
      <object_component id="oc-89">
         <name>.bss</name>
         <uninitialized>true</uninitialized>
         <run_address>0xa800</run_address>
         <size>0x176</size>
         <input_file_ref idref="fl-4"/>
      </object_component>
      <object_component id="oc-9e">
         <name>.data</name>
         <load_address>0xa980</load_address>
         <run_address>0xa980</run_address>
         <size>0xe</size>
         <input_file_ref idref="fl-4"/>
      </object_component>
      <object_component id="oc-19f">
         <name>.data</name>
         <load_address>0xa976</load_address>
         <run_address>0xa976</run_address>
         <size>0x6</size>
         <input_file_ref idref="fl-9"/>
      </object_component>
      <object_component id="oc-385">
         <name>.data</name>
         <load_address>0xa98e</load_address>
         <run_address>0xa98e</run_address>
         <size>0x6</size>
         <input_file_ref idref="fl-3c"/>
      </object_component>
      <object_component id="oc-388">
         <name>.data:_lock</name>
         <load_address>0xa97c</load_address>
         <run_address>0xa97c</run_address>
         <size>0x2</size>
         <input_file_ref idref="fl-3d"/>
      </object_component>
      <object_component id="oc-46e">
         <name>.data:_unlock</name>
         <load_address>0xa97e</load_address>
         <run_address>0xa97e</run_address>
         <size>0x2</size>
         <input_file_ref idref="fl-3d"/>
      </object_component>
      <object_component id="oc-29d">
         <name>.data</name>
         <load_address>0xa994</load_address>
         <run_address>0xa994</run_address>
         <size>0x1</size>
         <input_file_ref idref="fl-45"/>
      </object_component>
      <object_component id="oc-a3">
         <name>.const:.string</name>
         <load_address>0x90000</load_address>
         <run_address>0x90000</run_address>
         <size>0x19b</size>
         <input_file_ref idref="fl-2"/>
      </object_component>
      <object_component id="oc-339">
         <name>.const:.string:_ctypes_</name>
         <load_address>0x9019b</load_address>
         <run_address>0x9019b</run_address>
         <size>0x101</size>
         <input_file_ref idref="fl-4c"/>
      </object_component>
      <object_component id="oc-176">
         <name>.const:.string</name>
         <load_address>0x9029c</load_address>
         <run_address>0x9029c</run_address>
         <size>0xcc</size>
         <input_file_ref idref="fl-7"/>
      </object_component>
      <object_component id="oc-2f2">
         <name>.const:.string</name>
         <load_address>0x90368</load_address>
         <run_address>0x90368</run_address>
         <size>0xc2</size>
         <input_file_ref idref="fl-1d"/>
      </object_component>
      <object_component id="oc-2b1">
         <name>.const:.string</name>
         <load_address>0x9042a</load_address>
         <run_address>0x9042a</run_address>
         <size>0xbf</size>
         <input_file_ref idref="fl-18"/>
      </object_component>
      <object_component id="oc-1ac">
         <name>.const:.string</name>
         <load_address>0x904ea</load_address>
         <run_address>0x904ea</run_address>
         <size>0xbc</size>
         <input_file_ref idref="fl-19"/>
      </object_component>
      <object_component id="oc-1b5">
         <name>.const:.string</name>
         <load_address>0x905a6</load_address>
         <run_address>0x905a6</run_address>
         <size>0xbb</size>
         <input_file_ref idref="fl-15"/>
      </object_component>
      <object_component id="oc-1f0">
         <name>.const:.string</name>
         <load_address>0x90662</load_address>
         <run_address>0x90662</run_address>
         <size>0xbb</size>
         <input_file_ref idref="fl-1c"/>
      </object_component>
      <object_component id="oc-119">
         <name>.const:.string</name>
         <load_address>0x9071e</load_address>
         <run_address>0x9071e</run_address>
         <size>0x87</size>
         <input_file_ref idref="fl-4"/>
      </object_component>
      <object_component id="oc-14c">
         <name>.const:.string</name>
         <load_address>0x907a6</load_address>
         <run_address>0x907a6</run_address>
         <size>0x78</size>
         <input_file_ref idref="fl-b"/>
      </object_component>
      <object_component id="oc-1c6">
         <name>.const:.string</name>
         <load_address>0x9081e</load_address>
         <run_address>0x9081e</run_address>
         <size>0x62</size>
         <input_file_ref idref="fl-16"/>
      </object_component>
      <object_component id="oc-1cf">
         <name>.const:.string</name>
         <load_address>0x90880</load_address>
         <run_address>0x90880</run_address>
         <size>0x5e</size>
         <input_file_ref idref="fl-17"/>
      </object_component>
      <object_component id="oc-1da">
         <name>.const:.string</name>
         <load_address>0x908de</load_address>
         <run_address>0x908de</run_address>
         <size>0x5d</size>
         <input_file_ref idref="fl-1a"/>
      </object_component>
      <object_component id="oc-3ce">
         <name>.const:digits</name>
         <load_address>0x9093c</load_address>
         <run_address>0x9093c</run_address>
         <size>0x40</size>
         <input_file_ref idref="fl-43"/>
      </object_component>
      <object_component id="oc-3d7">
         <name>.const:powerof10</name>
         <load_address>0x9097c</load_address>
         <run_address>0x9097c</run_address>
         <size>0x24</size>
         <input_file_ref idref="fl-43"/>
      </object_component>
      <object_component id="oc-454">
         <name>.const</name>
         <load_address>0x909a0</load_address>
         <run_address>0x909a0</run_address>
         <size>0x1c</size>
         <input_file_ref idref="fl-46"/>
      </object_component>
      <object_component id="oc-295">
         <name>.const</name>
         <load_address>0x909c0</load_address>
         <run_address>0x909c0</run_address>
         <size>0x14</size>
         <input_file_ref idref="fl-29"/>
      </object_component>
      <object_component id="oc-198">
         <name>.const:.string</name>
         <load_address>0x909d4</load_address>
         <run_address>0x909d4</run_address>
         <size>0x13</size>
         <input_file_ref idref="fl-9"/>
      </object_component>
      <object_component id="oc-394">
         <name>.const</name>
         <load_address>0x909e8</load_address>
         <run_address>0x909e8</run_address>
         <size>0xc</size>
         <input_file_ref idref="fl-2b"/>
      </object_component>
      <object_component id="oc-3d1">
         <name>.const</name>
         <load_address>0x909f4</load_address>
         <run_address>0x909f4</run_address>
         <size>0xc</size>
         <input_file_ref idref="fl-43"/>
      </object_component>
      <object_component id="oc-3c">
         <name>.TI.ramfunc:retain</name>
         <load_address>0x86000</load_address>
         <run_address>0x8000</run_address>
         <size>0x142</size>
         <input_file_ref idref="fl-4"/>
      </object_component>
      <object_component id="oc-180">
         <name>.TI.ramfunc:Flash_initModule</name>
         <load_address>0x86142</load_address>
         <run_address>0x8142</run_address>
         <size>0x43</size>
         <input_file_ref idref="fl-18"/>
      </object_component>
      <object_component id="oc-2be">
         <name>.TI.ramfunc:Flash_setBankPowerMode</name>
         <load_address>0x86185</load_address>
         <run_address>0x8185</run_address>
         <size>0x2c</size>
         <input_file_ref idref="fl-18"/>
      </object_component>
      <object_component id="oc-2d6">
         <name>.TI.ramfunc:Flash_setWaitstates</name>
         <load_address>0x861b1</load_address>
         <run_address>0x81b1</run_address>
         <size>0x24</size>
         <input_file_ref idref="fl-18"/>
      </object_component>
      <object_component id="oc-2c4">
         <name>.TI.ramfunc:Flash_setPumpPowerMode</name>
         <load_address>0x861d5</load_address>
         <run_address>0x81d5</run_address>
         <size>0x1d</size>
         <input_file_ref idref="fl-18"/>
      </object_component>
      <object_component id="oc-2ca">
         <name>.TI.ramfunc:Flash_disableCache</name>
         <load_address>0x861f2</load_address>
         <run_address>0x81f2</run_address>
         <size>0x18</size>
         <input_file_ref idref="fl-18"/>
      </object_component>
      <object_component id="oc-2d0">
         <name>.TI.ramfunc:Flash_disablePrefetch</name>
         <load_address>0x8620a</load_address>
         <run_address>0x820a</run_address>
         <size>0x18</size>
         <input_file_ref idref="fl-18"/>
      </object_component>
      <object_component id="oc-2dc">
         <name>.TI.ramfunc:Flash_enableCache</name>
         <load_address>0x86222</load_address>
         <run_address>0x8222</run_address>
         <size>0x17</size>
         <input_file_ref idref="fl-18"/>
      </object_component>
      <object_component id="oc-2e2">
         <name>.TI.ramfunc:Flash_enablePrefetch</name>
         <load_address>0x86239</load_address>
         <run_address>0x8239</run_address>
         <size>0x17</size>
         <input_file_ref idref="fl-18"/>
      </object_component>
      <object_component id="oc-2e8">
         <name>.TI.ramfunc:Flash_enableECC</name>
         <load_address>0x86250</load_address>
         <run_address>0x8250</run_address>
         <size>0x16</size>
         <input_file_ref idref="fl-18"/>
      </object_component>
      <object_component id="oc-120">
         <name>.TI.ramfunc</name>
         <load_address>0x86266</load_address>
         <run_address>0x8266</run_address>
         <size>0x4</size>
         <input_file_ref idref="fl-1d"/>
      </object_component>
      <object_component id="oc-105">
         <name>.debug_types</name>
         <load_address>0x0</load_address>
         <run_address>0x0</run_address>
         <size>0x2426</size>
         <input_file_ref idref="fl-2"/>
      </object_component>
      <object_component id="oc-227">
         <name>.debug_types</name>
         <load_address>0x0</load_address>
         <run_address>0x0</run_address>
         <size>0x0</size>
         <input_file_ref idref="fl-3"/>
      </object_component>
      <object_component id="oc-a2">
         <name>.debug_types</name>
         <load_address>0x2426</load_address>
         <run_address>0x2426</run_address>
         <size>0x168c</size>
         <input_file_ref idref="fl-4"/>
      </object_component>
      <object_component id="oc-24c">
         <name>.debug_types</name>
         <load_address>0x3ab2</load_address>
         <run_address>0x3ab2</run_address>
         <size>0x131</size>
         <input_file_ref idref="fl-6"/>
      </object_component>
      <object_component id="oc-178">
         <name>.debug_types</name>
         <load_address>0x3be3</load_address>
         <run_address>0x3be3</run_address>
         <size>0xb0</size>
         <input_file_ref idref="fl-7"/>
      </object_component>
      <object_component id="oc-1a3">
         <name>.debug_types</name>
         <load_address>0x3c93</load_address>
         <run_address>0x3c93</run_address>
         <size>0xdc7</size>
         <input_file_ref idref="fl-9"/>
      </object_component>
      <object_component id="oc-17a">
         <name>.debug_types</name>
         <load_address>0x4a5a</load_address>
         <run_address>0x4a5a</run_address>
         <size>0x2b</size>
         <input_file_ref idref="fl-a"/>
      </object_component>
      <object_component id="oc-175">
         <name>.debug_types</name>
         <load_address>0x4a85</load_address>
         <run_address>0x4a85</run_address>
         <size>0x5a</size>
         <input_file_ref idref="fl-b"/>
      </object_component>
      <object_component id="oc-1bd">
         <name>.debug_types</name>
         <load_address>0x4adf</load_address>
         <run_address>0x4adf</run_address>
         <size>0xdf</size>
         <input_file_ref idref="fl-15"/>
      </object_component>
      <object_component id="oc-1c8">
         <name>.debug_types</name>
         <load_address>0x0</load_address>
         <run_address>0x0</run_address>
         <size>0x0</size>
         <input_file_ref idref="fl-16"/>
      </object_component>
      <object_component id="oc-1d1">
         <name>.debug_types</name>
         <load_address>0x0</load_address>
         <run_address>0x0</run_address>
         <size>0x0</size>
         <input_file_ref idref="fl-17"/>
      </object_component>
      <object_component id="oc-2ef">
         <name>.debug_types</name>
         <load_address>0x4bbe</load_address>
         <run_address>0x4bbe</run_address>
         <size>0x1d7</size>
         <input_file_ref idref="fl-18"/>
      </object_component>
      <object_component id="oc-1a5">
         <name>.debug_types</name>
         <load_address>0x4d95</load_address>
         <run_address>0x4d95</run_address>
         <size>0x2c4</size>
         <input_file_ref idref="fl-19"/>
      </object_component>
      <object_component id="oc-1dc">
         <name>.debug_types</name>
         <load_address>0x0</load_address>
         <run_address>0x0</run_address>
         <size>0x0</size>
         <input_file_ref idref="fl-1a"/>
      </object_component>
      <object_component id="oc-12f">
         <name>.debug_types</name>
         <load_address>0x0</load_address>
         <run_address>0x0</run_address>
         <size>0x0</size>
         <input_file_ref idref="fl-1b"/>
      </object_component>
      <object_component id="oc-1f8">
         <name>.debug_types</name>
         <load_address>0x0</load_address>
         <run_address>0x0</run_address>
         <size>0x0</size>
         <input_file_ref idref="fl-1c"/>
      </object_component>
      <object_component id="oc-2f1">
         <name>.debug_types</name>
         <load_address>0x5059</load_address>
         <run_address>0x5059</run_address>
         <size>0x21d</size>
         <input_file_ref idref="fl-1d"/>
      </object_component>
      <object_component id="oc-2a1">
         <name>.debug_types</name>
         <load_address>0x5276</load_address>
         <run_address>0x5276</run_address>
         <size>0xbc</size>
         <input_file_ref idref="fl-29"/>
      </object_component>
      <object_component id="oc-27f">
         <name>.debug_types</name>
         <load_address>0x0</load_address>
         <run_address>0x0</run_address>
         <size>0x0</size>
         <input_file_ref idref="fl-2a"/>
      </object_component>
      <object_component id="oc-39b">
         <name>.debug_types</name>
         <load_address>0x0</load_address>
         <run_address>0x0</run_address>
         <size>0x0</size>
         <input_file_ref idref="fl-2b"/>
      </object_component>
      <object_component id="oc-137">
         <name>.debug_types</name>
         <load_address>0x5332</load_address>
         <run_address>0x5332</run_address>
         <size>0xb4</size>
         <input_file_ref idref="fl-36"/>
      </object_component>
      <object_component id="oc-352">
         <name>.debug_types</name>
         <load_address>0x0</load_address>
         <run_address>0x0</run_address>
         <size>0x0</size>
         <input_file_ref idref="fl-37"/>
      </object_component>
      <object_component id="oc-3f4">
         <name>.debug_types</name>
         <load_address>0x53e6</load_address>
         <run_address>0x53e6</run_address>
         <size>0x441</size>
         <input_file_ref idref="fl-38"/>
      </object_component>
      <object_component id="oc-13c">
         <name>.debug_types</name>
         <load_address>0x5827</load_address>
         <run_address>0x5827</run_address>
         <size>0x169</size>
         <input_file_ref idref="fl-39"/>
      </object_component>
      <object_component id="oc-76">
         <name>.debug_types</name>
         <load_address>0x0</load_address>
         <run_address>0x0</run_address>
         <size>0x0</size>
         <input_file_ref idref="fl-3a"/>
      </object_component>
      <object_component id="oc-6e">
         <name>.debug_types</name>
         <load_address>0x5990</load_address>
         <run_address>0x5990</run_address>
         <size>0x191</size>
         <input_file_ref idref="fl-3b"/>
      </object_component>
      <object_component id="oc-38c">
         <name>.debug_types</name>
         <load_address>0x5b21</load_address>
         <run_address>0x5b21</run_address>
         <size>0xbf</size>
         <input_file_ref idref="fl-3c"/>
      </object_component>
      <object_component id="oc-40f">
         <name>.debug_types</name>
         <load_address>0x5be0</load_address>
         <run_address>0x5be0</run_address>
         <size>0x2f</size>
         <input_file_ref idref="fl-3d"/>
      </object_component>
      <object_component id="oc-384">
         <name>.debug_types</name>
         <load_address>0x5c0f</load_address>
         <run_address>0x5c0f</run_address>
         <size>0xe1</size>
         <input_file_ref idref="fl-3e"/>
      </object_component>
      <object_component id="oc-349">
         <name>.debug_types</name>
         <load_address>0x5cf0</load_address>
         <run_address>0x5cf0</run_address>
         <size>0x5e</size>
         <input_file_ref idref="fl-3f"/>
      </object_component>
      <object_component id="oc-33d">
         <name>.debug_types</name>
         <load_address>0x5d4e</load_address>
         <run_address>0x5d4e</run_address>
         <size>0x34</size>
         <input_file_ref idref="fl-40"/>
      </object_component>
      <object_component id="oc-341">
         <name>.debug_types</name>
         <load_address>0x0</load_address>
         <run_address>0x0</run_address>
         <size>0x0</size>
         <input_file_ref idref="fl-41"/>
      </object_component>
      <object_component id="oc-3e6">
         <name>.debug_types</name>
         <load_address>0x5d82</load_address>
         <run_address>0x5d82</run_address>
         <size>0xfb</size>
         <input_file_ref idref="fl-43"/>
      </object_component>
      <object_component id="oc-33f">
         <name>.debug_types</name>
         <load_address>0x0</load_address>
         <run_address>0x0</run_address>
         <size>0x0</size>
         <input_file_ref idref="fl-44"/>
      </object_component>
      <object_component id="oc-3a3">
         <name>.debug_types</name>
         <load_address>0x0</load_address>
         <run_address>0x0</run_address>
         <size>0x0</size>
         <input_file_ref idref="fl-45"/>
      </object_component>
      <object_component id="oc-463">
         <name>.debug_types</name>
         <load_address>0x5e7d</load_address>
         <run_address>0x5e7d</run_address>
         <size>0x38</size>
         <input_file_ref idref="fl-46"/>
      </object_component>
      <object_component id="oc-468">
         <name>.debug_types</name>
         <load_address>0x0</load_address>
         <run_address>0x0</run_address>
         <size>0x0</size>
         <input_file_ref idref="fl-4b"/>
      </object_component>
      <object_component id="oc-3c4">
         <name>.debug_types</name>
         <load_address>0x0</load_address>
         <run_address>0x0</run_address>
         <size>0x0</size>
         <input_file_ref idref="fl-4c"/>
      </object_component>
      <object_component id="oc-48d">
         <name>.debug_types</name>
         <load_address>0x0</load_address>
         <run_address>0x0</run_address>
         <size>0x0</size>
         <input_file_ref idref="fl-4d"/>
      </object_component>
      <object_component id="oc-42">
         <name>.debug_info</name>
         <load_address>0x0</load_address>
         <run_address>0x0</run_address>
         <size>0x5a93</size>
         <input_file_ref idref="fl-2"/>
      </object_component>
      <object_component id="oc-122">
         <name>.debug_info</name>
         <load_address>0x5a93</load_address>
         <run_address>0x5a93</run_address>
         <size>0x144</size>
         <input_file_ref idref="fl-3"/>
      </object_component>
      <object_component id="oc-8a">
         <name>.debug_info</name>
         <load_address>0x5bd7</load_address>
         <run_address>0x5bd7</run_address>
         <size>0x448</size>
         <input_file_ref idref="fl-4"/>
      </object_component>
      <object_component id="oc-9f">
         <name>.debug_info</name>
         <load_address>0x601f</load_address>
         <run_address>0x601f</run_address>
         <size>0xee</size>
         <input_file_ref idref="fl-4"/>
      </object_component>
      <object_component id="oc-4d">
         <name>.debug_info</name>
         <load_address>0x610d</load_address>
         <run_address>0x610d</run_address>
         <size>0x9ae</size>
         <input_file_ref idref="fl-4"/>
      </object_component>
      <object_component id="oc-154">
         <name>.debug_info</name>
         <load_address>0x6abb</load_address>
         <run_address>0x6abb</run_address>
         <size>0x175</size>
         <input_file_ref idref="fl-4"/>
      </object_component>
      <object_component id="oc-161">
         <name>.debug_info</name>
         <load_address>0x6c30</load_address>
         <run_address>0x6c30</run_address>
         <size>0x175</size>
         <input_file_ref idref="fl-4"/>
      </object_component>
      <object_component id="oc-168">
         <name>.debug_info</name>
         <load_address>0x6da5</load_address>
         <run_address>0x6da5</run_address>
         <size>0x177</size>
         <input_file_ref idref="fl-4"/>
      </object_component>
      <object_component id="oc-3d">
         <name>.debug_info</name>
         <load_address>0x6f1c</load_address>
         <run_address>0x6f1c</run_address>
         <size>0x28a</size>
         <input_file_ref idref="fl-4"/>
      </object_component>
      <object_component id="oc-49">
         <name>.debug_info</name>
         <load_address>0x71a6</load_address>
         <run_address>0x71a6</run_address>
         <size>0x290</size>
         <input_file_ref idref="fl-4"/>
      </object_component>
      <object_component id="oc-128">
         <name>.debug_info</name>
         <load_address>0x7436</load_address>
         <run_address>0x7436</run_address>
         <size>0x6fd</size>
         <input_file_ref idref="fl-6"/>
      </object_component>
      <object_component id="oc-93">
         <name>.debug_info</name>
         <load_address>0x7b33</load_address>
         <run_address>0x7b33</run_address>
         <size>0x1723</size>
         <input_file_ref idref="fl-7"/>
      </object_component>
      <object_component id="oc-33">
         <name>.debug_info</name>
         <load_address>0x9256</load_address>
         <run_address>0x9256</run_address>
         <size>0x111</size>
         <input_file_ref idref="fl-8"/>
      </object_component>
      <object_component id="oc-86">
         <name>.debug_info</name>
         <load_address>0x9367</load_address>
         <run_address>0x9367</run_address>
         <size>0x112</size>
         <input_file_ref idref="fl-8"/>
      </object_component>
      <object_component id="oc-1a0">
         <name>.debug_info</name>
         <load_address>0x9479</load_address>
         <run_address>0x9479</run_address>
         <size>0x15c</size>
         <input_file_ref idref="fl-9"/>
      </object_component>
      <object_component id="oc-a6">
         <name>.debug_info</name>
         <load_address>0x95d5</load_address>
         <run_address>0x95d5</run_address>
         <size>0x1c67</size>
         <input_file_ref idref="fl-9"/>
      </object_component>
      <object_component id="oc-99">
         <name>.debug_info</name>
         <load_address>0xb23c</load_address>
         <run_address>0xb23c</run_address>
         <size>0x9b4</size>
         <input_file_ref idref="fl-a"/>
      </object_component>
      <object_component id="oc-8e">
         <name>.debug_info</name>
         <load_address>0xbbf0</load_address>
         <run_address>0xbbf0</run_address>
         <size>0x1482</size>
         <input_file_ref idref="fl-b"/>
      </object_component>
      <object_component id="oc-1b0">
         <name>.debug_info</name>
         <load_address>0xd072</load_address>
         <run_address>0xd072</run_address>
         <size>0x207</size>
         <input_file_ref idref="fl-15"/>
      </object_component>
      <object_component id="oc-333">
         <name>.debug_info</name>
         <load_address>0xd279</load_address>
         <run_address>0xd279</run_address>
         <size>0x26c</size>
         <input_file_ref idref="fl-15"/>
      </object_component>
      <object_component id="oc-20b">
         <name>.debug_info</name>
         <load_address>0xd4e5</load_address>
         <run_address>0xd4e5</run_address>
         <size>0x25b</size>
         <input_file_ref idref="fl-15"/>
      </object_component>
      <object_component id="oc-1b7">
         <name>.debug_info</name>
         <load_address>0xd740</load_address>
         <run_address>0xd740</run_address>
         <size>0x21b</size>
         <input_file_ref idref="fl-15"/>
      </object_component>
      <object_component id="oc-bd">
         <name>.debug_info</name>
         <load_address>0xd95b</load_address>
         <run_address>0xd95b</run_address>
         <size>0x242</size>
         <input_file_ref idref="fl-15"/>
      </object_component>
      <object_component id="oc-c3">
         <name>.debug_info</name>
         <load_address>0xdb9d</load_address>
         <run_address>0xdb9d</run_address>
         <size>0x333</size>
         <input_file_ref idref="fl-15"/>
      </object_component>
      <object_component id="oc-10d">
         <name>.debug_info</name>
         <load_address>0xded0</load_address>
         <run_address>0xded0</run_address>
         <size>0x255</size>
         <input_file_ref idref="fl-15"/>
      </object_component>
      <object_component id="oc-c9">
         <name>.debug_info</name>
         <load_address>0xe125</load_address>
         <run_address>0xe125</run_address>
         <size>0x349</size>
         <input_file_ref idref="fl-15"/>
      </object_component>
      <object_component id="oc-229">
         <name>.debug_info</name>
         <load_address>0xe46e</load_address>
         <run_address>0xe46e</run_address>
         <size>0x2d8</size>
         <input_file_ref idref="fl-15"/>
      </object_component>
      <object_component id="oc-107">
         <name>.debug_info</name>
         <load_address>0xe746</load_address>
         <run_address>0xe746</run_address>
         <size>0x2af</size>
         <input_file_ref idref="fl-15"/>
      </object_component>
      <object_component id="oc-1c3">
         <name>.debug_info</name>
         <load_address>0xe9f5</load_address>
         <run_address>0xe9f5</run_address>
         <size>0x219</size>
         <input_file_ref idref="fl-16"/>
      </object_component>
      <object_component id="oc-d0">
         <name>.debug_info</name>
         <load_address>0xec0e</load_address>
         <run_address>0xec0e</run_address>
         <size>0x265</size>
         <input_file_ref idref="fl-16"/>
      </object_component>
      <object_component id="oc-1cd">
         <name>.debug_info</name>
         <load_address>0xee73</load_address>
         <run_address>0xee73</run_address>
         <size>0x20b</size>
         <input_file_ref idref="fl-17"/>
      </object_component>
      <object_component id="oc-d7">
         <name>.debug_info</name>
         <load_address>0xf07e</load_address>
         <run_address>0xf07e</run_address>
         <size>0x2bb</size>
         <input_file_ref idref="fl-17"/>
      </object_component>
      <object_component id="oc-2af">
         <name>.debug_info</name>
         <load_address>0xf339</load_address>
         <run_address>0xf339</run_address>
         <size>0x21d</size>
         <input_file_ref idref="fl-18"/>
      </object_component>
      <object_component id="oc-2b6">
         <name>.debug_info</name>
         <load_address>0xf556</load_address>
         <run_address>0xf556</run_address>
         <size>0x219</size>
         <input_file_ref idref="fl-18"/>
      </object_component>
      <object_component id="oc-2da">
         <name>.debug_info</name>
         <load_address>0xf76f</load_address>
         <run_address>0xf76f</run_address>
         <size>0x279</size>
         <input_file_ref idref="fl-18"/>
      </object_component>
      <object_component id="oc-2c2">
         <name>.debug_info</name>
         <load_address>0xf9e8</load_address>
         <run_address>0xf9e8</run_address>
         <size>0x28f</size>
         <input_file_ref idref="fl-18"/>
      </object_component>
      <object_component id="oc-2c8">
         <name>.debug_info</name>
         <load_address>0xfc77</load_address>
         <run_address>0xfc77</run_address>
         <size>0x26e</size>
         <input_file_ref idref="fl-18"/>
      </object_component>
      <object_component id="oc-2e6">
         <name>.debug_info</name>
         <load_address>0xfee5</load_address>
         <run_address>0xfee5</run_address>
         <size>0x23f</size>
         <input_file_ref idref="fl-18"/>
      </object_component>
      <object_component id="oc-2d4">
         <name>.debug_info</name>
         <load_address>0x10124</load_address>
         <run_address>0x10124</run_address>
         <size>0x241</size>
         <input_file_ref idref="fl-18"/>
      </object_component>
      <object_component id="oc-2e0">
         <name>.debug_info</name>
         <load_address>0x10365</load_address>
         <run_address>0x10365</run_address>
         <size>0x239</size>
         <input_file_ref idref="fl-18"/>
      </object_component>
      <object_component id="oc-2cd">
         <name>.debug_info</name>
         <load_address>0x1059e</load_address>
         <run_address>0x1059e</run_address>
         <size>0x23b</size>
         <input_file_ref idref="fl-18"/>
      </object_component>
      <object_component id="oc-2ec">
         <name>.debug_info</name>
         <load_address>0x107d9</load_address>
         <run_address>0x107d9</run_address>
         <size>0x232</size>
         <input_file_ref idref="fl-18"/>
      </object_component>
      <object_component id="oc-2bc">
         <name>.debug_info</name>
         <load_address>0x10a0b</load_address>
         <run_address>0x10a0b</run_address>
         <size>0x27b</size>
         <input_file_ref idref="fl-18"/>
      </object_component>
      <object_component id="oc-184">
         <name>.debug_info</name>
         <load_address>0x10c86</load_address>
         <run_address>0x10c86</run_address>
         <size>0x397</size>
         <input_file_ref idref="fl-18"/>
      </object_component>
      <object_component id="oc-1a7">
         <name>.debug_info</name>
         <load_address>0x1101d</load_address>
         <run_address>0x1101d</run_address>
         <size>0x205</size>
         <input_file_ref idref="fl-19"/>
      </object_component>
      <object_component id="oc-db">
         <name>.debug_info</name>
         <load_address>0x11222</load_address>
         <run_address>0x11222</run_address>
         <size>0x27d</size>
         <input_file_ref idref="fl-19"/>
      </object_component>
      <object_component id="oc-b2">
         <name>.debug_info</name>
         <load_address>0x1149f</load_address>
         <run_address>0x1149f</run_address>
         <size>0x266</size>
         <input_file_ref idref="fl-19"/>
      </object_component>
      <object_component id="oc-b7">
         <name>.debug_info</name>
         <load_address>0x11705</load_address>
         <run_address>0x11705</run_address>
         <size>0x2ae</size>
         <input_file_ref idref="fl-19"/>
      </object_component>
      <object_component id="oc-e2">
         <name>.debug_info</name>
         <load_address>0x119b3</load_address>
         <run_address>0x119b3</run_address>
         <size>0x296</size>
         <input_file_ref idref="fl-19"/>
      </object_component>
      <object_component id="oc-ad">
         <name>.debug_info</name>
         <load_address>0x11c49</load_address>
         <run_address>0x11c49</run_address>
         <size>0x24f</size>
         <input_file_ref idref="fl-19"/>
      </object_component>
      <object_component id="oc-1d5">
         <name>.debug_info</name>
         <load_address>0x11e98</load_address>
         <run_address>0x11e98</run_address>
         <size>0x207</size>
         <input_file_ref idref="fl-1a"/>
      </object_component>
      <object_component id="oc-e8">
         <name>.debug_info</name>
         <load_address>0x1209f</load_address>
         <run_address>0x1209f</run_address>
         <size>0x2c9</size>
         <input_file_ref idref="fl-1a"/>
      </object_component>
      <object_component id="oc-1e6">
         <name>.debug_info</name>
         <load_address>0x12368</load_address>
         <run_address>0x12368</run_address>
         <size>0x1fe</size>
         <input_file_ref idref="fl-1b"/>
      </object_component>
      <object_component id="oc-1df">
         <name>.debug_info</name>
         <load_address>0x12566</load_address>
         <run_address>0x12566</run_address>
         <size>0x200</size>
         <input_file_ref idref="fl-1b"/>
      </object_component>
      <object_component id="oc-11c">
         <name>.debug_info</name>
         <load_address>0x12766</load_address>
         <run_address>0x12766</run_address>
         <size>0x20f</size>
         <input_file_ref idref="fl-1b"/>
      </object_component>
      <object_component id="oc-5b">
         <name>.debug_info</name>
         <load_address>0x12975</load_address>
         <run_address>0x12975</run_address>
         <size>0x21c</size>
         <input_file_ref idref="fl-1b"/>
      </object_component>
      <object_component id="oc-61">
         <name>.debug_info</name>
         <load_address>0x12b91</load_address>
         <run_address>0x12b91</run_address>
         <size>0x202</size>
         <input_file_ref idref="fl-1b"/>
      </object_component>
      <object_component id="oc-68">
         <name>.debug_info</name>
         <load_address>0x12d93</load_address>
         <run_address>0x12d93</run_address>
         <size>0x1e8</size>
         <input_file_ref idref="fl-1b"/>
      </object_component>
      <object_component id="oc-58">
         <name>.debug_info</name>
         <load_address>0x12f7b</load_address>
         <run_address>0x12f7b</run_address>
         <size>0x20c</size>
         <input_file_ref idref="fl-1b"/>
      </object_component>
      <object_component id="oc-ee">
         <name>.debug_info</name>
         <load_address>0x13187</load_address>
         <run_address>0x13187</run_address>
         <size>0x2b3</size>
         <input_file_ref idref="fl-1b"/>
      </object_component>
      <object_component id="oc-1ec">
         <name>.debug_info</name>
         <load_address>0x1343a</load_address>
         <run_address>0x1343a</run_address>
         <size>0x205</size>
         <input_file_ref idref="fl-1c"/>
      </object_component>
      <object_component id="oc-202">
         <name>.debug_info</name>
         <load_address>0x1363f</load_address>
         <run_address>0x1363f</run_address>
         <size>0x225</size>
         <input_file_ref idref="fl-1c"/>
      </object_component>
      <object_component id="oc-1fd">
         <name>.debug_info</name>
         <load_address>0x13864</load_address>
         <run_address>0x13864</run_address>
         <size>0x227</size>
         <input_file_ref idref="fl-1c"/>
      </object_component>
      <object_component id="oc-216">
         <name>.debug_info</name>
         <load_address>0x13a8b</load_address>
         <run_address>0x13a8b</run_address>
[...]
         <value>0x83963</value>
         <object_component_ref idref="oc-92"/>
      </symbol>
      <symbol id="sm-221">
         <name>HAL_vehicleRun</name>
         <value>0x83a1c</value>
         <object_component_ref idref="oc-92"/>
      </symbol>
      <symbol id="sm-222">
         <name>motorSetStatus</name>
         <value>0x83984</value>
         <object_component_ref idref="oc-92"/>
      </symbol>
      <symbol id="sm-231">
         <name>code_start</name>
         <value>0x80000</value>
         <object_component_ref idref="oc-31"/>
      </symbol>
      <symbol id="sm-262">
         <name>Device_enableAllPeripherals</name>
         <value>0x83b87</value>
         <object_component_ref idref="oc-a4"/>
      </symbol>
      <symbol id="sm-263">
         <name>Device_initGPIO</name>
         <value>0x83c72</value>
         <object_component_ref idref="oc-a4"/>
      </symbol>
      <symbol id="sm-264">
         <name>Example_Fail</name>
         <value>0xa97a</value>
         <object_component_ref idref="oc-19f"/>
      </symbol>
      <symbol id="sm-265">
         <name>Example_setResultFail</name>
         <value>0x83e90</value>
         <object_component_ref idref="oc-a4"/>
      </symbol>
      <symbol id="sm-266">
         <name>Device_bootCPU2</name>
         <value>0x83d0a</value>
         <object_component_ref idref="oc-a4"/>
      </symbol>
      <symbol id="sm-267">
         <name>Device_init</name>
         <value>0x83b34</value>
         <object_component_ref idref="oc-a4"/>
      </symbol>
      <symbol id="sm-268">
         <name>Example_Result</name>
         <value>0xa976</value>
         <object_component_ref idref="oc-19f"/>
      </symbol>
      <symbol id="sm-269">
         <name>Device_enableUnbondedGPIOPullups</name>
         <value>0x83cc3</value>
         <object_component_ref idref="oc-a4"/>
      </symbol>
      <symbol id="sm-26a">
         <name>__error__</name>
         <value>0x83e84</value>
         <object_component_ref idref="oc-a4"/>
      </symbol>
      <symbol id="sm-26b">
         <name>Example_setResultPass</name>
         <value>0x83e8b</value>
         <object_component_ref idref="oc-a4"/>
      </symbol>
      <symbol id="sm-26c">
         <name>Device_configureTMXAnalogTrim</name>
         <value>0x83cd9</value>
         <object_component_ref idref="oc-a4"/>
      </symbol>
      <symbol id="sm-26d">
         <name>Device_enableUnbondedGPIOPullupsFor176Pin</name>
         <value>0x83c93</value>
         <object_component_ref idref="oc-a4"/>
      </symbol>
      <symbol id="sm-26e">
         <name>Example_done</name>
         <value>0x83e95</value>
         <object_component_ref idref="oc-a4"/>
      </symbol>
      <symbol id="sm-26f">
         <name>Example_PassCount</name>
         <value>0xa978</value>
         <object_component_ref idref="oc-19f"/>
      </symbol>
      <symbol id="sm-270">
         <name>Device_enableUnbondedGPIOPullupsFor100Pin</name>
         <value>0x83ca6</value>
         <object_component_ref idref="oc-a4"/>
      </symbol>
      <symbol id="sm-2a5">
         <name>speedPIcontroller3</name>
         <value>0x82f10</value>
         <object_component_ref idref="oc-98"/>
      </symbol>
      <symbol id="sm-2a6">
         <name>speedPIcontroller2</name>
         <value>0x82e5c</value>
         <object_component_ref idref="oc-98"/>
      </symbol>
      <symbol id="sm-2a7">
         <name>continuousP_Icontroller</name>
         <value>0x82c89</value>
         <object_component_ref idref="oc-98"/>
      </symbol>
      <symbol id="sm-2a8">
         <name>setOutputLimt</name>
         <value>0x83058</value>
         <object_component_ref idref="oc-98"/>
      </symbol>
      <symbol id="sm-2a9">
         <name>discreteP_Icontroller</name>
         <value>0x82bd6</value>
         <object_component_ref idref="oc-98"/>
      </symbol>
      <symbol id="sm-2aa">
         <name>setTs</name>
         <value>0x82fff</value>
         <object_component_ref idref="oc-98"/>
      </symbol>
      <symbol id="sm-2ab">
         <name>setKp</name>
         <value>0x82fd2</value>
         <object_component_ref idref="oc-98"/>
      </symbol>
      <symbol id="sm-2ac">
         <name>setKi</name>
         <value>0x82fdc</value>
         <object_component_ref idref="oc-98"/>
      </symbol>
      <symbol id="sm-2ad">
         <name>setKd</name>
         <value>0x82ff2</value>
         <object_component_ref idref="oc-98"/>
      </symbol>
      <symbol id="sm-2ae">
         <name>updateP_Dcontroller</name>
         <value>0x82d40</value>
         <object_component_ref idref="oc-98"/>
      </symbol>
      <symbol id="sm-2af">
         <name>pidControllerInit</name>
         <value>0x82b18</value>
         <object_component_ref idref="oc-98"/>
      </symbol>
      <symbol id="sm-2b0">
         <name>speedPIcontroller</name>
         <value>0x82db7</value>
         <object_component_ref idref="oc-98"/>
      </symbol>
      <symbol id="sm-2ed">
         <name>setOffset</name>
         <value>0x83473</value>
         <object_component_ref idref="oc-8c"/>
      </symbol>
      <symbol id="sm-2ee">
         <name>IMUWrite</name>
         <value>0x831b8</value>
         <object_component_ref idref="oc-8c"/>
      </symbol>
      <symbol id="sm-2ef">
         <name>deviceReset</name>
         <value>0x83293</value>
         <object_component_ref idref="oc-8c"/>
      </symbol>
      <symbol id="sm-2f0">
         <name>IMURead</name>
         <value>0x83158</value>
         <object_component_ref idref="oc-8c"/>
      </symbol>
      <symbol id="sm-2f1">
         <name>MPU6050init</name>
         <value>0x83204</value>
         <object_component_ref idref="oc-8c"/>
      </symbol>
      <symbol id="sm-2f2">
         <name>MPU_dataProcessing</name>
         <value>0x832b5</value>
         <object_component_ref idref="oc-8c"/>
      </symbol>
      <symbol id="sm-2f3">
         <name>complemenaryEuler</name>
         <value>0x83497</value>
         <object_component_ref idref="oc-8c"/>
      </symbol>
      <symbol id="sm-2f4">
         <name>getGAdata_floating</name>
         <value>0x83390</value>
         <object_component_ref idref="oc-8c"/>
      </symbol>
      <symbol id="sm-2f5">
         <name>checkAttendence</name>
         <value>0x8326e</value>
         <object_component_ref idref="oc-8c"/>
      </symbol>
      <symbol id="sm-381">
         <name>CAN_sendMessage</name>
         <value>0x84ee1</value>
         <object_component_ref idref="oc-228"/>
      </symbol>
      <symbol id="sm-382">
         <name>CAN_setBitTiming</name>
         <value>0x85021</value>
         <object_component_ref idref="oc-c2"/>
      </symbol>
      <symbol id="sm-383">
         <name>CAN_clearInterruptStatus</name>
         <value>0x85236</value>
         <object_component_ref idref="oc-10c"/>
      </symbol>
      <symbol id="sm-384">
         <name>CAN_setupMessageObject</name>
         <value>0x849e1</value>
         <object_component_ref idref="oc-c8"/>
      </symbol>
      <symbol id="sm-385">
         <name>CAN_initModule</name>
         <value>0x85729</value>
         <object_component_ref idref="oc-bc"/>
      </symbol>
      <symbol id="sm-386">
         <name>CAN_readMessage</name>
         <value>0x84fbb</value>
         <object_component_ref idref="oc-106"/>
      </symbol>
      <symbol id="sm-3a0">
         <name>CPUTimer_setEmulationMode</name>
         <value>0x8593e</value>
         <object_component_ref idref="oc-ce"/>
      </symbol>
      <symbol id="sm-3c2">
         <name>EQEP_setInputPolarity</name>
         <value>0x85305</value>
         <object_component_ref idref="oc-d4"/>
      </symbol>
      <symbol id="sm-43c">
         <name>Flash_initModule</name>
         <value>0x8142</value>
         <object_component_ref idref="oc-180"/>
      </symbol>
      <symbol id="sm-47e">
         <name>GPIO_setQualificationMode</name>
         <value>0x854ad</value>
         <object_component_ref idref="oc-b6"/>
      </symbol>
      <symbol id="sm-47f">
         <name>GPIO_setPadConfig</name>
         <value>0x8514b</value>
         <object_component_ref idref="oc-b0"/>
      </symbol>
      <symbol id="sm-480">
         <name>GPIO_setDirectionMode</name>
         <value>0x8551b</value>
         <object_component_ref idref="oc-da"/>
      </symbol>
      <symbol id="sm-481">
         <name>GPIO_setPinConfig</name>
         <value>0x85476</value>
         <object_component_ref idref="oc-aa"/>
      </symbol>
      <symbol id="sm-482">
         <name>GPIO_setControllerCore</name>
         <value>0x8543f</value>
         <object_component_ref idref="oc-e0"/>
      </symbol>
      <symbol id="sm-4a4">
         <name>I2C_initController</name>
         <value>0x85085</value>
         <object_component_ref idref="oc-e6"/>
      </symbol>
      <symbol id="sm-4f3">
         <name>Interrupt_defaultHandler</name>
         <value>0x858d7</value>
         <object_component_ref idref="oc-54"/>
      </symbol>
      <symbol id="sm-4f4">
         <name>Interrupt_initModule</name>
         <value>0x853c7</value>
         <object_component_ref idref="oc-11a"/>
      </symbol>
      <symbol id="sm-4f5">
         <name>Interrupt_nmiHandler</name>
         <value>0x85a70</value>
         <object_component_ref idref="oc-66"/>
      </symbol>
      <symbol id="sm-4f6">
         <name>Interrupt_enable</name>
         <value>0x854e4</value>
         <object_component_ref idref="oc-ec"/>
      </symbol>
      <symbol id="sm-4f7">
         <name>Interrupt_initVectorTable</name>
         <value>0x856ee</value>
         <object_component_ref idref="oc-55"/>
      </symbol>
      <symbol id="sm-4f8">
         <name>Interrupt_illegalOperationHandler</name>
         <value>0x83ff6</value>
         <object_component_ref idref="oc-60"/>
      </symbol>
      <symbol id="sm-597">
         <name>SCI_readCharArray</name>
         <value>0x85404</value>
         <object_component_ref idref="oc-112"/>
      </symbol>
      <symbol id="sm-598">
         <name>SCI_clearInterruptStatus</name>
         <value>0x8527c</value>
         <object_component_ref idref="oc-f2"/>
      </symbol>
      <symbol id="sm-599">
         <name>SCI_writeCharArray</name>
         <value>0x85348</value>
         <object_component_ref idref="oc-14d"/>
      </symbol>
      <symbol id="sm-59a">
         <name>SCI_setConfig</name>
         <value>0x85389</value>
         <object_component_ref idref="oc-f8"/>
      </symbol>
      <symbol id="sm-59b">
         <name>SCI_enableInterrupt</name>
         <value>0x852c1</value>
         <object_component_ref idref="oc-fe"/>
      </symbol>
      <symbol id="sm-674">
         <name>SysCtl_delay</name>
         <value>0x8266</value>
         <object_component_ref idref="oc-120"/>
      </symbol>
      <symbol id="sm-675">
         <name>SysCtl_getDeviceParametric</name>
         <value>0x84f53</value>
         <object_component_ref idref="oc-186"/>
      </symbol>
      <symbol id="sm-676">
         <name>SysCtl_selectXTAL</name>
         <value>0x84cbb</value>
         <object_component_ref idref="oc-3b9"/>
      </symbol>
      <symbol id="sm-677">
         <name>SysCtl_selectOscSource</name>
         <value>0x851ee</value>
         <object_component_ref idref="oc-2f9"/>
      </symbol>
      <symbol id="sm-678">
         <name>SysCtl_getLowSpeedClock</name>
         <value>0x857ff</value>
         <object_component_ref idref="oc-199"/>
      </symbol>
      <symbol id="sm-679">
         <name>SysCtl_setClock</name>
         <value>0x84605</value>
         <object_component_ref idref="oc-18c"/>
      </symbol>
      <symbol id="sm-67a">
         <name>SysCtl_getClock</name>
         <value>0x8519d</value>
         <object_component_ref idref="oc-192"/>
      </symbol>
      <symbol id="sm-69a">
         <name>asinf</name>
         <value>0x8480e</value>
         <object_component_ref idref="oc-16e"/>
      </symbol>
      <symbol id="sm-6aa">
         <name>tanf</name>
         <value>0x850e9</value>
         <object_component_ref idref="oc-15a"/>
      </symbol>
      <symbol id="sm-6c1">
         <name>sqrtl</name>
         <value>0x84903</value>
         <object_component_ref idref="oc-285"/>
      </symbol>
      <symbol id="sm-6c2">
         <name>sqrt</name>
         <value>0x84903</value>
         <object_component_ref idref="oc-285"/>
      </symbol>
      <symbol id="sm-6cc">
         <name>_c_int00</name>
         <value>0x858c0</value>
         <object_component_ref idref="oc-144"/>
      </symbol>
      <symbol id="sm-6cd">
         <name>__stack</name>
         <value>0x400</value>
         <object_component_ref idref="oc-6c"/>
      </symbol>
      <symbol id="sm-6e4">
         <name>__c28xabi_addd</name>
         <value>0x84c1f</value>
         <object_component_ref idref="oc-290"/>
      </symbol>
      <symbol id="sm-6f0">
         <name>__c28xabi_cmpd</name>
         <value>0x855a5</value>
         <object_component_ref idref="oc-395"/>
      </symbol>
      <symbol id="sm-6fe">
         <name>__c28xabi_mpyd</name>
         <value>0x84e5e</value>
         <object_component_ref idref="oc-28b"/>
      </symbol>
      <symbol id="sm-706">
         <name>__c28xabi_subd</name>
         <value>0x859f8</value>
         <object_component_ref idref="oc-298"/>
      </symbol>
      <symbol id="sm-713">
         <name>__c28xabi_divf</name>
         <value>0x84dd6</value>
         <object_component_ref idref="oc-279"/>
      </symbol>
      <symbol id="sm-721">
         <name>__c28xabi_ftod</name>
         <value>0x85745</value>
         <object_component_ref idref="oc-280"/>
      </symbol>
      <symbol id="sm-72d">
         <name>__c28xabi_dtof</name>
         <value>0x8566a</value>
         <object_component_ref idref="oc-246"/>
      </symbol>
      <symbol id="sm-73f">
         <name>memcpy</name>
         <value>0x8570c</value>
         <object_component_ref idref="oc-6f"/>
      </symbol>
      <symbol id="sm-74c">
         <name>_system_pre_init</name>
         <value>0x85ab0</value>
         <object_component_ref idref="oc-258"/>
      </symbol>
      <symbol id="sm-75b">
         <name>__TI_auto_init_nobinit_nopinit</name>
         <value>0x8557a</value>
         <object_component_ref idref="oc-353"/>
      </symbol>
      <symbol id="sm-76a">
         <name>__TI_zero_init_nomemset</name>
         <value>0x85a20</value>
         <object_component_ref idref="oc-77"/>
      </symbol>
      <symbol id="sm-777">
         <name>__TI_decompress_none</name>
         <value>0x85a9d</value>
         <object_component_ref idref="oc-2a"/>
      </symbol>
      <symbol id="sm-78b">
         <name>__TI_decompress_lzss</name>
         <value>0x8554c</value>
         <object_component_ref idref="oc-24"/>
      </symbol>
      <symbol id="sm-7a1">
         <name>C$$EXIT</name>
         <value>0x855cf</value>
         <object_component_ref idref="oc-265"/>
      </symbol>
      <symbol id="sm-7a2">
         <name>abort</name>
         <value>0x855cf</value>
         <object_component_ref idref="oc-265"/>
      </symbol>
      <symbol id="sm-7a3">
         <name>exit</name>
         <value>0x855d1</value>
         <object_component_ref idref="oc-265"/>
      </symbol>
      <symbol id="sm-7a4">
         <name>__TI_dtors_ptr</name>
         <value>0xa992</value>
         <object_component_ref idref="oc-385"/>
      </symbol>
      <symbol id="sm-7a5">
         <name>__TI_cleanup_ptr</name>
         <value>0xa990</value>
         <object_component_ref idref="oc-385"/>
      </symbol>
      <symbol id="sm-7a6">
         <name>__TI_enable_exit_profile_output</name>
         <value>0xa98e</value>
         <object_component_ref idref="oc-385"/>
      </symbol>
      <symbol id="sm-7bd">
         <name>_nop</name>
         <value>0x85a8b</value>
         <object_component_ref idref="oc-407"/>
      </symbol>
      <symbol id="sm-7be">
         <name>_lock</name>
         <value>0xa97c</value>
         <object_component_ref idref="oc-388"/>
      </symbol>
      <symbol id="sm-7bf">
         <name>_unlock</name>
         <value>0xa97e</value>
         <object_component_ref idref="oc-46e"/>
      </symbol>
      <symbol id="sm-7c0">
         <name>_register_lock</name>
         <value>0x85a87</value>
         <object_component_ref idref="oc-407"/>
      </symbol>
      <symbol id="sm-7c1">
         <name>_register_unlock</name>
         <value>0x85a83</value>
         <object_component_ref idref="oc-407"/>
      </symbol>
      <symbol id="sm-7d0">
         <name>_args_main</name>
         <value>0x85a2d</value>
         <object_component_ref idref="oc-25f"/>
      </symbol>
      <symbol id="sm-7dd">
         <name>atof</name>
         <value>0x85aac</value>
         <object_component_ref idref="oc-240"/>
      </symbol>
      <symbol id="sm-7ea">
         <name>isalpha</name>
         <value>0x85a5a</value>
         <object_component_ref idref="oc-22e"/>
      </symbol>
      <symbol id="sm-7f7">
         <name>isdigit</name>
         <value>0x85a65</value>
         <object_component_ref idref="oc-23a"/>
      </symbol>
      <symbol id="sm-865">
         <name>strtold</name>
         <value>0x84382</value>
         <object_component_ref idref="oc-342"/>
      </symbol>
      <symbol id="sm-866">
         <name>strtod</name>
         <value>0x84382</value>
         <object_component_ref idref="oc-342"/>
      </symbol>
      <symbol id="sm-873">
         <name>toupper</name>
         <value>0x859db</value>
         <object_component_ref idref="oc-234"/>
      </symbol>
      <symbol id="sm-87e">
         <name>errno</name>
         <value>0xa994</value>
         <object_component_ref idref="oc-29d"/>
      </symbol>
      <symbol id="sm-8a0">
         <name>scalbn</name>
         <value>0x84b76</value>
         <object_component_ref idref="oc-3df"/>
      </symbol>
      <symbol id="sm-8a1">
         <name>scalbnl</name>
         <value>0x84b76</value>
         <object_component_ref idref="oc-3df"/>
      </symbol>
      <symbol id="sm-8a2">
         <name>ldexpl</name>
         <value>0x84b76</value>
         <object_component_ref idref="oc-3df"/>
      </symbol>
      <symbol id="sm-8a3">
         <name>ldexp</name>
         <value>0x84b76</value>
         <object_component_ref idref="oc-3df"/>
      </symbol>
      <symbol id="sm-8ac">
         <name>__c28xabi_negd</name>
         <value>0x85a8c</value>
         <object_component_ref idref="oc-3d2"/>
      </symbol>
      <symbol id="sm-8b4">
         <name>__c28xabi_orll</name>
         <value>0x8586b</value>
         <object_component_ref idref="oc-457"/>
      </symbol>
      <symbol id="sm-8b5">
         <name>__c28xabi_xorll</name>
         <value>0x85873</value>
         <object_component_ref idref="oc-457"/>
      </symbol>
      <symbol id="sm-8b6">
         <name>__c28xabi_andll</name>
         <value>0x85863</value>
         <object_component_ref idref="oc-457"/>
      </symbol>
      <symbol id="sm-8c9">
         <name>__c28xabi_divd</name>
         <value>0x84d4b</value>
         <object_component_ref idref="oc-3da"/>
      </symbol>
      <symbol id="sm-8d7">
         <name>_system_post_cinit</name>
         <value>0x85ab3</value>
         <object_component_ref idref="oc-3ed"/>
      </symbol>
      <symbol id="sm-8e2">
         <name>_ctypes_</name>
         <value>0x9019b</value>
         <object_component_ref idref="oc-339"/>
      </symbol>
      <symbol id="sm-8f0">
         <name>copysign</name>
         <value>0x85646</value>
         <object_component_ref idref="oc-45c"/>
      </symbol>
      <symbol id="sm-8f1">
         <name>copysignl</name>
         <value>0x85646</value>
         <object_component_ref idref="oc-45c"/>
      </symbol>
      <symbol id="sm-8f3">
         <name>__c_args__</name>
         <value>0x0</value>
      </symbol>
   </symbol_table>
   <title>Link successful</title>
</link_info>
